<!doctype html public "-//w3c//dtd html 4.0 transitional//en">
<html><head>
<title>Static Call Graph - [.\bin\hello_world_uart.axf]</title></head>
<body><HR>
<H1>Static Call Graph for image .\bin\hello_world_uart.axf</H1><HR>
<BR><P>#&#060CALLGRAPH&#062# ARM Linker, 6240002: Last Updated: Fri Apr  3 11:35:05 2026
<BR><P>
<H3>Maximum Stack Usage =        664 bytes + Unknown(Cycles, Untraceable Function Pointers)</H3><H3>
Call chain for Maximum Stack Depth:</H3>
__rt_entry_main &rArr; main &rArr; am_util_stdio_terminal_clear &rArr; am_util_stdio_printf &rArr; am_util_stdio_vsprintf &rArr; ftoa &rArr; uint64_to_str &rArr; divu64_10
<P>
<H3>
Mutually Recursive functions
</H3> <LI><a href="#[1]">NMI_Handler</a>&nbsp;&nbsp;&nbsp;&rArr;&nbsp;&nbsp;&nbsp;<a href="#[1]">NMI_Handler</a><BR>
 <LI><a href="#[3]">MemManage_Handler</a>&nbsp;&nbsp;&nbsp;&rArr;&nbsp;&nbsp;&nbsp;<a href="#[3]">MemManage_Handler</a><BR>
 <LI><a href="#[4]">BusFault_Handler</a>&nbsp;&nbsp;&nbsp;&rArr;&nbsp;&nbsp;&nbsp;<a href="#[4]">BusFault_Handler</a><BR>
 <LI><a href="#[5]">UsageFault_Handler</a>&nbsp;&nbsp;&nbsp;&rArr;&nbsp;&nbsp;&nbsp;<a href="#[5]">UsageFault_Handler</a><BR>
 <LI><a href="#[6]">SVC_Handler</a>&nbsp;&nbsp;&nbsp;&rArr;&nbsp;&nbsp;&nbsp;<a href="#[6]">SVC_Handler</a><BR>
 <LI><a href="#[7]">DebugMon_Handler</a>&nbsp;&nbsp;&nbsp;&rArr;&nbsp;&nbsp;&nbsp;<a href="#[7]">DebugMon_Handler</a><BR>
 <LI><a href="#[8]">PendSV_Handler</a>&nbsp;&nbsp;&nbsp;&rArr;&nbsp;&nbsp;&nbsp;<a href="#[8]">PendSV_Handler</a><BR>
 <LI><a href="#[9]">SysTick_Handler</a>&nbsp;&nbsp;&nbsp;&rArr;&nbsp;&nbsp;&nbsp;<a href="#[9]">SysTick_Handler</a><BR>
 <LI><a href="#[23]">am_default_isr</a>&nbsp;&nbsp;&nbsp;&rArr;&nbsp;&nbsp;&nbsp;<a href="#[23]">am_default_isr</a><BR>
 <LI><a href="#[56]">__scatterload_copy</a>&nbsp;&nbsp;&nbsp;&rArr;&nbsp;&nbsp;&nbsp;<a href="#[56]">__scatterload_copy</a><BR>
</UL>
<P>
<H3>
Function Pointers
</H3><UL>
 <LI><a href="#[4]">BusFault_Handler</a> from startup_keil6.o(RESET) referenced from startup_keil6.o(RESET)
 <LI><a href="#[7]">DebugMon_Handler</a> from startup_keil6.o(RESET) referenced from startup_keil6.o(RESET)
 <LI><a href="#[2]">HardFault_Handler</a> from am_util_faultisr.o(.text.HardFault_Handler) referenced from startup_keil6.o(RESET)
 <LI><a href="#[3]">MemManage_Handler</a> from startup_keil6.o(RESET) referenced from startup_keil6.o(RESET)
 <LI><a href="#[1]">NMI_Handler</a> from startup_keil6.o(RESET) referenced from startup_keil6.o(RESET)
 <LI><a href="#[8]">PendSV_Handler</a> from startup_keil6.o(RESET) referenced from startup_keil6.o(RESET)
 <LI><a href="#[0]">Reset_Handler</a> from startup_keil6.o(RESET) referenced from startup_keil6.o(RESET)
 <LI><a href="#[6]">SVC_Handler</a> from startup_keil6.o(RESET) referenced from startup_keil6.o(RESET)
 <LI><a href="#[9]">SysTick_Handler</a> from startup_keil6.o(RESET) referenced from startup_keil6.o(RESET)
 <LI><a href="#[5]">UsageFault_Handler</a> from startup_keil6.o(RESET) referenced from startup_keil6.o(RESET)
 <LI><a href="#[54]">__main</a> from __main.o(!!!main) referenced from startup_keil6.o(RESET)
 <LI><a href="#[1d]">am_adc_isr</a> from startup_keil6.o(RESET) referenced from startup_keil6.o(RESET)
 <LI><a href="#[32]">am_audadc0_isr</a> from startup_keil6.o(RESET) referenced from startup_keil6.o(RESET)
 <LI><a href="#[a]">am_brownout_isr</a> from startup_keil6.o(RESET) referenced from startup_keil6.o(RESET)
 <LI><a href="#[53]">am_cachecpu_isr</a> from startup_keil6.o(RESET) referenced from startup_keil6.o(RESET)
 <LI><a href="#[21]">am_clkgen_isr</a> from startup_keil6.o(RESET) referenced from startup_keil6.o(RESET)
 <LI><a href="#[22]">am_cryptosec_isr</a> from startup_keil6.o(RESET) referenced from startup_keil6.o(RESET)
 <LI><a href="#[18]">am_ctimer_isr</a> from startup_keil6.o(RESET) referenced from startup_keil6.o(RESET)
 <LI><a href="#[23]">am_default_isr</a> from startup_keil6.o(RESET) referenced 11 times from startup_keil6.o(RESET)
 <LI><a href="#[27]">am_disp_isr</a> from startup_keil6.o(RESET) referenced from startup_keil6.o(RESET)
 <LI><a href="#[28]">am_dsi_isr</a> from startup_keil6.o(RESET) referenced from startup_keil6.o(RESET)
 <LI><a href="#[33]">am_dspi2s0_isr</a> from startup_keil6.o(RESET) referenced from startup_keil6.o(RESET)
 <LI><a href="#[34]">am_dspi2s1_isr</a> from startup_keil6.o(RESET) referenced from startup_keil6.o(RESET)
 <LI><a href="#[35]">am_dspi2s2_isr</a> from startup_keil6.o(RESET) referenced from startup_keil6.o(RESET)
 <LI><a href="#[36]">am_dspi2s3_isr</a> from startup_keil6.o(RESET) referenced from startup_keil6.o(RESET)
 <LI><a href="#[3b]">am_gpio0_001f_isr</a> from startup_keil6.o(RESET) referenced from startup_keil6.o(RESET)
 <LI><a href="#[3c]">am_gpio0_203f_isr</a> from startup_keil6.o(RESET) referenced from startup_keil6.o(RESET)
 <LI><a href="#[3d]">am_gpio0_405f_isr</a> from startup_keil6.o(RESET) referenced from startup_keil6.o(RESET)
 <LI><a href="#[3e]">am_gpio0_607f_isr</a> from startup_keil6.o(RESET) referenced from startup_keil6.o(RESET)
 <LI><a href="#[3f]">am_gpio1_001f_isr</a> from startup_keil6.o(RESET) referenced from startup_keil6.o(RESET)
 <LI><a href="#[40]">am_gpio1_203f_isr</a> from startup_keil6.o(RESET) referenced from startup_keil6.o(RESET)
 <LI><a href="#[41]">am_gpio1_405f_isr</a> from startup_keil6.o(RESET) referenced from startup_keil6.o(RESET)
 <LI><a href="#[42]">am_gpio1_607f_isr</a> from startup_keil6.o(RESET) referenced from startup_keil6.o(RESET)
 <LI><a href="#[26]">am_gpu_isr</a> from startup_keil6.o(RESET) referenced from startup_keil6.o(RESET)
 <LI><a href="#[10]">am_iomaster0_isr</a> from startup_keil6.o(RESET) referenced from startup_keil6.o(RESET)
 <LI><a href="#[11]">am_iomaster1_isr</a> from startup_keil6.o(RESET) referenced from startup_keil6.o(RESET)
 <LI><a href="#[12]">am_iomaster2_isr</a> from startup_keil6.o(RESET) referenced from startup_keil6.o(RESET)
 <LI><a href="#[13]">am_iomaster3_isr</a> from startup_keil6.o(RESET) referenced from startup_keil6.o(RESET)
 <LI><a href="#[14]">am_iomaster4_isr</a> from startup_keil6.o(RESET) referenced from startup_keil6.o(RESET)
 <LI><a href="#[15]">am_iomaster5_isr</a> from startup_keil6.o(RESET) referenced from startup_keil6.o(RESET)
 <LI><a href="#[16]">am_iomaster6_isr</a> from startup_keil6.o(RESET) referenced from startup_keil6.o(RESET)
 <LI><a href="#[17]">am_iomaster7_isr</a> from startup_keil6.o(RESET) referenced from startup_keil6.o(RESET)
 <LI><a href="#[f]">am_ioslave_acc_isr</a> from startup_keil6.o(RESET) referenced from startup_keil6.o(RESET)
 <LI><a href="#[e]">am_ioslave_ios_isr</a> from startup_keil6.o(RESET) referenced from startup_keil6.o(RESET)
 <LI><a href="#[1e]">am_mspi0_isr</a> from startup_keil6.o(RESET) referenced from startup_keil6.o(RESET)
 <LI><a href="#[1f]">am_mspi1_isr</a> from startup_keil6.o(RESET) referenced from startup_keil6.o(RESET)
 <LI><a href="#[20]">am_mspi2_isr</a> from startup_keil6.o(RESET) referenced from startup_keil6.o(RESET)
 <LI><a href="#[37]">am_pdm0_isr</a> from startup_keil6.o(RESET) referenced from startup_keil6.o(RESET)
 <LI><a href="#[38]">am_pdm1_isr</a> from startup_keil6.o(RESET) referenced from startup_keil6.o(RESET)
 <LI><a href="#[39]">am_pdm2_isr</a> from startup_keil6.o(RESET) referenced from startup_keil6.o(RESET)
 <LI><a href="#[3a]">am_pdm3_isr</a> from startup_keil6.o(RESET) referenced from startup_keil6.o(RESET)
 <LI><a href="#[c]">am_rtc_isr</a> from startup_keil6.o(RESET) referenced from startup_keil6.o(RESET)
 <LI><a href="#[24]">am_sdio_isr</a> from startup_keil6.o(RESET) referenced from startup_keil6.o(RESET)
 <LI><a href="#[29]">am_stimer_cmpr0_isr</a> from startup_keil6.o(RESET) referenced from startup_keil6.o(RESET)
 <LI><a href="#[2a]">am_stimer_cmpr1_isr</a> from startup_keil6.o(RESET) referenced from startup_keil6.o(RESET)
 <LI><a href="#[2b]">am_stimer_cmpr2_isr</a> from startup_keil6.o(RESET) referenced from startup_keil6.o(RESET)
 <LI><a href="#[2c]">am_stimer_cmpr3_isr</a> from startup_keil6.o(RESET) referenced from startup_keil6.o(RESET)
 <LI><a href="#[2d]">am_stimer_cmpr4_isr</a> from startup_keil6.o(RESET) referenced from startup_keil6.o(RESET)
 <LI><a href="#[2e]">am_stimer_cmpr5_isr</a> from startup_keil6.o(RESET) referenced from startup_keil6.o(RESET)
 <LI><a href="#[2f]">am_stimer_cmpr6_isr</a> from startup_keil6.o(RESET) referenced from startup_keil6.o(RESET)
 <LI><a href="#[30]">am_stimer_cmpr7_isr</a> from startup_keil6.o(RESET) referenced from startup_keil6.o(RESET)
 <LI><a href="#[31]">am_stimerof_isr</a> from startup_keil6.o(RESET) referenced from startup_keil6.o(RESET)
 <LI><a href="#[43]">am_timer00_isr</a> from startup_keil6.o(RESET) referenced from startup_keil6.o(RESET)
 <LI><a href="#[44]">am_timer01_isr</a> from startup_keil6.o(RESET) referenced from startup_keil6.o(RESET)
 <LI><a href="#[45]">am_timer02_isr</a> from startup_keil6.o(RESET) referenced from startup_keil6.o(RESET)
 <LI><a href="#[46]">am_timer03_isr</a> from startup_keil6.o(RESET) referenced from startup_keil6.o(RESET)
 <LI><a href="#[47]">am_timer04_isr</a> from startup_keil6.o(RESET) referenced from startup_keil6.o(RESET)
 <LI><a href="#[48]">am_timer05_isr</a> from startup_keil6.o(RESET) referenced from startup_keil6.o(RESET)
 <LI><a href="#[49]">am_timer06_isr</a> from startup_keil6.o(RESET) referenced from startup_keil6.o(RESET)
 <LI><a href="#[4a]">am_timer07_isr</a> from startup_keil6.o(RESET) referenced from startup_keil6.o(RESET)
 <LI><a href="#[4b]">am_timer08_isr</a> from startup_keil6.o(RESET) referenced from startup_keil6.o(RESET)
 <LI><a href="#[4c]">am_timer09_isr</a> from startup_keil6.o(RESET) referenced from startup_keil6.o(RESET)
 <LI><a href="#[4d]">am_timer10_isr</a> from startup_keil6.o(RESET) referenced from startup_keil6.o(RESET)
 <LI><a href="#[4e]">am_timer11_isr</a> from startup_keil6.o(RESET) referenced from startup_keil6.o(RESET)
 <LI><a href="#[4f]">am_timer12_isr</a> from startup_keil6.o(RESET) referenced from startup_keil6.o(RESET)
 <LI><a href="#[50]">am_timer13_isr</a> from startup_keil6.o(RESET) referenced from startup_keil6.o(RESET)
 <LI><a href="#[51]">am_timer14_isr</a> from startup_keil6.o(RESET) referenced from startup_keil6.o(RESET)
 <LI><a href="#[52]">am_timer15_isr</a> from startup_keil6.o(RESET) referenced from startup_keil6.o(RESET)
 <LI><a href="#[1a]">am_uart1_isr</a> from startup_keil6.o(RESET) referenced from startup_keil6.o(RESET)
 <LI><a href="#[1b]">am_uart2_isr</a> from hello_world_uart.o(.text.am_uart2_isr) referenced from startup_keil6.o(RESET)
 <LI><a href="#[1c]">am_uart3_isr</a> from startup_keil6.o(RESET) referenced from startup_keil6.o(RESET)
 <LI><a href="#[19]">am_uart_isr</a> from startup_keil6.o(RESET) referenced from startup_keil6.o(RESET)
 <LI><a href="#[25]">am_usb_isr</a> from startup_keil6.o(RESET) referenced from startup_keil6.o(RESET)
 <LI><a href="#[d]">am_vcomp_isr</a> from startup_keil6.o(RESET) referenced from startup_keil6.o(RESET)
 <LI><a href="#[b]">am_watchdog_isr</a> from startup_keil6.o(RESET) referenced from startup_keil6.o(RESET)
 <LI><a href="#[55]">uart_print</a> from hello_world_uart.o(.text.uart_print) referenced 2 times from hello_world_uart.o(.text.main)
</UL>
<P>
<H3>
Global Symbols
</H3>
<P><STRONG><a name="[0]"></a>Reset_Handler</STRONG> (Thumb, 28 bytes, Stack size 0 bytes, startup_keil6.o(RESET))
<BR>[Address Reference Count : 1]<UL><LI> startup_keil6.o(RESET)
</UL>
<P><STRONG><a name="[1]"></a>NMI_Handler</STRONG> (Thumb, 2 bytes, Stack size 0 bytes, startup_keil6.o(RESET))
<BR><BR>[Calls]<UL><LI><a href="#[1]">&gt;&gt;</a>&nbsp;&nbsp;&nbsp;NMI_Handler
</UL>
<BR>[Called By]<UL><LI><a href="#[1]">&gt;&gt;</a>&nbsp;&nbsp;&nbsp;NMI_Handler
</UL>
<BR>[Address Reference Count : 1]<UL><LI> startup_keil6.o(RESET)
</UL>
<P><STRONG><a name="[3]"></a>MemManage_Handler</STRONG> (Thumb, 2 bytes, Stack size 0 bytes, startup_keil6.o(RESET))
<BR><BR>[Calls]<UL><LI><a href="#[3]">&gt;&gt;</a>&nbsp;&nbsp;&nbsp;MemManage_Handler
</UL>
<BR>[Called By]<UL><LI><a href="#[3]">&gt;&gt;</a>&nbsp;&nbsp;&nbsp;MemManage_Handler
</UL>
<BR>[Address Reference Count : 1]<UL><LI> startup_keil6.o(RESET)
</UL>
<P><STRONG><a name="[4]"></a>BusFault_Handler</STRONG> (Thumb, 2 bytes, Stack size 0 bytes, startup_keil6.o(RESET))
<BR><BR>[Calls]<UL><LI><a href="#[4]">&gt;&gt;</a>&nbsp;&nbsp;&nbsp;BusFault_Handler
</UL>
<BR>[Called By]<UL><LI><a href="#[4]">&gt;&gt;</a>&nbsp;&nbsp;&nbsp;BusFault_Handler
</UL>
<BR>[Address Reference Count : 1]<UL><LI> startup_keil6.o(RESET)
</UL>
<P><STRONG><a name="[5]"></a>UsageFault_Handler</STRONG> (Thumb, 2 bytes, Stack size 0 bytes, startup_keil6.o(RESET))
<BR><BR>[Calls]<UL><LI><a href="#[5]">&gt;&gt;</a>&nbsp;&nbsp;&nbsp;UsageFault_Handler
</UL>
<BR>[Called By]<UL><LI><a href="#[5]">&gt;&gt;</a>&nbsp;&nbsp;&nbsp;UsageFault_Handler
</UL>
<BR>[Address Reference Count : 1]<UL><LI> startup_keil6.o(RESET)
</UL>
<P><STRONG><a name="[6]"></a>SVC_Handler</STRONG> (Thumb, 2 bytes, Stack size 0 bytes, startup_keil6.o(RESET))
<BR><BR>[Calls]<UL><LI><a href="#[6]">&gt;&gt;</a>&nbsp;&nbsp;&nbsp;SVC_Handler
</UL>
<BR>[Called By]<UL><LI><a href="#[6]">&gt;&gt;</a>&nbsp;&nbsp;&nbsp;SVC_Handler
</UL>
<BR>[Address Reference Count : 1]<UL><LI> startup_keil6.o(RESET)
</UL>
<P><STRONG><a name="[7]"></a>DebugMon_Handler</STRONG> (Thumb, 2 bytes, Stack size 0 bytes, startup_keil6.o(RESET))
<BR><BR>[Calls]<UL><LI><a href="#[7]">&gt;&gt;</a>&nbsp;&nbsp;&nbsp;DebugMon_Handler
</UL>
<BR>[Called By]<UL><LI><a href="#[7]">&gt;&gt;</a>&nbsp;&nbsp;&nbsp;DebugMon_Handler
</UL>
<BR>[Address Reference Count : 1]<UL><LI> startup_keil6.o(RESET)
</UL>
<P><STRONG><a name="[8]"></a>PendSV_Handler</STRONG> (Thumb, 2 bytes, Stack size 0 bytes, startup_keil6.o(RESET))
<BR><BR>[Calls]<UL><LI><a href="#[8]">&gt;&gt;</a>&nbsp;&nbsp;&nbsp;PendSV_Handler
</UL>
<BR>[Called By]<UL><LI><a href="#[8]">&gt;&gt;</a>&nbsp;&nbsp;&nbsp;PendSV_Handler
</UL>
<BR>[Address Reference Count : 1]<UL><LI> startup_keil6.o(RESET)
</UL>
<P><STRONG><a name="[9]"></a>SysTick_Handler</STRONG> (Thumb, 2 bytes, Stack size 0 bytes, startup_keil6.o(RESET))
<BR><BR>[Calls]<UL><LI><a href="#[9]">&gt;&gt;</a>&nbsp;&nbsp;&nbsp;SysTick_Handler
</UL>
<BR>[Called By]<UL><LI><a href="#[9]">&gt;&gt;</a>&nbsp;&nbsp;&nbsp;SysTick_Handler
</UL>
<BR>[Address Reference Count : 1]<UL><LI> startup_keil6.o(RESET)
</UL>
<P><STRONG><a name="[1d]"></a>am_adc_isr</STRONG> (Thumb, 0 bytes, Stack size 0 bytes, startup_keil6.o(RESET))
<BR>[Address Reference Count : 1]<UL><LI> startup_keil6.o(RESET)
</UL>
<P><STRONG><a name="[32]"></a>am_audadc0_isr</STRONG> (Thumb, 0 bytes, Stack size 0 bytes, startup_keil6.o(RESET))
<BR>[Address Reference Count : 1]<UL><LI> startup_keil6.o(RESET)
</UL>
<P><STRONG><a name="[a]"></a>am_brownout_isr</STRONG> (Thumb, 0 bytes, Stack size 0 bytes, startup_keil6.o(RESET))
<BR>[Address Reference Count : 1]<UL><LI> startup_keil6.o(RESET)
</UL>
<P><STRONG><a name="[53]"></a>am_cachecpu_isr</STRONG> (Thumb, 0 bytes, Stack size 0 bytes, startup_keil6.o(RESET))
<BR>[Address Reference Count : 1]<UL><LI> startup_keil6.o(RESET)
</UL>
<P><STRONG><a name="[21]"></a>am_clkgen_isr</STRONG> (Thumb, 0 bytes, Stack size 0 bytes, startup_keil6.o(RESET))
<BR>[Address Reference Count : 1]<UL><LI> startup_keil6.o(RESET)
</UL>
<P><STRONG><a name="[18]"></a>am_ctimer_isr</STRONG> (Thumb, 0 bytes, Stack size 0 bytes, startup_keil6.o(RESET))
<BR>[Address Reference Count : 1]<UL><LI> startup_keil6.o(RESET)
</UL>
<P><STRONG><a name="[27]"></a>am_disp_isr</STRONG> (Thumb, 0 bytes, Stack size 0 bytes, startup_keil6.o(RESET))
<BR>[Address Reference Count : 1]<UL><LI> startup_keil6.o(RESET)
</UL>
<P><STRONG><a name="[28]"></a>am_dsi_isr</STRONG> (Thumb, 0 bytes, Stack size 0 bytes, startup_keil6.o(RESET))
<BR>[Address Reference Count : 1]<UL><LI> startup_keil6.o(RESET)
</UL>
<P><STRONG><a name="[33]"></a>am_dspi2s0_isr</STRONG> (Thumb, 0 bytes, Stack size 0 bytes, startup_keil6.o(RESET))
<BR>[Address Reference Count : 1]<UL><LI> startup_keil6.o(RESET)
</UL>
<P><STRONG><a name="[34]"></a>am_dspi2s1_isr</STRONG> (Thumb, 0 bytes, Stack size 0 bytes, startup_keil6.o(RESET))
<BR>[Address Reference Count : 1]<UL><LI> startup_keil6.o(RESET)
</UL>
<P><STRONG><a name="[35]"></a>am_dspi2s2_isr</STRONG> (Thumb, 0 bytes, Stack size 0 bytes, startup_keil6.o(RESET))
<BR>[Address Reference Count : 1]<UL><LI> startup_keil6.o(RESET)
</UL>
<P><STRONG><a name="[36]"></a>am_dspi2s3_isr</STRONG> (Thumb, 0 bytes, Stack size 0 bytes, startup_keil6.o(RESET))
<BR>[Address Reference Count : 1]<UL><LI> startup_keil6.o(RESET)
</UL>
<P><STRONG><a name="[3b]"></a>am_gpio0_001f_isr</STRONG> (Thumb, 0 bytes, Stack size 0 bytes, startup_keil6.o(RESET))
<BR>[Address Reference Count : 1]<UL><LI> startup_keil6.o(RESET)
</UL>
<P><STRONG><a name="[3c]"></a>am_gpio0_203f_isr</STRONG> (Thumb, 0 bytes, Stack size 0 bytes, startup_keil6.o(RESET))
<BR>[Address Reference Count : 1]<UL><LI> startup_keil6.o(RESET)
</UL>
<P><STRONG><a name="[3d]"></a>am_gpio0_405f_isr</STRONG> (Thumb, 0 bytes, Stack size 0 bytes, startup_keil6.o(RESET))
<BR>[Address Reference Count : 1]<UL><LI> startup_keil6.o(RESET)
</UL>
<P><STRONG><a name="[3e]"></a>am_gpio0_607f_isr</STRONG> (Thumb, 0 bytes, Stack size 0 bytes, startup_keil6.o(RESET))
<BR>[Address Reference Count : 1]<UL><LI> startup_keil6.o(RESET)
</UL>
<P><STRONG><a name="[3f]"></a>am_gpio1_001f_isr</STRONG> (Thumb, 0 bytes, Stack size 0 bytes, startup_keil6.o(RESET))
<BR>[Address Reference Count : 1]<UL><LI> startup_keil6.o(RESET)
</UL>
<P><STRONG><a name="[40]"></a>am_gpio1_203f_isr</STRONG> (Thumb, 0 bytes, Stack size 0 bytes, startup_keil6.o(RESET))
<BR>[Address Reference Count : 1]<UL><LI> startup_keil6.o(RESET)
</UL>
<P><STRONG><a name="[41]"></a>am_gpio1_405f_isr</STRONG> (Thumb, 0 bytes, Stack size 0 bytes, startup_keil6.o(RESET))
<BR>[Address Reference Count : 1]<UL><LI> startup_keil6.o(RESET)
</UL>
<P><STRONG><a name="[42]"></a>am_gpio1_607f_isr</STRONG> (Thumb, 0 bytes, Stack size 0 bytes, startup_keil6.o(RESET))
<BR>[Address Reference Count : 1]<UL><LI> startup_keil6.o(RESET)
</UL>
<P><STRONG><a name="[26]"></a>am_gpu_isr</STRONG> (Thumb, 0 bytes, Stack size 0 bytes, startup_keil6.o(RESET))
<BR>[Address Reference Count : 1]<UL><LI> startup_keil6.o(RESET)
</UL>
<P><STRONG><a name="[10]"></a>am_iomaster0_isr</STRONG> (Thumb, 0 bytes, Stack size 0 bytes, startup_keil6.o(RESET))
<BR>[Address Reference Count : 1]<UL><LI> startup_keil6.o(RESET)
</UL>
<P><STRONG><a name="[11]"></a>am_iomaster1_isr</STRONG> (Thumb, 0 bytes, Stack size 0 bytes, startup_keil6.o(RESET))
<BR>[Address Reference Count : 1]<UL><LI> startup_keil6.o(RESET)
</UL>
<P><STRONG><a name="[12]"></a>am_iomaster2_isr</STRONG> (Thumb, 0 bytes, Stack size 0 bytes, startup_keil6.o(RESET))
<BR>[Address Reference Count : 1]<UL><LI> startup_keil6.o(RESET)
</UL>
<P><STRONG><a name="[13]"></a>am_iomaster3_isr</STRONG> (Thumb, 0 bytes, Stack size 0 bytes, startup_keil6.o(RESET))
<BR>[Address Reference Count : 1]<UL><LI> startup_keil6.o(RESET)
</UL>
<P><STRONG><a name="[14]"></a>am_iomaster4_isr</STRONG> (Thumb, 0 bytes, Stack size 0 bytes, startup_keil6.o(RESET))
<BR>[Address Reference Count : 1]<UL><LI> startup_keil6.o(RESET)
</UL>
<P><STRONG><a name="[15]"></a>am_iomaster5_isr</STRONG> (Thumb, 0 bytes, Stack size 0 bytes, startup_keil6.o(RESET))
<BR>[Address Reference Count : 1]<UL><LI> startup_keil6.o(RESET)
</UL>
<P><STRONG><a name="[16]"></a>am_iomaster6_isr</STRONG> (Thumb, 0 bytes, Stack size 0 bytes, startup_keil6.o(RESET))
<BR>[Address Reference Count : 1]<UL><LI> startup_keil6.o(RESET)
</UL>
<P><STRONG><a name="[17]"></a>am_iomaster7_isr</STRONG> (Thumb, 0 bytes, Stack size 0 bytes, startup_keil6.o(RESET))
<BR>[Address Reference Count : 1]<UL><LI> startup_keil6.o(RESET)
</UL>
<P><STRONG><a name="[f]"></a>am_ioslave_acc_isr</STRONG> (Thumb, 0 bytes, Stack size 0 bytes, startup_keil6.o(RESET))
<BR>[Address Reference Count : 1]<UL><LI> startup_keil6.o(RESET)
</UL>
<P><STRONG><a name="[e]"></a>am_ioslave_ios_isr</STRONG> (Thumb, 0 bytes, Stack size 0 bytes, startup_keil6.o(RESET))
<BR>[Address Reference Count : 1]<UL><LI> startup_keil6.o(RESET)
</UL>
<P><STRONG><a name="[1e]"></a>am_mspi0_isr</STRONG> (Thumb, 0 bytes, Stack size 0 bytes, startup_keil6.o(RESET))
<BR>[Address Reference Count : 1]<UL><LI> startup_keil6.o(RESET)
</UL>
<P><STRONG><a name="[1f]"></a>am_mspi1_isr</STRONG> (Thumb, 0 bytes, Stack size 0 bytes, startup_keil6.o(RESET))
<BR>[Address Reference Count : 1]<UL><LI> startup_keil6.o(RESET)
</UL>
<P><STRONG><a name="[20]"></a>am_mspi2_isr</STRONG> (Thumb, 0 bytes, Stack size 0 bytes, startup_keil6.o(RESET))
<BR>[Address Reference Count : 1]<UL><LI> startup_keil6.o(RESET)
</UL>
<P><STRONG><a name="[37]"></a>am_pdm0_isr</STRONG> (Thumb, 0 bytes, Stack size 0 bytes, startup_keil6.o(RESET))
<BR>[Address Reference Count : 1]<UL><LI> startup_keil6.o(RESET)
</UL>
<P><STRONG><a name="[38]"></a>am_pdm1_isr</STRONG> (Thumb, 0 bytes, Stack size 0 bytes, startup_keil6.o(RESET))
<BR>[Address Reference Count : 1]<UL><LI> startup_keil6.o(RESET)
</UL>
<P><STRONG><a name="[39]"></a>am_pdm2_isr</STRONG> (Thumb, 0 bytes, Stack size 0 bytes, startup_keil6.o(RESET))
<BR>[Address Reference Count : 1]<UL><LI> startup_keil6.o(RESET)
</UL>
<P><STRONG><a name="[3a]"></a>am_pdm3_isr</STRONG> (Thumb, 0 bytes, Stack size 0 bytes, startup_keil6.o(RESET))
<BR>[Address Reference Count : 1]<UL><LI> startup_keil6.o(RESET)
</UL>
<P><STRONG><a name="[c]"></a>am_rtc_isr</STRONG> (Thumb, 0 bytes, Stack size 0 bytes, startup_keil6.o(RESET))
<BR>[Address Reference Count : 1]<UL><LI> startup_keil6.o(RESET)
</UL>
<P><STRONG><a name="[24]"></a>am_sdio_isr</STRONG> (Thumb, 0 bytes, Stack size 0 bytes, startup_keil6.o(RESET))
<BR>[Address Reference Count : 1]<UL><LI> startup_keil6.o(RESET)
</UL>
<P><STRONG><a name="[29]"></a>am_stimer_cmpr0_isr</STRONG> (Thumb, 0 bytes, Stack size 0 bytes, startup_keil6.o(RESET))
<BR>[Address Reference Count : 1]<UL><LI> startup_keil6.o(RESET)
</UL>
<P><STRONG><a name="[2a]"></a>am_stimer_cmpr1_isr</STRONG> (Thumb, 0 bytes, Stack size 0 bytes, startup_keil6.o(RESET))
<BR>[Address Reference Count : 1]<UL><LI> startup_keil6.o(RESET)
</UL>
<P><STRONG><a name="[2b]"></a>am_stimer_cmpr2_isr</STRONG> (Thumb, 0 bytes, Stack size 0 bytes, startup_keil6.o(RESET))
<BR>[Address Reference Count : 1]<UL><LI> startup_keil6.o(RESET)
</UL>
<P><STRONG><a name="[2c]"></a>am_stimer_cmpr3_isr</STRONG> (Thumb, 0 bytes, Stack size 0 bytes, startup_keil6.o(RESET))
<BR>[Address Reference Count : 1]<UL><LI> startup_keil6.o(RESET)
</UL>
<P><STRONG><a name="[2d]"></a>am_stimer_cmpr4_isr</STRONG> (Thumb, 0 bytes, Stack size 0 bytes, startup_keil6.o(RESET))
<BR>[Address Reference Count : 1]<UL><LI> startup_keil6.o(RESET)
</UL>
<P><STRONG><a name="[2e]"></a>am_stimer_cmpr5_isr</STRONG> (Thumb, 0 bytes, Stack size 0 bytes, startup_keil6.o(RESET))
<BR>[Address Reference Count : 1]<UL><LI> startup_keil6.o(RESET)
</UL>
<P><STRONG><a name="[2f]"></a>am_stimer_cmpr6_isr</STRONG> (Thumb, 0 bytes, Stack size 0 bytes, startup_keil6.o(RESET))
<BR>[Address Reference Count : 1]<UL><LI> startup_keil6.o(RESET)
</UL>
<P><STRONG><a name="[30]"></a>am_stimer_cmpr7_isr</STRONG> (Thumb, 0 bytes, Stack size 0 bytes, startup_keil6.o(RESET))
<BR>[Address Reference Count : 1]<UL><LI> startup_keil6.o(RESET)
</UL>
<P><STRONG><a name="[31]"></a>am_stimerof_isr</STRONG> (Thumb, 0 bytes, Stack size 0 bytes, startup_keil6.o(RESET))
<BR>[Address Reference Count : 1]<UL><LI> startup_keil6.o(RESET)
</UL>
<P><STRONG><a name="[43]"></a>am_timer00_isr</STRONG> (Thumb, 0 bytes, Stack size 0 bytes, startup_keil6.o(RESET))
<BR>[Address Reference Count : 1]<UL><LI> startup_keil6.o(RESET)
</UL>
<P><STRONG><a name="[44]"></a>am_timer01_isr</STRONG> (Thumb, 0 bytes, Stack size 0 bytes, startup_keil6.o(RESET))
<BR>[Address Reference Count : 1]<UL><LI> startup_keil6.o(RESET)
</UL>
<P><STRONG><a name="[45]"></a>am_timer02_isr</STRONG> (Thumb, 0 bytes, Stack size 0 bytes, startup_keil6.o(RESET))
<BR>[Address Reference Count : 1]<UL><LI> startup_keil6.o(RESET)
</UL>
<P><STRONG><a name="[46]"></a>am_timer03_isr</STRONG> (Thumb, 0 bytes, Stack size 0 bytes, startup_keil6.o(RESET))
<BR>[Address Reference Count : 1]<UL><LI> startup_keil6.o(RESET)
</UL>
<P><STRONG><a name="[47]"></a>am_timer04_isr</STRONG> (Thumb, 0 bytes, Stack size 0 bytes, startup_keil6.o(RESET))
<BR>[Address Reference Count : 1]<UL><LI> startup_keil6.o(RESET)
</UL>
<P><STRONG><a name="[48]"></a>am_timer05_isr</STRONG> (Thumb, 0 bytes, Stack size 0 bytes, startup_keil6.o(RESET))
<BR>[Address Reference Count : 1]<UL><LI> startup_keil6.o(RESET)
</UL>
<P><STRONG><a name="[49]"></a>am_timer06_isr</STRONG> (Thumb, 0 bytes, Stack size 0 bytes, startup_keil6.o(RESET))
<BR>[Address Reference Count : 1]<UL><LI> startup_keil6.o(RESET)
</UL>
<P><STRONG><a name="[4a]"></a>am_timer07_isr</STRONG> (Thumb, 0 bytes, Stack size 0 bytes, startup_keil6.o(RESET))
<BR>[Address Reference Count : 1]<UL><LI> startup_keil6.o(RESET)
</UL>
<P><STRONG><a name="[4b]"></a>am_timer08_isr</STRONG> (Thumb, 0 bytes, Stack size 0 bytes, startup_keil6.o(RESET))
<BR>[Address Reference Count : 1]<UL><LI> startup_keil6.o(RESET)
</UL>
<P><STRONG><a name="[4c]"></a>am_timer09_isr</STRONG> (Thumb, 0 bytes, Stack size 0 bytes, startup_keil6.o(RESET))
<BR>[Address Reference Count : 1]<UL><LI> startup_keil6.o(RESET)
</UL>
<P><STRONG><a name="[4d]"></a>am_timer10_isr</STRONG> (Thumb, 0 bytes, Stack size 0 bytes, startup_keil6.o(RESET))
<BR>[Address Reference Count : 1]<UL><LI> startup_keil6.o(RESET)
</UL>
<P><STRONG><a name="[4e]"></a>am_timer11_isr</STRONG> (Thumb, 0 bytes, Stack size 0 bytes, startup_keil6.o(RESET))
<BR>[Address Reference Count : 1]<UL><LI> startup_keil6.o(RESET)
</UL>
<P><STRONG><a name="[4f]"></a>am_timer12_isr</STRONG> (Thumb, 0 bytes, Stack size 0 bytes, startup_keil6.o(RESET))
<BR>[Address Reference Count : 1]<UL><LI> startup_keil6.o(RESET)
</UL>
<P><STRONG><a name="[50]"></a>am_timer13_isr</STRONG> (Thumb, 0 bytes, Stack size 0 bytes, startup_keil6.o(RESET))
<BR>[Address Reference Count : 1]<UL><LI> startup_keil6.o(RESET)
</UL>
<P><STRONG><a name="[51]"></a>am_timer14_isr</STRONG> (Thumb, 0 bytes, Stack size 0 bytes, startup_keil6.o(RESET))
<BR>[Address Reference Count : 1]<UL><LI> startup_keil6.o(RESET)
</UL>
<P><STRONG><a name="[52]"></a>am_timer15_isr</STRONG> (Thumb, 0 bytes, Stack size 0 bytes, startup_keil6.o(RESET))
<BR>[Address Reference Count : 1]<UL><LI> startup_keil6.o(RESET)
</UL>
<P><STRONG><a name="[1a]"></a>am_uart1_isr</STRONG> (Thumb, 0 bytes, Stack size 0 bytes, startup_keil6.o(RESET))
<BR>[Address Reference Count : 1]<UL><LI> startup_keil6.o(RESET)
</UL>
<P><STRONG><a name="[1c]"></a>am_uart3_isr</STRONG> (Thumb, 0 bytes, Stack size 0 bytes, startup_keil6.o(RESET))
<BR>[Address Reference Count : 1]<UL><LI> startup_keil6.o(RESET)
</UL>
<P><STRONG><a name="[19]"></a>am_uart_isr</STRONG> (Thumb, 0 bytes, Stack size 0 bytes, startup_keil6.o(RESET))
<BR>[Address Reference Count : 1]<UL><LI> startup_keil6.o(RESET)
</UL>
<P><STRONG><a name="[25]"></a>am_usb_isr</STRONG> (Thumb, 0 bytes, Stack size 0 bytes, startup_keil6.o(RESET))
<BR>[Address Reference Count : 1]<UL><LI> startup_keil6.o(RESET)
</UL>
<P><STRONG><a name="[d]"></a>am_vcomp_isr</STRONG> (Thumb, 0 bytes, Stack size 0 bytes, startup_keil6.o(RESET))
<BR>[Address Reference Count : 1]<UL><LI> startup_keil6.o(RESET)
</UL>
<P><STRONG><a name="[b]"></a>am_watchdog_isr</STRONG> (Thumb, 0 bytes, Stack size 0 bytes, startup_keil6.o(RESET))
<BR>[Address Reference Count : 1]<UL><LI> startup_keil6.o(RESET)
</UL>
<P><STRONG><a name="[54]"></a>__main</STRONG> (Thumb, 8 bytes, Stack size 0 bytes, __main.o(!!!main))
<BR><BR>[Calls]<UL><LI><a href="#[58]">&gt;&gt;</a>&nbsp;&nbsp;&nbsp;__rt_entry
<LI><a href="#[57]">&gt;&gt;</a>&nbsp;&nbsp;&nbsp;__scatterload
</UL>
<BR>[Address Reference Count : 1]<UL><LI> startup_keil6.o(RESET)
</UL>
<P><STRONG><a name="[57]"></a>__scatterload</STRONG> (Thumb, 0 bytes, Stack size unknown bytes, __scatter.o(!!!scatter))
<BR><BR>[Called By]<UL><LI><a href="#[54]">&gt;&gt;</a>&nbsp;&nbsp;&nbsp;__main
</UL>

<P><STRONG><a name="[59]"></a>__scatterload_rt2</STRONG> (Thumb, 84 bytes, Stack size unknown bytes, __scatter.o(!!!scatter), UNUSED)
<BR><BR>[Calls]<UL><LI><a href="#[58]">&gt;&gt;</a>&nbsp;&nbsp;&nbsp;__rt_entry
</UL>

<P><STRONG><a name="[b9]"></a>__scatterload_rt2_thumb_only</STRONG> (Thumb, 0 bytes, Stack size unknown bytes, __scatter.o(!!!scatter), UNUSED)

<P><STRONG><a name="[ba]"></a>__scatterload_loop</STRONG> (Thumb, 0 bytes, Stack size unknown bytes, __scatter.o(!!!scatter), UNUSED)

<P><STRONG><a name="[56]"></a>__scatterload_copy</STRONG> (Thumb, 26 bytes, Stack size 0 bytes, __scatter_copy.o(!!handler_copy), UNUSED, KEPT)
<BR><BR>[Calls]<UL><LI><a href="#[56]">&gt;&gt;</a>&nbsp;&nbsp;&nbsp;__scatterload_copy
</UL>
<BR>[Called By]<UL><LI><a href="#[56]">&gt;&gt;</a>&nbsp;&nbsp;&nbsp;__scatterload_copy
</UL>

<P><STRONG><a name="[bb]"></a>__scatterload_null</STRONG> (Thumb, 2 bytes, Stack size unknown bytes, __scatter.o(!!handler_null), UNUSED)

<P><STRONG><a name="[bc]"></a>__scatterload_zeroinit</STRONG> (Thumb, 28 bytes, Stack size unknown bytes, __scatter_zi.o(!!handler_zi), UNUSED)

<P><STRONG><a name="[5f]"></a>__rt_lib_init</STRONG> (Thumb, 0 bytes, Stack size unknown bytes, libinit.o(.ARM.Collect$$libinit$$00000000))
<BR><BR>[Called By]<UL><LI><a href="#[5e]">&gt;&gt;</a>&nbsp;&nbsp;&nbsp;__rt_entry_li
</UL>

<P><STRONG><a name="[5a]"></a>__rt_lib_init_fp_1</STRONG> (Thumb, 0 bytes, Stack size unknown bytes, libinit2.o(.ARM.Collect$$libinit$$00000001))
<BR><BR>[Calls]<UL><LI><a href="#[5b]">&gt;&gt;</a>&nbsp;&nbsp;&nbsp;_fp_init
</UL>

<P><STRONG><a name="[bd]"></a>__rt_lib_init_alloca_1</STRONG> (Thumb, 0 bytes, Stack size unknown bytes, libinit2.o(.ARM.Collect$$libinit$$00000030))

<P><STRONG><a name="[be]"></a>__rt_lib_init_argv_1</STRONG> (Thumb, 0 bytes, Stack size unknown bytes, libinit2.o(.ARM.Collect$$libinit$$0000002E))

<P><STRONG><a name="[bf]"></a>__rt_lib_init_atexit_1</STRONG> (Thumb, 0 bytes, Stack size unknown bytes, libinit2.o(.ARM.Collect$$libinit$$0000001D))

<P><STRONG><a name="[c0]"></a>__rt_lib_init_clock_1</STRONG> (Thumb, 0 bytes, Stack size unknown bytes, libinit2.o(.ARM.Collect$$libinit$$00000023))

<P><STRONG><a name="[c1]"></a>__rt_lib_init_cpp_1</STRONG> (Thumb, 0 bytes, Stack size unknown bytes, libinit2.o(.ARM.Collect$$libinit$$00000034))

<P><STRONG><a name="[c2]"></a>__rt_lib_init_exceptions_1</STRONG> (Thumb, 0 bytes, Stack size unknown bytes, libinit2.o(.ARM.Collect$$libinit$$00000032))

<P><STRONG><a name="[c3]"></a>__rt_lib_init_fp_trap_1</STRONG> (Thumb, 0 bytes, Stack size unknown bytes, libinit2.o(.ARM.Collect$$libinit$$00000021))

<P><STRONG><a name="[c4]"></a>__rt_lib_init_getenv_1</STRONG> (Thumb, 0 bytes, Stack size unknown bytes, libinit2.o(.ARM.Collect$$libinit$$00000025))

<P><STRONG><a name="[c5]"></a>__rt_lib_init_heap_1</STRONG> (Thumb, 0 bytes, Stack size unknown bytes, libinit2.o(.ARM.Collect$$libinit$$0000000C))

<P><STRONG><a name="[c6]"></a>__rt_lib_init_lc_collate_1</STRONG> (Thumb, 0 bytes, Stack size unknown bytes, libinit2.o(.ARM.Collect$$libinit$$00000013))

<P><STRONG><a name="[c7]"></a>__rt_lib_init_lc_ctype_1</STRONG> (Thumb, 0 bytes, Stack size unknown bytes, libinit2.o(.ARM.Collect$$libinit$$00000015))

<P><STRONG><a name="[c8]"></a>__rt_lib_init_lc_monetary_1</STRONG> (Thumb, 0 bytes, Stack size unknown bytes, libinit2.o(.ARM.Collect$$libinit$$00000017))

<P><STRONG><a name="[c9]"></a>__rt_lib_init_lc_numeric_1</STRONG> (Thumb, 0 bytes, Stack size unknown bytes, libinit2.o(.ARM.Collect$$libinit$$00000019))

<P><STRONG><a name="[ca]"></a>__rt_lib_init_lc_time_1</STRONG> (Thumb, 0 bytes, Stack size unknown bytes, libinit2.o(.ARM.Collect$$libinit$$0000001B))

<P><STRONG><a name="[cb]"></a>__rt_lib_init_preinit_1</STRONG> (Thumb, 0 bytes, Stack size unknown bytes, libinit2.o(.ARM.Collect$$libinit$$00000006))

<P><STRONG><a name="[cc]"></a>__rt_lib_init_rand_1</STRONG> (Thumb, 0 bytes, Stack size unknown bytes, libinit2.o(.ARM.Collect$$libinit$$00000010))

<P><STRONG><a name="[cd]"></a>__rt_lib_init_relocate_pie_1</STRONG> (Thumb, 0 bytes, Stack size unknown bytes, libinit2.o(.ARM.Collect$$libinit$$00000004))

<P><STRONG><a name="[ce]"></a>__rt_lib_init_return</STRONG> (Thumb, 0 bytes, Stack size unknown bytes, libinit2.o(.ARM.Collect$$libinit$$00000035))

<P><STRONG><a name="[cf]"></a>__rt_lib_init_signal_1</STRONG> (Thumb, 0 bytes, Stack size unknown bytes, libinit2.o(.ARM.Collect$$libinit$$0000001F))

<P><STRONG><a name="[d0]"></a>__rt_lib_init_stdio_1</STRONG> (Thumb, 0 bytes, Stack size unknown bytes, libinit2.o(.ARM.Collect$$libinit$$00000027))

<P><STRONG><a name="[d1]"></a>__rt_lib_init_user_alloc_1</STRONG> (Thumb, 0 bytes, Stack size unknown bytes, libinit2.o(.ARM.Collect$$libinit$$0000000E))

<P><STRONG><a name="[64]"></a>__rt_lib_shutdown</STRONG> (Thumb, 0 bytes, Stack size unknown bytes, libshutdown.o(.ARM.Collect$$libshutdown$$00000000))
<BR><BR>[Called By]<UL><LI><a href="#[63]">&gt;&gt;</a>&nbsp;&nbsp;&nbsp;__rt_exit_ls
</UL>

<P><STRONG><a name="[d2]"></a>__rt_lib_shutdown_cpp_1</STRONG> (Thumb, 0 bytes, Stack size unknown bytes, libshutdown2.o(.ARM.Collect$$libshutdown$$00000002))

<P><STRONG><a name="[d3]"></a>__rt_lib_shutdown_fp_trap_1</STRONG> (Thumb, 0 bytes, Stack size unknown bytes, libshutdown2.o(.ARM.Collect$$libshutdown$$00000007))

<P><STRONG><a name="[d4]"></a>__rt_lib_shutdown_heap_1</STRONG> (Thumb, 0 bytes, Stack size unknown bytes, libshutdown2.o(.ARM.Collect$$libshutdown$$0000000F))

<P><STRONG><a name="[d5]"></a>__rt_lib_shutdown_return</STRONG> (Thumb, 0 bytes, Stack size unknown bytes, libshutdown2.o(.ARM.Collect$$libshutdown$$00000010))

<P><STRONG><a name="[d6]"></a>__rt_lib_shutdown_signal_1</STRONG> (Thumb, 0 bytes, Stack size unknown bytes, libshutdown2.o(.ARM.Collect$$libshutdown$$0000000A))

<P><STRONG><a name="[d7]"></a>__rt_lib_shutdown_stdio_1</STRONG> (Thumb, 0 bytes, Stack size unknown bytes, libshutdown2.o(.ARM.Collect$$libshutdown$$00000004))

<P><STRONG><a name="[d8]"></a>__rt_lib_shutdown_user_alloc_1</STRONG> (Thumb, 0 bytes, Stack size unknown bytes, libshutdown2.o(.ARM.Collect$$libshutdown$$0000000C))

<P><STRONG><a name="[58]"></a>__rt_entry</STRONG> (Thumb, 0 bytes, Stack size unknown bytes, __rtentry.o(.ARM.Collect$$rtentry$$00000000))
<BR><BR>[Called By]<UL><LI><a href="#[54]">&gt;&gt;</a>&nbsp;&nbsp;&nbsp;__main
<LI><a href="#[59]">&gt;&gt;</a>&nbsp;&nbsp;&nbsp;__scatterload_rt2
</UL>

<P><STRONG><a name="[d9]"></a>__rt_entry_presh_1</STRONG> (Thumb, 0 bytes, Stack size unknown bytes, __rtentry2.o(.ARM.Collect$$rtentry$$00000002))

<P><STRONG><a name="[5c]"></a>__rt_entry_sh</STRONG> (Thumb, 0 bytes, Stack size unknown bytes, __rtentry4.o(.ARM.Collect$$rtentry$$00000004))
<BR><BR>[Stack]<UL><LI>Max Depth = 8 + Unknown Stack Size
<LI>Call Chain = __rt_entry_sh &rArr; __user_setup_stackheap
</UL>
<BR>[Calls]<UL><LI><a href="#[5d]">&gt;&gt;</a>&nbsp;&nbsp;&nbsp;__user_setup_stackheap
</UL>

<P><STRONG><a name="[5e]"></a>__rt_entry_li</STRONG> (Thumb, 0 bytes, Stack size unknown bytes, __rtentry2.o(.ARM.Collect$$rtentry$$0000000A))
<BR><BR>[Calls]<UL><LI><a href="#[5f]">&gt;&gt;</a>&nbsp;&nbsp;&nbsp;__rt_lib_init
</UL>

<P><STRONG><a name="[da]"></a>__rt_entry_postsh_1</STRONG> (Thumb, 0 bytes, Stack size unknown bytes, __rtentry2.o(.ARM.Collect$$rtentry$$00000009))

<P><STRONG><a name="[60]"></a>__rt_entry_main</STRONG> (Thumb, 0 bytes, Stack size unknown bytes, __rtentry2.o(.ARM.Collect$$rtentry$$0000000D))
<BR><BR>[Stack]<UL><LI>Max Depth = 664 + Unknown Stack Size
<LI>Call Chain = __rt_entry_main &rArr; main &rArr; am_util_stdio_terminal_clear &rArr; am_util_stdio_printf &rArr; am_util_stdio_vsprintf &rArr; ftoa &rArr; uint64_to_str &rArr; divu64_10
</UL>
<BR>[Calls]<UL><LI><a href="#[61]">&gt;&gt;</a>&nbsp;&nbsp;&nbsp;main
<LI><a href="#[62]">&gt;&gt;</a>&nbsp;&nbsp;&nbsp;exit
</UL>

<P><STRONG><a name="[db]"></a>__rt_entry_postli_1</STRONG> (Thumb, 0 bytes, Stack size unknown bytes, __rtentry2.o(.ARM.Collect$$rtentry$$0000000C))

<P><STRONG><a name="[69]"></a>__rt_exit</STRONG> (Thumb, 0 bytes, Stack size unknown bytes, rtexit.o(.ARM.Collect$$rtexit$$00000000))
<BR><BR>[Called By]<UL><LI><a href="#[62]">&gt;&gt;</a>&nbsp;&nbsp;&nbsp;exit
</UL>

<P><STRONG><a name="[63]"></a>__rt_exit_ls</STRONG> (Thumb, 0 bytes, Stack size unknown bytes, rtexit2.o(.ARM.Collect$$rtexit$$00000003))
<BR><BR>[Calls]<UL><LI><a href="#[64]">&gt;&gt;</a>&nbsp;&nbsp;&nbsp;__rt_lib_shutdown
</UL>

<P><STRONG><a name="[dc]"></a>__rt_exit_prels_1</STRONG> (Thumb, 0 bytes, Stack size unknown bytes, rtexit2.o(.ARM.Collect$$rtexit$$00000002))

<P><STRONG><a name="[65]"></a>__rt_exit_exit</STRONG> (Thumb, 0 bytes, Stack size unknown bytes, rtexit2.o(.ARM.Collect$$rtexit$$00000004))
<BR><BR>[Calls]<UL><LI><a href="#[66]">&gt;&gt;</a>&nbsp;&nbsp;&nbsp;_sys_exit
</UL>

<P><STRONG><a name="[68]"></a>__user_initial_stackheap</STRONG> (Thumb, 10 bytes, Stack size 0 bytes, startup_keil6.o(.text))
<BR><BR>[Called By]<UL><LI><a href="#[5d]">&gt;&gt;</a>&nbsp;&nbsp;&nbsp;__user_setup_stackheap
</UL>

<P><STRONG><a name="[dd]"></a>__use_two_region_memory</STRONG> (Thumb, 2 bytes, Stack size 0 bytes, heapauxi.o(.text), UNUSED)

<P><STRONG><a name="[de]"></a>__rt_heap_escrow$2region</STRONG> (Thumb, 2 bytes, Stack size 0 bytes, heapauxi.o(.text), UNUSED)

<P><STRONG><a name="[df]"></a>__rt_heap_expand$2region</STRONG> (Thumb, 2 bytes, Stack size 0 bytes, heapauxi.o(.text), UNUSED)

<P><STRONG><a name="[5d]"></a>__user_setup_stackheap</STRONG> (Thumb, 74 bytes, Stack size 8 bytes, sys_stackheap_outer.o(.text))
<BR><BR>[Stack]<UL><LI>Max Depth = 8<LI>Call Chain = __user_setup_stackheap
</UL>
<BR>[Calls]<UL><LI><a href="#[68]">&gt;&gt;</a>&nbsp;&nbsp;&nbsp;__user_initial_stackheap
<LI><a href="#[67]">&gt;&gt;</a>&nbsp;&nbsp;&nbsp;__user_perproc_libspace
</UL>
<BR>[Called By]<UL><LI><a href="#[5c]">&gt;&gt;</a>&nbsp;&nbsp;&nbsp;__rt_entry_sh
</UL>

<P><STRONG><a name="[62]"></a>exit</STRONG> (Thumb, 18 bytes, Stack size 8 bytes, exit.o(.text))
<BR><BR>[Stack]<UL><LI>Max Depth = 8 + Unknown Stack Size
<LI>Call Chain = exit
</UL>
<BR>[Calls]<UL><LI><a href="#[69]">&gt;&gt;</a>&nbsp;&nbsp;&nbsp;__rt_exit
</UL>
<BR>[Called By]<UL><LI><a href="#[60]">&gt;&gt;</a>&nbsp;&nbsp;&nbsp;__rt_entry_main
</UL>

<P><STRONG><a name="[e0]"></a>__user_libspace</STRONG> (Thumb, 8 bytes, Stack size 0 bytes, libspace.o(.text), UNUSED)

<P><STRONG><a name="[67]"></a>__user_perproc_libspace</STRONG> (Thumb, 0 bytes, Stack size 0 bytes, libspace.o(.text))
<BR><BR>[Called By]<UL><LI><a href="#[5d]">&gt;&gt;</a>&nbsp;&nbsp;&nbsp;__user_setup_stackheap
</UL>

<P><STRONG><a name="[e1]"></a>__user_perthread_libspace</STRONG> (Thumb, 0 bytes, Stack size 0 bytes, libspace.o(.text), UNUSED)

<P><STRONG><a name="[66]"></a>_sys_exit</STRONG> (Thumb, 8 bytes, Stack size 0 bytes, sys_exit.o(.text))
<BR><BR>[Called By]<UL><LI><a href="#[65]">&gt;&gt;</a>&nbsp;&nbsp;&nbsp;__rt_exit_exit
</UL>

<P><STRONG><a name="[e2]"></a>__I$use$semihosting</STRONG> (Thumb, 0 bytes, Stack size 0 bytes, use_no_semi.o(.text), UNUSED)

<P><STRONG><a name="[e3]"></a>__use_no_semihosting_swi</STRONG> (Thumb, 2 bytes, Stack size 0 bytes, use_no_semi.o(.text), UNUSED)

<P><STRONG><a name="[e4]"></a>__semihosting_library_function</STRONG> (Thumb, 0 bytes, Stack size unknown bytes, indicate_semi.o(.text), UNUSED)

<P><STRONG><a name="[2]"></a>HardFault_Handler</STRONG> (Thumb, 30 bytes, Stack size 0 bytes, am_util_faultisr.o(.text.HardFault_Handler))
<BR><BR>[Stack]<UL><LI>Max Depth = 104<LI>Call Chain = HardFault_Handler &rArr; am_util_faultisr_collect_data &rArr; am_valid_sp
</UL>
<BR>[Calls]<UL><LI><a href="#[6a]">&gt;&gt;</a>&nbsp;&nbsp;&nbsp;am_util_faultisr_collect_data
</UL>
<BR>[Address Reference Count : 1]<UL><LI> startup_keil6.o(RESET)
</UL>
<P><STRONG><a name="[6b]"></a>am_bsp_low_power_init</STRONG> (Thumb, 46 bytes, Stack size 8 bytes, am_bsp.o(.text.am_bsp_low_power_init))
<BR><BR>[Stack]<UL><LI>Max Depth = 96<LI>Call Chain = am_bsp_low_power_init &rArr; am_hal_pwrctrl_control &rArr; am_hal_pwrctrl_periph_disable &rArr; crypto_boost_trims
</UL>
<BR>[Calls]<UL><LI><a href="#[6e]">&gt;&gt;</a>&nbsp;&nbsp;&nbsp;am_hal_rtc_osc_disable
<LI><a href="#[6d]">&gt;&gt;</a>&nbsp;&nbsp;&nbsp;am_hal_pwrctrl_control
<LI><a href="#[6c]">&gt;&gt;</a>&nbsp;&nbsp;&nbsp;am_hal_pwrctrl_low_power_init
<LI><a href="#[70]">&gt;&gt;</a>&nbsp;&nbsp;&nbsp;am_hal_gpio_state_write
<LI><a href="#[6f]">&gt;&gt;</a>&nbsp;&nbsp;&nbsp;am_hal_gpio_pinconfig
</UL>
<BR>[Called By]<UL><LI><a href="#[61]">&gt;&gt;</a>&nbsp;&nbsp;&nbsp;main
</UL>

<P><STRONG><a name="[98]"></a>am_getStackedReg</STRONG> (Thumb, 18 bytes, Stack size 8 bytes, am_util_faultisr.o(.text.am_getStackedReg))
<BR><BR>[Stack]<UL><LI>Max Depth = 8<LI>Call Chain = am_getStackedReg
</UL>
<BR>[Called By]<UL><LI><a href="#[6a]">&gt;&gt;</a>&nbsp;&nbsp;&nbsp;am_util_faultisr_collect_data
</UL>

<P><STRONG><a name="[71]"></a>am_hal_cachectrl_config</STRONG> (Thumb, 68 bytes, Stack size 24 bytes, am_hal_cachectrl.o(.text.am_hal_cachectrl_config))
<BR><BR>[Stack]<UL><LI>Max Depth = 24<LI>Call Chain = am_hal_cachectrl_config
</UL>
<BR>[Calls]<UL><LI><a href="#[73]">&gt;&gt;</a>&nbsp;&nbsp;&nbsp;am_hal_interrupt_master_set
<LI><a href="#[72]">&gt;&gt;</a>&nbsp;&nbsp;&nbsp;am_hal_interrupt_master_disable
</UL>
<BR>[Called By]<UL><LI><a href="#[61]">&gt;&gt;</a>&nbsp;&nbsp;&nbsp;main
</UL>

<P><STRONG><a name="[ac]"></a>am_hal_cachectrl_enable</STRONG> (Thumb, 30 bytes, Stack size 0 bytes, am_hal_cachectrl.o(.text.am_hal_cachectrl_enable))
<BR><BR>[Called By]<UL><LI><a href="#[61]">&gt;&gt;</a>&nbsp;&nbsp;&nbsp;main
</UL>

<P><STRONG><a name="[74]"></a>am_hal_daxi_config</STRONG> (Thumb, 172 bytes, Stack size 24 bytes, am_hal_cachectrl.o(.text.am_hal_daxi_config))
<BR><BR>[Stack]<UL><LI>Max Depth = 24<LI>Call Chain = am_hal_daxi_config
</UL>
<BR>[Calls]<UL><LI><a href="#[73]">&gt;&gt;</a>&nbsp;&nbsp;&nbsp;am_hal_interrupt_master_set
<LI><a href="#[72]">&gt;&gt;</a>&nbsp;&nbsp;&nbsp;am_hal_interrupt_master_disable
</UL>
<BR>[Called By]<UL><LI><a href="#[6c]">&gt;&gt;</a>&nbsp;&nbsp;&nbsp;am_hal_pwrctrl_low_power_init
<LI><a href="#[75]">&gt;&gt;</a>&nbsp;&nbsp;&nbsp;am_hal_daxi_control
</UL>

<P><STRONG><a name="[75]"></a>am_hal_daxi_control</STRONG> (Thumb, 278 bytes, Stack size 32 bytes, am_hal_cachectrl.o(.text.am_hal_daxi_control))
<BR><BR>[Stack]<UL><LI>Max Depth = 56<LI>Call Chain = am_hal_daxi_control &rArr; am_hal_daxi_config
</UL>
<BR>[Calls]<UL><LI><a href="#[74]">&gt;&gt;</a>&nbsp;&nbsp;&nbsp;am_hal_daxi_config
<LI><a href="#[73]">&gt;&gt;</a>&nbsp;&nbsp;&nbsp;am_hal_interrupt_master_set
<LI><a href="#[72]">&gt;&gt;</a>&nbsp;&nbsp;&nbsp;am_hal_interrupt_master_disable
</UL>
<BR>[Called By]<UL><LI><a href="#[8a]">&gt;&gt;</a>&nbsp;&nbsp;&nbsp;am_hal_sysctrl_sleep
</UL>

<P><STRONG><a name="[76]"></a>am_hal_dcu_get</STRONG> (Thumb, 62 bytes, Stack size 8 bytes, am_hal_dcu.o(.text.am_hal_dcu_get))
<BR><BR>[Stack]<UL><LI>Max Depth = 8<LI>Call Chain = am_hal_dcu_get
</UL>
<BR>[Calls]<UL><LI><a href="#[77]">&gt;&gt;</a>&nbsp;&nbsp;&nbsp;get_ui32_dcu_mask
</UL>
<BR>[Called By]<UL><LI><a href="#[61]">&gt;&gt;</a>&nbsp;&nbsp;&nbsp;main
</UL>

<P><STRONG><a name="[78]"></a>am_hal_dcu_lock_status_get</STRONG> (Thumb, 62 bytes, Stack size 8 bytes, am_hal_dcu.o(.text.am_hal_dcu_lock_status_get))
<BR><BR>[Stack]<UL><LI>Max Depth = 8<LI>Call Chain = am_hal_dcu_lock_status_get
</UL>
<BR>[Calls]<UL><LI><a href="#[77]">&gt;&gt;</a>&nbsp;&nbsp;&nbsp;get_ui32_dcu_mask
</UL>
<BR>[Called By]<UL><LI><a href="#[61]">&gt;&gt;</a>&nbsp;&nbsp;&nbsp;main
</UL>

<P><STRONG><a name="[79]"></a>am_hal_dcu_update</STRONG> (Thumb, 162 bytes, Stack size 24 bytes, am_hal_dcu.o(.text.am_hal_dcu_update))
<BR><BR>[Stack]<UL><LI>Max Depth = 40<LI>Call Chain = am_hal_dcu_update &rArr; get_raw_dcu_mask
</UL>
<BR>[Calls]<UL><LI><a href="#[7a]">&gt;&gt;</a>&nbsp;&nbsp;&nbsp;get_raw_dcu_mask
</UL>
<BR>[Called By]<UL><LI><a href="#[61]">&gt;&gt;</a>&nbsp;&nbsp;&nbsp;main
</UL>

<P><STRONG><a name="[81]"></a>am_hal_delay_us</STRONG> (Thumb, 54 bytes, Stack size 0 bytes, am_hal_utils.o(.text.am_hal_delay_us))
<BR><BR>[Called By]<UL><LI><a href="#[84]">&gt;&gt;</a>&nbsp;&nbsp;&nbsp;crypto_boost_trims
<LI><a href="#[6c]">&gt;&gt;</a>&nbsp;&nbsp;&nbsp;am_hal_pwrctrl_low_power_init
<LI><a href="#[85]">&gt;&gt;</a>&nbsp;&nbsp;&nbsp;am_hal_pwrctrl_periph_enable
<LI><a href="#[83]">&gt;&gt;</a>&nbsp;&nbsp;&nbsp;am_hal_pwrctrl_mcu_mode_select
<LI><a href="#[94]">&gt;&gt;</a>&nbsp;&nbsp;&nbsp;am_hal_uart_tx_flush
<LI><a href="#[91]">&gt;&gt;</a>&nbsp;&nbsp;&nbsp;am_hal_uart_transfer
</UL>

<P><STRONG><a name="[7e]"></a>am_hal_delay_us_status_change</STRONG> (Thumb, 88 bytes, Stack size 32 bytes, am_hal_utils.o(.text.am_hal_delay_us_status_change))
<BR><BR>[Stack]<UL><LI>Max Depth = 32<LI>Call Chain = am_hal_delay_us_status_change
</UL>
<BR>[Called By]<UL><LI><a href="#[6d]">&gt;&gt;</a>&nbsp;&nbsp;&nbsp;am_hal_pwrctrl_control
<LI><a href="#[85]">&gt;&gt;</a>&nbsp;&nbsp;&nbsp;am_hal_pwrctrl_periph_enable
<LI><a href="#[7c]">&gt;&gt;</a>&nbsp;&nbsp;&nbsp;am_hal_pwrctrl_periph_disable
</UL>

<P><STRONG><a name="[82]"></a>am_hal_delay_us_status_check</STRONG> (Thumb, 152 bytes, Stack size 32 bytes, am_hal_utils.o(.text.am_hal_delay_us_status_check))
<BR><BR>[Stack]<UL><LI>Max Depth = 32<LI>Call Chain = am_hal_delay_us_status_check
</UL>
<BR>[Called By]<UL><LI><a href="#[80]">&gt;&gt;</a>&nbsp;&nbsp;&nbsp;am_hal_pwrctrl_sram_config
<LI><a href="#[7f]">&gt;&gt;</a>&nbsp;&nbsp;&nbsp;am_hal_pwrctrl_mcu_memory_config
<LI><a href="#[85]">&gt;&gt;</a>&nbsp;&nbsp;&nbsp;am_hal_pwrctrl_periph_enable
<LI><a href="#[7c]">&gt;&gt;</a>&nbsp;&nbsp;&nbsp;am_hal_pwrctrl_periph_disable
</UL>

<P><STRONG><a name="[99]"></a>am_hal_fault_status_get</STRONG> (Thumb, 58 bytes, Stack size 0 bytes, am_hal_fault.o(.text.am_hal_fault_status_get))
<BR><BR>[Called By]<UL><LI><a href="#[6a]">&gt;&gt;</a>&nbsp;&nbsp;&nbsp;am_util_faultisr_collect_data
</UL>

<P><STRONG><a name="[6f]"></a>am_hal_gpio_pinconfig</STRONG> (Thumb, 152 bytes, Stack size 32 bytes, am_hal_gpio.o(.text.am_hal_gpio_pinconfig))
<BR><BR>[Stack]<UL><LI>Max Depth = 32<LI>Call Chain = am_hal_gpio_pinconfig
</UL>
<BR>[Calls]<UL><LI><a href="#[73]">&gt;&gt;</a>&nbsp;&nbsp;&nbsp;am_hal_interrupt_master_set
<LI><a href="#[72]">&gt;&gt;</a>&nbsp;&nbsp;&nbsp;am_hal_interrupt_master_disable
</UL>
<BR>[Called By]<UL><LI><a href="#[6b]">&gt;&gt;</a>&nbsp;&nbsp;&nbsp;am_bsp_low_power_init
<LI><a href="#[61]">&gt;&gt;</a>&nbsp;&nbsp;&nbsp;main
</UL>

<P><STRONG><a name="[70]"></a>am_hal_gpio_state_write</STRONG> (Thumb, 266 bytes, Stack size 16 bytes, am_hal_gpio.o(.text.am_hal_gpio_state_write))
<BR><BR>[Stack]<UL><LI>Max Depth = 16<LI>Call Chain = am_hal_gpio_state_write
</UL>
<BR>[Calls]<UL><LI><a href="#[73]">&gt;&gt;</a>&nbsp;&nbsp;&nbsp;am_hal_interrupt_master_set
<LI><a href="#[72]">&gt;&gt;</a>&nbsp;&nbsp;&nbsp;am_hal_interrupt_master_disable
</UL>
<BR>[Called By]<UL><LI><a href="#[6b]">&gt;&gt;</a>&nbsp;&nbsp;&nbsp;am_bsp_low_power_init
</UL>

<P><STRONG><a name="[72]"></a>am_hal_interrupt_master_disable</STRONG> (Thumb, 8 bytes, Stack size 0 bytes, am_hal_interrupt.o(.text.am_hal_interrupt_master_disable))
<BR><BR>[Called By]<UL><LI><a href="#[84]">&gt;&gt;</a>&nbsp;&nbsp;&nbsp;crypto_boost_trims
<LI><a href="#[70]">&gt;&gt;</a>&nbsp;&nbsp;&nbsp;am_hal_gpio_state_write
<LI><a href="#[87]">&gt;&gt;</a>&nbsp;&nbsp;&nbsp;am_hal_queue_item_get
<LI><a href="#[86]">&gt;&gt;</a>&nbsp;&nbsp;&nbsp;am_hal_queue_item_add
<LI><a href="#[85]">&gt;&gt;</a>&nbsp;&nbsp;&nbsp;am_hal_pwrctrl_periph_enable
<LI><a href="#[7c]">&gt;&gt;</a>&nbsp;&nbsp;&nbsp;am_hal_pwrctrl_periph_disable
<LI><a href="#[8e]">&gt;&gt;</a>&nbsp;&nbsp;&nbsp;nonblocking_write_sm
<LI><a href="#[8f]">&gt;&gt;</a>&nbsp;&nbsp;&nbsp;nonblocking_read_sm
<LI><a href="#[93]">&gt;&gt;</a>&nbsp;&nbsp;&nbsp;nonblocking_read
<LI><a href="#[92]">&gt;&gt;</a>&nbsp;&nbsp;&nbsp;nonblocking_write
<LI><a href="#[75]">&gt;&gt;</a>&nbsp;&nbsp;&nbsp;am_hal_daxi_control
<LI><a href="#[74]">&gt;&gt;</a>&nbsp;&nbsp;&nbsp;am_hal_daxi_config
<LI><a href="#[8a]">&gt;&gt;</a>&nbsp;&nbsp;&nbsp;am_hal_sysctrl_sleep
<LI><a href="#[6f]">&gt;&gt;</a>&nbsp;&nbsp;&nbsp;am_hal_gpio_pinconfig
<LI><a href="#[71]">&gt;&gt;</a>&nbsp;&nbsp;&nbsp;am_hal_cachectrl_config
<LI><a href="#[8d]">&gt;&gt;</a>&nbsp;&nbsp;&nbsp;am_hal_uart_interrupt_service
</UL>

<P><STRONG><a name="[b2]"></a>am_hal_interrupt_master_enable</STRONG> (Thumb, 8 bytes, Stack size 0 bytes, am_hal_interrupt.o(.text.am_hal_interrupt_master_enable))
<BR><BR>[Called By]<UL><LI><a href="#[61]">&gt;&gt;</a>&nbsp;&nbsp;&nbsp;main
</UL>

<P><STRONG><a name="[73]"></a>am_hal_interrupt_master_set</STRONG> (Thumb, 6 bytes, Stack size 0 bytes, am_hal_interrupt.o(.text.am_hal_interrupt_master_set))
<BR><BR>[Called By]<UL><LI><a href="#[84]">&gt;&gt;</a>&nbsp;&nbsp;&nbsp;crypto_boost_trims
<LI><a href="#[70]">&gt;&gt;</a>&nbsp;&nbsp;&nbsp;am_hal_gpio_state_write
<LI><a href="#[87]">&gt;&gt;</a>&nbsp;&nbsp;&nbsp;am_hal_queue_item_get
<LI><a href="#[86]">&gt;&gt;</a>&nbsp;&nbsp;&nbsp;am_hal_queue_item_add
<LI><a href="#[85]">&gt;&gt;</a>&nbsp;&nbsp;&nbsp;am_hal_pwrctrl_periph_enable
<LI><a href="#[7c]">&gt;&gt;</a>&nbsp;&nbsp;&nbsp;am_hal_pwrctrl_periph_disable
<LI><a href="#[8e]">&gt;&gt;</a>&nbsp;&nbsp;&nbsp;nonblocking_write_sm
<LI><a href="#[8f]">&gt;&gt;</a>&nbsp;&nbsp;&nbsp;nonblocking_read_sm
<LI><a href="#[93]">&gt;&gt;</a>&nbsp;&nbsp;&nbsp;nonblocking_read
<LI><a href="#[92]">&gt;&gt;</a>&nbsp;&nbsp;&nbsp;nonblocking_write
<LI><a href="#[75]">&gt;&gt;</a>&nbsp;&nbsp;&nbsp;am_hal_daxi_control
<LI><a href="#[74]">&gt;&gt;</a>&nbsp;&nbsp;&nbsp;am_hal_daxi_config
<LI><a href="#[8a]">&gt;&gt;</a>&nbsp;&nbsp;&nbsp;am_hal_sysctrl_sleep
<LI><a href="#[6f]">&gt;&gt;</a>&nbsp;&nbsp;&nbsp;am_hal_gpio_pinconfig
<LI><a href="#[71]">&gt;&gt;</a>&nbsp;&nbsp;&nbsp;am_hal_cachectrl_config
<LI><a href="#[8d]">&gt;&gt;</a>&nbsp;&nbsp;&nbsp;am_hal_uart_interrupt_service
</UL>

<P><STRONG><a name="[9b]"></a>am_hal_mcuctrl_info_get</STRONG> (Thumb, 328 bytes, Stack size 8 bytes, am_hal_mcuctrl.o(.text.am_hal_mcuctrl_info_get))
<BR><BR>[Stack]<UL><LI>Max Depth = 8<LI>Call Chain = am_hal_mcuctrl_info_get
</UL>
<BR>[Called By]<UL><LI><a href="#[9a]">&gt;&gt;</a>&nbsp;&nbsp;&nbsp;am_util_id_device
</UL>

<P><STRONG><a name="[7b]"></a>am_hal_mram_info_read</STRONG> (Thumb, 176 bytes, Stack size 8 bytes, am_hal_mram.o(.text.am_hal_mram_info_read))
<BR><BR>[Stack]<UL><LI>Max Depth = 8<LI>Call Chain = am_hal_mram_info_read
</UL>
<BR>[Called By]<UL><LI><a href="#[7d]">&gt;&gt;</a>&nbsp;&nbsp;&nbsp;buck_ldo_override_init
<LI><a href="#[6d]">&gt;&gt;</a>&nbsp;&nbsp;&nbsp;am_hal_pwrctrl_control
<LI><a href="#[6c]">&gt;&gt;</a>&nbsp;&nbsp;&nbsp;am_hal_pwrctrl_low_power_init
<LI><a href="#[89]">&gt;&gt;</a>&nbsp;&nbsp;&nbsp;am_hal_security_get_socid
<LI><a href="#[88]">&gt;&gt;</a>&nbsp;&nbsp;&nbsp;am_hal_security_get_info
<LI><a href="#[61]">&gt;&gt;</a>&nbsp;&nbsp;&nbsp;main
</UL>

<P><STRONG><a name="[6d]"></a>am_hal_pwrctrl_control</STRONG> (Thumb, 426 bytes, Stack size 16 bytes, am_hal_pwrctrl.o(.text.am_hal_pwrctrl_control))
<BR><BR>[Stack]<UL><LI>Max Depth = 88<LI>Call Chain = am_hal_pwrctrl_control &rArr; am_hal_pwrctrl_periph_disable &rArr; crypto_boost_trims
</UL>
<BR>[Calls]<UL><LI><a href="#[7d]">&gt;&gt;</a>&nbsp;&nbsp;&nbsp;buck_ldo_override_init
<LI><a href="#[7c]">&gt;&gt;</a>&nbsp;&nbsp;&nbsp;am_hal_pwrctrl_periph_disable
<LI><a href="#[7e]">&gt;&gt;</a>&nbsp;&nbsp;&nbsp;am_hal_delay_us_status_change
<LI><a href="#[7b]">&gt;&gt;</a>&nbsp;&nbsp;&nbsp;am_hal_mram_info_read
</UL>
<BR>[Called By]<UL><LI><a href="#[6b]">&gt;&gt;</a>&nbsp;&nbsp;&nbsp;am_bsp_low_power_init
</UL>

<P><STRONG><a name="[6c]"></a>am_hal_pwrctrl_low_power_init</STRONG> (Thumb, 274 bytes, Stack size 24 bytes, am_hal_pwrctrl.o(.text.am_hal_pwrctrl_low_power_init))
<BR><BR>[Stack]<UL><LI>Max Depth = 80<LI>Call Chain = am_hal_pwrctrl_low_power_init &rArr; am_hal_pwrctrl_sram_config &rArr; am_hal_delay_us_status_check
</UL>
<BR>[Calls]<UL><LI><a href="#[80]">&gt;&gt;</a>&nbsp;&nbsp;&nbsp;am_hal_pwrctrl_sram_config
<LI><a href="#[7f]">&gt;&gt;</a>&nbsp;&nbsp;&nbsp;am_hal_pwrctrl_mcu_memory_config
<LI><a href="#[74]">&gt;&gt;</a>&nbsp;&nbsp;&nbsp;am_hal_daxi_config
<LI><a href="#[81]">&gt;&gt;</a>&nbsp;&nbsp;&nbsp;am_hal_delay_us
<LI><a href="#[7b]">&gt;&gt;</a>&nbsp;&nbsp;&nbsp;am_hal_mram_info_read
</UL>
<BR>[Called By]<UL><LI><a href="#[6b]">&gt;&gt;</a>&nbsp;&nbsp;&nbsp;am_bsp_low_power_init
</UL>

<P><STRONG><a name="[7f]"></a>am_hal_pwrctrl_mcu_memory_config</STRONG> (Thumb, 270 bytes, Stack size 24 bytes, am_hal_pwrctrl.o(.text.am_hal_pwrctrl_mcu_memory_config))
<BR><BR>[Stack]<UL><LI>Max Depth = 56<LI>Call Chain = am_hal_pwrctrl_mcu_memory_config &rArr; am_hal_delay_us_status_check
</UL>
<BR>[Calls]<UL><LI><a href="#[82]">&gt;&gt;</a>&nbsp;&nbsp;&nbsp;am_hal_delay_us_status_check
</UL>
<BR>[Called By]<UL><LI><a href="#[6c]">&gt;&gt;</a>&nbsp;&nbsp;&nbsp;am_hal_pwrctrl_low_power_init
</UL>

<P><STRONG><a name="[83]"></a>am_hal_pwrctrl_mcu_mode_select</STRONG> (Thumb, 158 bytes, Stack size 16 bytes, am_hal_pwrctrl.o(.text.am_hal_pwrctrl_mcu_mode_select))
<BR><BR>[Stack]<UL><LI>Max Depth = 16<LI>Call Chain = am_hal_pwrctrl_mcu_mode_select
</UL>
<BR>[Calls]<UL><LI><a href="#[81]">&gt;&gt;</a>&nbsp;&nbsp;&nbsp;am_hal_delay_us
</UL>
<BR>[Called By]<UL><LI><a href="#[8a]">&gt;&gt;</a>&nbsp;&nbsp;&nbsp;am_hal_sysctrl_sleep
</UL>

<P><STRONG><a name="[8b]"></a>am_hal_pwrctrl_mcu_mode_status</STRONG> (Thumb, 24 bytes, Stack size 0 bytes, am_hal_pwrctrl.o(.text.am_hal_pwrctrl_mcu_mode_status))
<BR><BR>[Called By]<UL><LI><a href="#[8a]">&gt;&gt;</a>&nbsp;&nbsp;&nbsp;am_hal_sysctrl_sleep
</UL>

<P><STRONG><a name="[7c]"></a>am_hal_pwrctrl_periph_disable</STRONG> (Thumb, 308 bytes, Stack size 40 bytes, am_hal_pwrctrl.o(.text.am_hal_pwrctrl_periph_disable))
<BR><BR>[Stack]<UL><LI>Max Depth = 72<LI>Call Chain = am_hal_pwrctrl_periph_disable &rArr; crypto_boost_trims
</UL>
<BR>[Calls]<UL><LI><a href="#[84]">&gt;&gt;</a>&nbsp;&nbsp;&nbsp;crypto_boost_trims
<LI><a href="#[82]">&gt;&gt;</a>&nbsp;&nbsp;&nbsp;am_hal_delay_us_status_check
<LI><a href="#[7e]">&gt;&gt;</a>&nbsp;&nbsp;&nbsp;am_hal_delay_us_status_change
<LI><a href="#[73]">&gt;&gt;</a>&nbsp;&nbsp;&nbsp;am_hal_interrupt_master_set
<LI><a href="#[72]">&gt;&gt;</a>&nbsp;&nbsp;&nbsp;am_hal_interrupt_master_disable
</UL>
<BR>[Called By]<UL><LI><a href="#[6d]">&gt;&gt;</a>&nbsp;&nbsp;&nbsp;am_hal_pwrctrl_control
<LI><a href="#[90]">&gt;&gt;</a>&nbsp;&nbsp;&nbsp;am_hal_uart_power_control
</UL>

<P><STRONG><a name="[85]"></a>am_hal_pwrctrl_periph_enable</STRONG> (Thumb, 424 bytes, Stack size 56 bytes, am_hal_pwrctrl.o(.text.am_hal_pwrctrl_periph_enable))
<BR><BR>[Stack]<UL><LI>Max Depth = 88<LI>Call Chain = am_hal_pwrctrl_periph_enable &rArr; am_hal_delay_us_status_check
</UL>
<BR>[Calls]<UL><LI><a href="#[82]">&gt;&gt;</a>&nbsp;&nbsp;&nbsp;am_hal_delay_us_status_check
<LI><a href="#[7e]">&gt;&gt;</a>&nbsp;&nbsp;&nbsp;am_hal_delay_us_status_change
<LI><a href="#[73]">&gt;&gt;</a>&nbsp;&nbsp;&nbsp;am_hal_interrupt_master_set
<LI><a href="#[72]">&gt;&gt;</a>&nbsp;&nbsp;&nbsp;am_hal_interrupt_master_disable
<LI><a href="#[81]">&gt;&gt;</a>&nbsp;&nbsp;&nbsp;am_hal_delay_us
</UL>
<BR>[Called By]<UL><LI><a href="#[90]">&gt;&gt;</a>&nbsp;&nbsp;&nbsp;am_hal_uart_power_control
</UL>

<P><STRONG><a name="[80]"></a>am_hal_pwrctrl_sram_config</STRONG> (Thumb, 198 bytes, Stack size 24 bytes, am_hal_pwrctrl.o(.text.am_hal_pwrctrl_sram_config))
<BR><BR>[Stack]<UL><LI>Max Depth = 56<LI>Call Chain = am_hal_pwrctrl_sram_config &rArr; am_hal_delay_us_status_check
</UL>
<BR>[Calls]<UL><LI><a href="#[82]">&gt;&gt;</a>&nbsp;&nbsp;&nbsp;am_hal_delay_us_status_check
</UL>
<BR>[Called By]<UL><LI><a href="#[6c]">&gt;&gt;</a>&nbsp;&nbsp;&nbsp;am_hal_pwrctrl_low_power_init
</UL>

<P><STRONG><a name="[86]"></a>am_hal_queue_item_add</STRONG> (Thumb, 458 bytes, Stack size 32 bytes, am_hal_queue.o(.text.am_hal_queue_item_add))
<BR><BR>[Stack]<UL><LI>Max Depth = 32<LI>Call Chain = am_hal_queue_item_add
</UL>
<BR>[Calls]<UL><LI><a href="#[73]">&gt;&gt;</a>&nbsp;&nbsp;&nbsp;am_hal_interrupt_master_set
<LI><a href="#[72]">&gt;&gt;</a>&nbsp;&nbsp;&nbsp;am_hal_interrupt_master_disable
</UL>
<BR>[Called By]<UL><LI><a href="#[8e]">&gt;&gt;</a>&nbsp;&nbsp;&nbsp;nonblocking_write_sm
<LI><a href="#[8f]">&gt;&gt;</a>&nbsp;&nbsp;&nbsp;nonblocking_read_sm
<LI><a href="#[8d]">&gt;&gt;</a>&nbsp;&nbsp;&nbsp;am_hal_uart_interrupt_service
</UL>

<P><STRONG><a name="[87]"></a>am_hal_queue_item_get</STRONG> (Thumb, 476 bytes, Stack size 32 bytes, am_hal_queue.o(.text.am_hal_queue_item_get))
<BR><BR>[Stack]<UL><LI>Max Depth = 32<LI>Call Chain = am_hal_queue_item_get
</UL>
<BR>[Calls]<UL><LI><a href="#[73]">&gt;&gt;</a>&nbsp;&nbsp;&nbsp;am_hal_interrupt_master_set
<LI><a href="#[72]">&gt;&gt;</a>&nbsp;&nbsp;&nbsp;am_hal_interrupt_master_disable
</UL>
<BR>[Called By]<UL><LI><a href="#[8e]">&gt;&gt;</a>&nbsp;&nbsp;&nbsp;nonblocking_write_sm
<LI><a href="#[8f]">&gt;&gt;</a>&nbsp;&nbsp;&nbsp;nonblocking_read_sm
</UL>

<P><STRONG><a name="[b4]"></a>am_hal_reset_status_get</STRONG> (Thumb, 120 bytes, Stack size 0 bytes, am_hal_reset.o(.text.am_hal_reset_status_get))
<BR><BR>[Called By]<UL><LI><a href="#[61]">&gt;&gt;</a>&nbsp;&nbsp;&nbsp;main
</UL>

<P><STRONG><a name="[6e]"></a>am_hal_rtc_osc_disable</STRONG> (Thumb, 20 bytes, Stack size 0 bytes, am_hal_rtc.o(.text.am_hal_rtc_osc_disable))
<BR><BR>[Called By]<UL><LI><a href="#[6b]">&gt;&gt;</a>&nbsp;&nbsp;&nbsp;am_bsp_low_power_init
</UL>

<P><STRONG><a name="[88]"></a>am_hal_security_get_info</STRONG> (Thumb, 184 bytes, Stack size 16 bytes, am_hal_security.o(.text.am_hal_security_get_info))
<BR><BR>[Stack]<UL><LI>Max Depth = 24<LI>Call Chain = am_hal_security_get_info &rArr; am_hal_mram_info_read
</UL>
<BR>[Calls]<UL><LI><a href="#[7b]">&gt;&gt;</a>&nbsp;&nbsp;&nbsp;am_hal_mram_info_read
</UL>
<BR>[Called By]<UL><LI><a href="#[61]">&gt;&gt;</a>&nbsp;&nbsp;&nbsp;main
</UL>

<P><STRONG><a name="[89]"></a>am_hal_security_get_socid</STRONG> (Thumb, 14 bytes, Stack size 0 bytes, am_hal_security.o(.text.am_hal_security_get_socid))
<BR><BR>[Stack]<UL><LI>Max Depth = 8<LI>Call Chain = am_hal_security_get_socid &rArr; am_hal_mram_info_read
</UL>
<BR>[Calls]<UL><LI><a href="#[7b]">&gt;&gt;</a>&nbsp;&nbsp;&nbsp;am_hal_mram_info_read
</UL>
<BR>[Called By]<UL><LI><a href="#[61]">&gt;&gt;</a>&nbsp;&nbsp;&nbsp;main
</UL>

<P><STRONG><a name="[8a]"></a>am_hal_sysctrl_sleep</STRONG> (Thumb, 338 bytes, Stack size 40 bytes, am_hal_sysctrl.o(.text.am_hal_sysctrl_sleep))
<BR><BR>[Stack]<UL><LI>Max Depth = 96<LI>Call Chain = am_hal_sysctrl_sleep &rArr; am_hal_daxi_control &rArr; am_hal_daxi_config
</UL>
<BR>[Calls]<UL><LI><a href="#[8c]">&gt;&gt;</a>&nbsp;&nbsp;&nbsp;buck_ldo_update_override
<LI><a href="#[83]">&gt;&gt;</a>&nbsp;&nbsp;&nbsp;am_hal_pwrctrl_mcu_mode_select
<LI><a href="#[8b]">&gt;&gt;</a>&nbsp;&nbsp;&nbsp;am_hal_pwrctrl_mcu_mode_status
<LI><a href="#[75]">&gt;&gt;</a>&nbsp;&nbsp;&nbsp;am_hal_daxi_control
<LI><a href="#[73]">&gt;&gt;</a>&nbsp;&nbsp;&nbsp;am_hal_interrupt_master_set
<LI><a href="#[72]">&gt;&gt;</a>&nbsp;&nbsp;&nbsp;am_hal_interrupt_master_disable
</UL>
<BR>[Called By]<UL><LI><a href="#[61]">&gt;&gt;</a>&nbsp;&nbsp;&nbsp;main
</UL>

<P><STRONG><a name="[af]"></a>am_hal_uart_configure</STRONG> (Thumb, 376 bytes, Stack size 8 bytes, am_hal_uart.o(.text.am_hal_uart_configure))
<BR><BR>[Stack]<UL><LI>Max Depth = 8<LI>Call Chain = am_hal_uart_configure
</UL>
<BR>[Called By]<UL><LI><a href="#[61]">&gt;&gt;</a>&nbsp;&nbsp;&nbsp;main
</UL>

<P><STRONG><a name="[ad]"></a>am_hal_uart_initialize</STRONG> (Thumb, 112 bytes, Stack size 16 bytes, am_hal_uart.o(.text.am_hal_uart_initialize))
<BR><BR>[Stack]<UL><LI>Max Depth = 16<LI>Call Chain = am_hal_uart_initialize
</UL>
<BR>[Called By]<UL><LI><a href="#[61]">&gt;&gt;</a>&nbsp;&nbsp;&nbsp;main
</UL>

<P><STRONG><a name="[96]"></a>am_hal_uart_interrupt_clear</STRONG> (Thumb, 40 bytes, Stack size 0 bytes, am_hal_uart.o(.text.am_hal_uart_interrupt_clear))
<BR><BR>[Called By]<UL><LI><a href="#[1b]">&gt;&gt;</a>&nbsp;&nbsp;&nbsp;am_uart2_isr
</UL>

<P><STRONG><a name="[8d]"></a>am_hal_uart_interrupt_service</STRONG> (Thumb, 210 bytes, Stack size 56 bytes, am_hal_uart.o(.text.am_hal_uart_interrupt_service))
<BR><BR>[Stack]<UL><LI>Max Depth = 144<LI>Call Chain = am_hal_uart_interrupt_service &rArr; nonblocking_read_sm &rArr; am_hal_queue_item_get
</UL>
<BR>[Calls]<UL><LI><a href="#[86]">&gt;&gt;</a>&nbsp;&nbsp;&nbsp;am_hal_queue_item_add
<LI><a href="#[8e]">&gt;&gt;</a>&nbsp;&nbsp;&nbsp;nonblocking_write_sm
<LI><a href="#[8f]">&gt;&gt;</a>&nbsp;&nbsp;&nbsp;nonblocking_read_sm
<LI><a href="#[73]">&gt;&gt;</a>&nbsp;&nbsp;&nbsp;am_hal_interrupt_master_set
<LI><a href="#[72]">&gt;&gt;</a>&nbsp;&nbsp;&nbsp;am_hal_interrupt_master_disable
</UL>
<BR>[Called By]<UL><LI><a href="#[1b]">&gt;&gt;</a>&nbsp;&nbsp;&nbsp;am_uart2_isr
</UL>

<P><STRONG><a name="[95]"></a>am_hal_uart_interrupt_status_get</STRONG> (Thumb, 52 bytes, Stack size 0 bytes, am_hal_uart.o(.text.am_hal_uart_interrupt_status_get))
<BR><BR>[Called By]<UL><LI><a href="#[1b]">&gt;&gt;</a>&nbsp;&nbsp;&nbsp;am_uart2_isr
</UL>

<P><STRONG><a name="[90]"></a>am_hal_uart_power_control</STRONG> (Thumb, 192 bytes, Stack size 16 bytes, am_hal_uart.o(.text.am_hal_uart_power_control))
<BR><BR>[Stack]<UL><LI>Max Depth = 104<LI>Call Chain = am_hal_uart_power_control &rArr; am_hal_pwrctrl_periph_enable &rArr; am_hal_delay_us_status_check
</UL>
<BR>[Calls]<UL><LI><a href="#[85]">&gt;&gt;</a>&nbsp;&nbsp;&nbsp;am_hal_pwrctrl_periph_enable
<LI><a href="#[7c]">&gt;&gt;</a>&nbsp;&nbsp;&nbsp;am_hal_pwrctrl_periph_disable
</UL>
<BR>[Called By]<UL><LI><a href="#[61]">&gt;&gt;</a>&nbsp;&nbsp;&nbsp;main
</UL>

<P><STRONG><a name="[91]"></a>am_hal_uart_transfer</STRONG> (Thumb, 192 bytes, Stack size 16 bytes, am_hal_uart.o(.text.am_hal_uart_transfer))
<BR><BR>[Stack]<UL><LI>Max Depth = 128<LI>Call Chain = am_hal_uart_transfer &rArr; nonblocking_read &rArr; nonblocking_read_sm &rArr; am_hal_queue_item_get
</UL>
<BR>[Calls]<UL><LI><a href="#[8e]">&gt;&gt;</a>&nbsp;&nbsp;&nbsp;nonblocking_write_sm
<LI><a href="#[8f]">&gt;&gt;</a>&nbsp;&nbsp;&nbsp;nonblocking_read_sm
<LI><a href="#[93]">&gt;&gt;</a>&nbsp;&nbsp;&nbsp;nonblocking_read
<LI><a href="#[92]">&gt;&gt;</a>&nbsp;&nbsp;&nbsp;nonblocking_write
<LI><a href="#[81]">&gt;&gt;</a>&nbsp;&nbsp;&nbsp;am_hal_delay_us
</UL>
<BR>[Called By]<UL><LI><a href="#[55]">&gt;&gt;</a>&nbsp;&nbsp;&nbsp;uart_print
</UL>

<P><STRONG><a name="[94]"></a>am_hal_uart_tx_flush</STRONG> (Thumb, 180 bytes, Stack size 24 bytes, am_hal_uart.o(.text.am_hal_uart_tx_flush))
<BR><BR>[Stack]<UL><LI>Max Depth = 24<LI>Call Chain = am_hal_uart_tx_flush
</UL>
<BR>[Calls]<UL><LI><a href="#[81]">&gt;&gt;</a>&nbsp;&nbsp;&nbsp;am_hal_delay_us
</UL>
<BR>[Called By]<UL><LI><a href="#[61]">&gt;&gt;</a>&nbsp;&nbsp;&nbsp;main
</UL>

<P><STRONG><a name="[1b]"></a>am_uart2_isr</STRONG> (Thumb, 48 bytes, Stack size 16 bytes, hello_world_uart.o(.text.am_uart2_isr))
<BR><BR>[Stack]<UL><LI>Max Depth = 160<LI>Call Chain = am_uart2_isr &rArr; am_hal_uart_interrupt_service &rArr; nonblocking_read_sm &rArr; am_hal_queue_item_get
</UL>
<BR>[Calls]<UL><LI><a href="#[8d]">&gt;&gt;</a>&nbsp;&nbsp;&nbsp;am_hal_uart_interrupt_service
<LI><a href="#[96]">&gt;&gt;</a>&nbsp;&nbsp;&nbsp;am_hal_uart_interrupt_clear
<LI><a href="#[95]">&gt;&gt;</a>&nbsp;&nbsp;&nbsp;am_hal_uart_interrupt_status_get
</UL>
<BR>[Address Reference Count : 1]<UL><LI> startup_keil6.o(RESET)
</UL>
<P><STRONG><a name="[6a]"></a>am_util_faultisr_collect_data</STRONG> (Thumb, 214 bytes, Stack size 96 bytes, am_util_faultisr.o(.text.am_util_faultisr_collect_data))
<BR><BR>[Stack]<UL><LI>Max Depth = 104<LI>Call Chain = am_util_faultisr_collect_data &rArr; am_valid_sp
</UL>
<BR>[Calls]<UL><LI><a href="#[99]">&gt;&gt;</a>&nbsp;&nbsp;&nbsp;am_hal_fault_status_get
<LI><a href="#[97]">&gt;&gt;</a>&nbsp;&nbsp;&nbsp;am_valid_sp
<LI><a href="#[98]">&gt;&gt;</a>&nbsp;&nbsp;&nbsp;am_getStackedReg
</UL>
<BR>[Called By]<UL><LI><a href="#[2]">&gt;&gt;</a>&nbsp;&nbsp;&nbsp;HardFault_Handler
</UL>

<P><STRONG><a name="[9a]"></a>am_util_id_device</STRONG> (Thumb, 222 bytes, Stack size 24 bytes, am_util_id.o(.text.am_util_id_device))
<BR><BR>[Stack]<UL><LI>Max Depth = 40<LI>Call Chain = am_util_id_device &rArr; chiprev_set
</UL>
<BR>[Calls]<UL><LI><a href="#[9b]">&gt;&gt;</a>&nbsp;&nbsp;&nbsp;am_hal_mcuctrl_info_get
<LI><a href="#[9d]">&gt;&gt;</a>&nbsp;&nbsp;&nbsp;chiprev_set
<LI><a href="#[9c]">&gt;&gt;</a>&nbsp;&nbsp;&nbsp;revmaj_get
</UL>
<BR>[Called By]<UL><LI><a href="#[61]">&gt;&gt;</a>&nbsp;&nbsp;&nbsp;main
</UL>

<P><STRONG><a name="[9e]"></a>am_util_stdio_printf</STRONG> (Thumb, 92 bytes, Stack size 40 bytes, am_util_stdio.o(.text.am_util_stdio_printf))
<BR><BR>[Stack]<UL><LI>Max Depth = 360<LI>Call Chain = am_util_stdio_printf &rArr; am_util_stdio_vsprintf &rArr; ftoa &rArr; uint64_to_str &rArr; divu64_10
</UL>
<BR>[Calls]<UL><LI><a href="#[9f]">&gt;&gt;</a>&nbsp;&nbsp;&nbsp;am_util_stdio_vsprintf
</UL>
<BR>[Called By]<UL><LI><a href="#[a1]">&gt;&gt;</a>&nbsp;&nbsp;&nbsp;am_util_stdio_terminal_clear
<LI><a href="#[61]">&gt;&gt;</a>&nbsp;&nbsp;&nbsp;main
</UL>

<P><STRONG><a name="[b3]"></a>am_util_stdio_printf_init</STRONG> (Thumb, 20 bytes, Stack size 4 bytes, am_util_stdio.o(.text.am_util_stdio_printf_init))
<BR><BR>[Stack]<UL><LI>Max Depth = 4<LI>Call Chain = am_util_stdio_printf_init
</UL>
<BR>[Called By]<UL><LI><a href="#[61]">&gt;&gt;</a>&nbsp;&nbsp;&nbsp;main
</UL>

<P><STRONG><a name="[a0]"></a>am_util_stdio_sprintf</STRONG> (Thumb, 42 bytes, Stack size 32 bytes, am_util_stdio.o(.text.am_util_stdio_sprintf))
<BR><BR>[Stack]<UL><LI>Max Depth = 352<LI>Call Chain = am_util_stdio_sprintf &rArr; am_util_stdio_vsprintf &rArr; ftoa &rArr; uint64_to_str &rArr; divu64_10
</UL>
<BR>[Calls]<UL><LI><a href="#[9f]">&gt;&gt;</a>&nbsp;&nbsp;&nbsp;am_util_stdio_vsprintf
</UL>
<BR>[Called By]<UL><LI><a href="#[61]">&gt;&gt;</a>&nbsp;&nbsp;&nbsp;main
</UL>

<P><STRONG><a name="[a1]"></a>am_util_stdio_terminal_clear</STRONG> (Thumb, 16 bytes, Stack size 8 bytes, am_util_stdio.o(.text.am_util_stdio_terminal_clear))
<BR><BR>[Stack]<UL><LI>Max Depth = 368<LI>Call Chain = am_util_stdio_terminal_clear &rArr; am_util_stdio_printf &rArr; am_util_stdio_vsprintf &rArr; ftoa &rArr; uint64_to_str &rArr; divu64_10
</UL>
<BR>[Calls]<UL><LI><a href="#[9e]">&gt;&gt;</a>&nbsp;&nbsp;&nbsp;am_util_stdio_printf
</UL>
<BR>[Called By]<UL><LI><a href="#[61]">&gt;&gt;</a>&nbsp;&nbsp;&nbsp;main
</UL>

<P><STRONG><a name="[9f]"></a>am_util_stdio_vsprintf</STRONG> (Thumb, 1620 bytes, Stack size 128 bytes, am_util_stdio.o(.text.am_util_stdio_vsprintf))
<BR><BR>[Stack]<UL><LI>Max Depth = 320<LI>Call Chain = am_util_stdio_vsprintf &rArr; ftoa &rArr; uint64_to_str &rArr; divu64_10
</UL>
<BR>[Calls]<UL><LI><a href="#[aa]">&gt;&gt;</a>&nbsp;&nbsp;&nbsp;__aeabi_d2f
<LI><a href="#[ab]">&gt;&gt;</a>&nbsp;&nbsp;&nbsp;ftoa
<LI><a href="#[a9]">&gt;&gt;</a>&nbsp;&nbsp;&nbsp;ndigits_in_i64
<LI><a href="#[a8]">&gt;&gt;</a>&nbsp;&nbsp;&nbsp;uint64_to_str
<LI><a href="#[a7]">&gt;&gt;</a>&nbsp;&nbsp;&nbsp;ndigits_in_u64
<LI><a href="#[a6]">&gt;&gt;</a>&nbsp;&nbsp;&nbsp;uint64_to_hexstr
<LI><a href="#[a5]">&gt;&gt;</a>&nbsp;&nbsp;&nbsp;ndigits_in_hex
<LI><a href="#[a4]">&gt;&gt;</a>&nbsp;&nbsp;&nbsp;padbuffer
<LI><a href="#[a3]">&gt;&gt;</a>&nbsp;&nbsp;&nbsp;simple_strlen
<LI><a href="#[a2]">&gt;&gt;</a>&nbsp;&nbsp;&nbsp;decstr_to_int
</UL>
<BR>[Called By]<UL><LI><a href="#[a0]">&gt;&gt;</a>&nbsp;&nbsp;&nbsp;am_util_stdio_sprintf
<LI><a href="#[9e]">&gt;&gt;</a>&nbsp;&nbsp;&nbsp;am_util_stdio_printf
</UL>

<P><STRONG><a name="[97]"></a>am_valid_sp</STRONG> (Thumb, 54 bytes, Stack size 8 bytes, am_util_faultisr.o(.text.am_valid_sp))
<BR><BR>[Stack]<UL><LI>Max Depth = 8<LI>Call Chain = am_valid_sp
</UL>
<BR>[Called By]<UL><LI><a href="#[6a]">&gt;&gt;</a>&nbsp;&nbsp;&nbsp;am_util_faultisr_collect_data
</UL>

<P><STRONG><a name="[7d]"></a>buck_ldo_override_init</STRONG> (Thumb, 172 bytes, Stack size 16 bytes, am_hal_pwrctrl.o(.text.buck_ldo_override_init))
<BR><BR>[Stack]<UL><LI>Max Depth = 24<LI>Call Chain = buck_ldo_override_init &rArr; am_hal_mram_info_read
</UL>
<BR>[Calls]<UL><LI><a href="#[7b]">&gt;&gt;</a>&nbsp;&nbsp;&nbsp;am_hal_mram_info_read
</UL>
<BR>[Called By]<UL><LI><a href="#[6d]">&gt;&gt;</a>&nbsp;&nbsp;&nbsp;am_hal_pwrctrl_control
</UL>

<P><STRONG><a name="[8c]"></a>buck_ldo_update_override</STRONG> (Thumb, 42 bytes, Stack size 0 bytes, am_hal_pwrctrl.o(.text.buck_ldo_update_override))
<BR><BR>[Called By]<UL><LI><a href="#[8a]">&gt;&gt;</a>&nbsp;&nbsp;&nbsp;am_hal_sysctrl_sleep
</UL>

<P><STRONG><a name="[84]"></a>crypto_boost_trims</STRONG> (Thumb, 200 bytes, Stack size 32 bytes, am_hal_pwrctrl.o(.text.crypto_boost_trims))
<BR><BR>[Stack]<UL><LI>Max Depth = 32<LI>Call Chain = crypto_boost_trims
</UL>
<BR>[Calls]<UL><LI><a href="#[73]">&gt;&gt;</a>&nbsp;&nbsp;&nbsp;am_hal_interrupt_master_set
<LI><a href="#[72]">&gt;&gt;</a>&nbsp;&nbsp;&nbsp;am_hal_interrupt_master_disable
<LI><a href="#[81]">&gt;&gt;</a>&nbsp;&nbsp;&nbsp;am_hal_delay_us
</UL>
<BR>[Called By]<UL><LI><a href="#[7c]">&gt;&gt;</a>&nbsp;&nbsp;&nbsp;am_hal_pwrctrl_periph_disable
</UL>

<P><STRONG><a name="[ae]"></a>error_handler</STRONG> (Thumb, 20 bytes, Stack size 4 bytes, hello_world_uart.o(.text.error_handler))
<BR><BR>[Stack]<UL><LI>Max Depth = 4<LI>Call Chain = error_handler
</UL>
<BR>[Called By]<UL><LI><a href="#[61]">&gt;&gt;</a>&nbsp;&nbsp;&nbsp;main
<LI><a href="#[55]">&gt;&gt;</a>&nbsp;&nbsp;&nbsp;uart_print
</UL>

<P><STRONG><a name="[61]"></a>main</STRONG> (Thumb, 1458 bytes, Stack size 296 bytes, hello_world_uart.o(.text.main))
<BR><BR>[Stack]<UL><LI>Max Depth = 664<LI>Call Chain = main &rArr; am_util_stdio_terminal_clear &rArr; am_util_stdio_printf &rArr; am_util_stdio_vsprintf &rArr; ftoa &rArr; uint64_to_str &rArr; divu64_10
</UL>
<BR>[Calls]<UL><LI><a href="#[8a]">&gt;&gt;</a>&nbsp;&nbsp;&nbsp;am_hal_sysctrl_sleep
<LI><a href="#[78]">&gt;&gt;</a>&nbsp;&nbsp;&nbsp;am_hal_dcu_lock_status_get
<LI><a href="#[79]">&gt;&gt;</a>&nbsp;&nbsp;&nbsp;am_hal_dcu_update
<LI><a href="#[89]">&gt;&gt;</a>&nbsp;&nbsp;&nbsp;am_hal_security_get_socid
<LI><a href="#[76]">&gt;&gt;</a>&nbsp;&nbsp;&nbsp;am_hal_dcu_get
<LI><a href="#[a0]">&gt;&gt;</a>&nbsp;&nbsp;&nbsp;am_util_stdio_sprintf
<LI><a href="#[88]">&gt;&gt;</a>&nbsp;&nbsp;&nbsp;am_hal_security_get_info
<LI><a href="#[b4]">&gt;&gt;</a>&nbsp;&nbsp;&nbsp;am_hal_reset_status_get
<LI><a href="#[94]">&gt;&gt;</a>&nbsp;&nbsp;&nbsp;am_hal_uart_tx_flush
<LI><a href="#[7b]">&gt;&gt;</a>&nbsp;&nbsp;&nbsp;am_hal_mram_info_read
<LI><a href="#[9a]">&gt;&gt;</a>&nbsp;&nbsp;&nbsp;am_util_id_device
<LI><a href="#[9e]">&gt;&gt;</a>&nbsp;&nbsp;&nbsp;am_util_stdio_printf
<LI><a href="#[a1]">&gt;&gt;</a>&nbsp;&nbsp;&nbsp;am_util_stdio_terminal_clear
<LI><a href="#[b3]">&gt;&gt;</a>&nbsp;&nbsp;&nbsp;am_util_stdio_printf_init
<LI><a href="#[b2]">&gt;&gt;</a>&nbsp;&nbsp;&nbsp;am_hal_interrupt_master_enable
<LI><a href="#[6f]">&gt;&gt;</a>&nbsp;&nbsp;&nbsp;am_hal_gpio_pinconfig
<LI><a href="#[af]">&gt;&gt;</a>&nbsp;&nbsp;&nbsp;am_hal_uart_configure
<LI><a href="#[90]">&gt;&gt;</a>&nbsp;&nbsp;&nbsp;am_hal_uart_power_control
<LI><a href="#[ad]">&gt;&gt;</a>&nbsp;&nbsp;&nbsp;am_hal_uart_initialize
<LI><a href="#[6b]">&gt;&gt;</a>&nbsp;&nbsp;&nbsp;am_bsp_low_power_init
<LI><a href="#[ac]">&gt;&gt;</a>&nbsp;&nbsp;&nbsp;am_hal_cachectrl_enable
<LI><a href="#[71]">&gt;&gt;</a>&nbsp;&nbsp;&nbsp;am_hal_cachectrl_config
<LI><a href="#[ae]">&gt;&gt;</a>&nbsp;&nbsp;&nbsp;error_handler
<LI><a href="#[b1]">&gt;&gt;</a>&nbsp;&nbsp;&nbsp;__NVIC_EnableIRQ
<LI><a href="#[b0]">&gt;&gt;</a>&nbsp;&nbsp;&nbsp;__NVIC_SetPriority
</UL>
<BR>[Called By]<UL><LI><a href="#[60]">&gt;&gt;</a>&nbsp;&nbsp;&nbsp;__rt_entry_main
</UL>

<P><STRONG><a name="[55]"></a>uart_print</STRONG> (Thumb, 120 bytes, Stack size 56 bytes, hello_world_uart.o(.text.uart_print))
<BR><BR>[Stack]<UL><LI>Max Depth = 184<LI>Call Chain = uart_print &rArr; am_hal_uart_transfer &rArr; nonblocking_read &rArr; nonblocking_read_sm &rArr; am_hal_queue_item_get
</UL>
<BR>[Calls]<UL><LI><a href="#[91]">&gt;&gt;</a>&nbsp;&nbsp;&nbsp;am_hal_uart_transfer
<LI><a href="#[ae]">&gt;&gt;</a>&nbsp;&nbsp;&nbsp;error_handler
</UL>
<BR>[Address Reference Count : 1]<UL><LI> hello_world_uart.o(.text.main)
</UL>
<P><STRONG><a name="[aa]"></a>__aeabi_d2f</STRONG> (Thumb, 0 bytes, Stack size 32 bytes, d2f.o(x$fpl$d2f))
<BR><BR>[Stack]<UL><LI>Max Depth = 32<LI>Call Chain = __aeabi_d2f
</UL>
<BR>[Called By]<UL><LI><a href="#[9f]">&gt;&gt;</a>&nbsp;&nbsp;&nbsp;am_util_stdio_vsprintf
</UL>

<P><STRONG><a name="[b6]"></a>_d2f</STRONG> (Thumb, 98 bytes, Stack size 32 bytes, d2f.o(x$fpl$d2f), UNUSED)
<BR><BR>[Calls]<UL><LI><a href="#[b7]">&gt;&gt;</a>&nbsp;&nbsp;&nbsp;__fpl_fretinf
<LI><a href="#[b8]">&gt;&gt;</a>&nbsp;&nbsp;&nbsp;__fpl_dnaninf
</UL>

<P><STRONG><a name="[b8]"></a>__fpl_dnaninf</STRONG> (Thumb, 156 bytes, Stack size 16 bytes, dnaninf.o(x$fpl$dnaninf), UNUSED)
<BR><BR>[Called By]<UL><LI><a href="#[b6]">&gt;&gt;</a>&nbsp;&nbsp;&nbsp;_d2f
</UL>

<P><STRONG><a name="[5b]"></a>_fp_init</STRONG> (Thumb, 26 bytes, Stack size 0 bytes, fpinit.o(x$fpl$fpinit))
<BR><BR>[Called By]<UL><LI><a href="#[5a]">&gt;&gt;</a>&nbsp;&nbsp;&nbsp;__rt_lib_init_fp_1
</UL>

<P><STRONG><a name="[e5]"></a>__fplib_config_fpu_vfp</STRONG> (Thumb, 0 bytes, Stack size unknown bytes, fpinit.o(x$fpl$fpinit), UNUSED)

<P><STRONG><a name="[e6]"></a>__fplib_config_pureend_doubles</STRONG> (Thumb, 0 bytes, Stack size unknown bytes, fpinit.o(x$fpl$fpinit), UNUSED)

<P><STRONG><a name="[b7]"></a>__fpl_fretinf</STRONG> (Thumb, 10 bytes, Stack size 0 bytes, fretinf.o(x$fpl$fretinf), UNUSED)
<BR><BR>[Called By]<UL><LI><a href="#[b6]">&gt;&gt;</a>&nbsp;&nbsp;&nbsp;_d2f
</UL>
<P>
<H3>
Local Symbols
</H3>
<P><STRONG><a name="[b0]"></a>__NVIC_SetPriority</STRONG> (Thumb, 66 bytes, Stack size 8 bytes, hello_world_uart.o(.text.__NVIC_SetPriority))
<BR><BR>[Stack]<UL><LI>Max Depth = 8<LI>Call Chain = __NVIC_SetPriority
</UL>
<BR>[Called By]<UL><LI><a href="#[61]">&gt;&gt;</a>&nbsp;&nbsp;&nbsp;main
</UL>

<P><STRONG><a name="[b1]"></a>__NVIC_EnableIRQ</STRONG> (Thumb, 48 bytes, Stack size 4 bytes, hello_world_uart.o(.text.__NVIC_EnableIRQ))
<BR><BR>[Stack]<UL><LI>Max Depth = 4<LI>Call Chain = __NVIC_EnableIRQ
</UL>
<BR>[Called By]<UL><LI><a href="#[61]">&gt;&gt;</a>&nbsp;&nbsp;&nbsp;main
</UL>

<P><STRONG><a name="[9c]"></a>revmaj_get</STRONG> (Thumb, 20 bytes, Stack size 8 bytes, am_util_id.o(.text.revmaj_get))
<BR><BR>[Stack]<UL><LI>Max Depth = 8<LI>Call Chain = revmaj_get
</UL>
<BR>[Called By]<UL><LI><a href="#[9a]">&gt;&gt;</a>&nbsp;&nbsp;&nbsp;am_util_id_device
</UL>

<P><STRONG><a name="[9d]"></a>chiprev_set</STRONG> (Thumb, 52 bytes, Stack size 16 bytes, am_util_id.o(.text.chiprev_set))
<BR><BR>[Stack]<UL><LI>Max Depth = 16<LI>Call Chain = chiprev_set
</UL>
<BR>[Called By]<UL><LI><a href="#[9a]">&gt;&gt;</a>&nbsp;&nbsp;&nbsp;am_util_id_device
</UL>

<P><STRONG><a name="[a2]"></a>decstr_to_int</STRONG> (Thumb, 166 bytes, Stack size 28 bytes, am_util_stdio.o(.text.decstr_to_int))
<BR><BR>[Stack]<UL><LI>Max Depth = 28<LI>Call Chain = decstr_to_int
</UL>
<BR>[Called By]<UL><LI><a href="#[9f]">&gt;&gt;</a>&nbsp;&nbsp;&nbsp;am_util_stdio_vsprintf
</UL>

<P><STRONG><a name="[a3]"></a>simple_strlen</STRONG> (Thumb, 54 bytes, Stack size 12 bytes, am_util_stdio.o(.text.simple_strlen))
<BR><BR>[Stack]<UL><LI>Max Depth = 12<LI>Call Chain = simple_strlen
</UL>
<BR>[Called By]<UL><LI><a href="#[9f]">&gt;&gt;</a>&nbsp;&nbsp;&nbsp;am_util_stdio_vsprintf
</UL>

<P><STRONG><a name="[a4]"></a>padbuffer</STRONG> (Thumb, 80 bytes, Stack size 20 bytes, am_util_stdio.o(.text.padbuffer))
<BR><BR>[Stack]<UL><LI>Max Depth = 20<LI>Call Chain = padbuffer
</UL>
<BR>[Called By]<UL><LI><a href="#[9f]">&gt;&gt;</a>&nbsp;&nbsp;&nbsp;am_util_stdio_vsprintf
</UL>

<P><STRONG><a name="[a5]"></a>ndigits_in_hex</STRONG> (Thumb, 62 bytes, Stack size 16 bytes, am_util_stdio.o(.text.ndigits_in_hex))
<BR><BR>[Stack]<UL><LI>Max Depth = 16<LI>Call Chain = ndigits_in_hex
</UL>
<BR>[Called By]<UL><LI><a href="#[9f]">&gt;&gt;</a>&nbsp;&nbsp;&nbsp;am_util_stdio_vsprintf
</UL>

<P><STRONG><a name="[a6]"></a>uint64_to_hexstr</STRONG> (Thumb, 192 bytes, Stack size 48 bytes, am_util_stdio.o(.text.uint64_to_hexstr))
<BR><BR>[Stack]<UL><LI>Max Depth = 48<LI>Call Chain = uint64_to_hexstr
</UL>
<BR>[Called By]<UL><LI><a href="#[9f]">&gt;&gt;</a>&nbsp;&nbsp;&nbsp;am_util_stdio_vsprintf
</UL>

<P><STRONG><a name="[a7]"></a>ndigits_in_u64</STRONG> (Thumb, 60 bytes, Stack size 24 bytes, am_util_stdio.o(.text.ndigits_in_u64))
<BR><BR>[Stack]<UL><LI>Max Depth = 72<LI>Call Chain = ndigits_in_u64 &rArr; divu64_10
</UL>
<BR>[Calls]<UL><LI><a href="#[b5]">&gt;&gt;</a>&nbsp;&nbsp;&nbsp;divu64_10
</UL>
<BR>[Called By]<UL><LI><a href="#[9f]">&gt;&gt;</a>&nbsp;&nbsp;&nbsp;am_util_stdio_vsprintf
<LI><a href="#[a9]">&gt;&gt;</a>&nbsp;&nbsp;&nbsp;ndigits_in_i64
</UL>

<P><STRONG><a name="[a8]"></a>uint64_to_str</STRONG> (Thumb, 136 bytes, Stack size 72 bytes, am_util_stdio.o(.text.uint64_to_str))
<BR><BR>[Stack]<UL><LI>Max Depth = 120<LI>Call Chain = uint64_to_str &rArr; divu64_10
</UL>
<BR>[Calls]<UL><LI><a href="#[b5]">&gt;&gt;</a>&nbsp;&nbsp;&nbsp;divu64_10
</UL>
<BR>[Called By]<UL><LI><a href="#[9f]">&gt;&gt;</a>&nbsp;&nbsp;&nbsp;am_util_stdio_vsprintf
<LI><a href="#[ab]">&gt;&gt;</a>&nbsp;&nbsp;&nbsp;ftoa
</UL>

<P><STRONG><a name="[a9]"></a>ndigits_in_i64</STRONG> (Thumb, 48 bytes, Stack size 16 bytes, am_util_stdio.o(.text.ndigits_in_i64))
<BR><BR>[Stack]<UL><LI>Max Depth = 88<LI>Call Chain = ndigits_in_i64 &rArr; ndigits_in_u64 &rArr; divu64_10
</UL>
<BR>[Calls]<UL><LI><a href="#[a7]">&gt;&gt;</a>&nbsp;&nbsp;&nbsp;ndigits_in_u64
</UL>
<BR>[Called By]<UL><LI><a href="#[9f]">&gt;&gt;</a>&nbsp;&nbsp;&nbsp;am_util_stdio_vsprintf
</UL>

<P><STRONG><a name="[ab]"></a>ftoa</STRONG> (Thumb, 560 bytes, Stack size 72 bytes, am_util_stdio.o(.text.ftoa))
<BR><BR>[Stack]<UL><LI>Max Depth = 192<LI>Call Chain = ftoa &rArr; uint64_to_str &rArr; divu64_10
</UL>
<BR>[Calls]<UL><LI><a href="#[a8]">&gt;&gt;</a>&nbsp;&nbsp;&nbsp;uint64_to_str
</UL>
<BR>[Called By]<UL><LI><a href="#[9f]">&gt;&gt;</a>&nbsp;&nbsp;&nbsp;am_util_stdio_vsprintf
</UL>

<P><STRONG><a name="[b5]"></a>divu64_10</STRONG> (Thumb, 280 bytes, Stack size 48 bytes, am_util_stdio.o(.text.divu64_10))
<BR><BR>[Stack]<UL><LI>Max Depth = 48<LI>Call Chain = divu64_10
</UL>
<BR>[Called By]<UL><LI><a href="#[a8]">&gt;&gt;</a>&nbsp;&nbsp;&nbsp;uint64_to_str
<LI><a href="#[a7]">&gt;&gt;</a>&nbsp;&nbsp;&nbsp;ndigits_in_u64
</UL>

<P><STRONG><a name="[22]"></a>am_cryptosec_isr</STRONG> (Thumb, 0 bytes, Stack size 0 bytes, startup_keil6.o(RESET))
<BR>[Address Reference Count : 1]<UL><LI> startup_keil6.o(RESET)
</UL>
<P><STRONG><a name="[23]"></a>am_default_isr</STRONG> (Thumb, 2 bytes, Stack size 0 bytes, startup_keil6.o(RESET))
<BR><BR>[Calls]<UL><LI><a href="#[23]">&gt;&gt;</a>&nbsp;&nbsp;&nbsp;am_default_isr
</UL>
<BR>[Called By]<UL><LI><a href="#[23]">&gt;&gt;</a>&nbsp;&nbsp;&nbsp;am_default_isr
</UL>
<BR>[Address Reference Count : 1]<UL><LI> startup_keil6.o(RESET)
</UL>
<P><STRONG><a name="[92]"></a>nonblocking_write</STRONG> (Thumb, 142 bytes, Stack size 24 bytes, am_hal_uart.o(.text.nonblocking_write))
<BR><BR>[Stack]<UL><LI>Max Depth = 96<LI>Call Chain = nonblocking_write &rArr; nonblocking_write_sm &rArr; am_hal_queue_item_get
</UL>
<BR>[Calls]<UL><LI><a href="#[8e]">&gt;&gt;</a>&nbsp;&nbsp;&nbsp;nonblocking_write_sm
<LI><a href="#[73]">&gt;&gt;</a>&nbsp;&nbsp;&nbsp;am_hal_interrupt_master_set
<LI><a href="#[72]">&gt;&gt;</a>&nbsp;&nbsp;&nbsp;am_hal_interrupt_master_disable
</UL>
<BR>[Called By]<UL><LI><a href="#[91]">&gt;&gt;</a>&nbsp;&nbsp;&nbsp;am_hal_uart_transfer
</UL>

<P><STRONG><a name="[93]"></a>nonblocking_read</STRONG> (Thumb, 138 bytes, Stack size 24 bytes, am_hal_uart.o(.text.nonblocking_read))
<BR><BR>[Stack]<UL><LI>Max Depth = 112<LI>Call Chain = nonblocking_read &rArr; nonblocking_read_sm &rArr; am_hal_queue_item_get
</UL>
<BR>[Calls]<UL><LI><a href="#[8f]">&gt;&gt;</a>&nbsp;&nbsp;&nbsp;nonblocking_read_sm
<LI><a href="#[73]">&gt;&gt;</a>&nbsp;&nbsp;&nbsp;am_hal_interrupt_master_set
<LI><a href="#[72]">&gt;&gt;</a>&nbsp;&nbsp;&nbsp;am_hal_interrupt_master_disable
</UL>
<BR>[Called By]<UL><LI><a href="#[91]">&gt;&gt;</a>&nbsp;&nbsp;&nbsp;am_hal_uart_transfer
</UL>

<P><STRONG><a name="[8f]"></a>nonblocking_read_sm</STRONG> (Thumb, 256 bytes, Stack size 56 bytes, am_hal_uart.o(.text.nonblocking_read_sm))
<BR><BR>[Stack]<UL><LI>Max Depth = 88<LI>Call Chain = nonblocking_read_sm &rArr; am_hal_queue_item_get
</UL>
<BR>[Calls]<UL><LI><a href="#[87]">&gt;&gt;</a>&nbsp;&nbsp;&nbsp;am_hal_queue_item_get
<LI><a href="#[86]">&gt;&gt;</a>&nbsp;&nbsp;&nbsp;am_hal_queue_item_add
<LI><a href="#[73]">&gt;&gt;</a>&nbsp;&nbsp;&nbsp;am_hal_interrupt_master_set
<LI><a href="#[72]">&gt;&gt;</a>&nbsp;&nbsp;&nbsp;am_hal_interrupt_master_disable
</UL>
<BR>[Called By]<UL><LI><a href="#[93]">&gt;&gt;</a>&nbsp;&nbsp;&nbsp;nonblocking_read
<LI><a href="#[91]">&gt;&gt;</a>&nbsp;&nbsp;&nbsp;am_hal_uart_transfer
<LI><a href="#[8d]">&gt;&gt;</a>&nbsp;&nbsp;&nbsp;am_hal_uart_interrupt_service
</UL>

<P><STRONG><a name="[8e]"></a>nonblocking_write_sm</STRONG> (Thumb, 352 bytes, Stack size 40 bytes, am_hal_uart.o(.text.nonblocking_write_sm))
<BR><BR>[Stack]<UL><LI>Max Depth = 72<LI>Call Chain = nonblocking_write_sm &rArr; am_hal_queue_item_get
</UL>
<BR>[Calls]<UL><LI><a href="#[87]">&gt;&gt;</a>&nbsp;&nbsp;&nbsp;am_hal_queue_item_get
<LI><a href="#[86]">&gt;&gt;</a>&nbsp;&nbsp;&nbsp;am_hal_queue_item_add
<LI><a href="#[73]">&gt;&gt;</a>&nbsp;&nbsp;&nbsp;am_hal_interrupt_master_set
<LI><a href="#[72]">&gt;&gt;</a>&nbsp;&nbsp;&nbsp;am_hal_interrupt_master_disable
</UL>
<BR>[Called By]<UL><LI><a href="#[92]">&gt;&gt;</a>&nbsp;&nbsp;&nbsp;nonblocking_write
<LI><a href="#[91]">&gt;&gt;</a>&nbsp;&nbsp;&nbsp;am_hal_uart_transfer
<LI><a href="#[8d]">&gt;&gt;</a>&nbsp;&nbsp;&nbsp;am_hal_uart_interrupt_service
</UL>

<P><STRONG><a name="[77]"></a>get_ui32_dcu_mask</STRONG> (Thumb, 292 bytes, Stack size 0 bytes, am_hal_dcu.o(.text.get_ui32_dcu_mask))
<BR><BR>[Called By]<UL><LI><a href="#[78]">&gt;&gt;</a>&nbsp;&nbsp;&nbsp;am_hal_dcu_lock_status_get
<LI><a href="#[76]">&gt;&gt;</a>&nbsp;&nbsp;&nbsp;am_hal_dcu_get
</UL>

<P><STRONG><a name="[7a]"></a>get_raw_dcu_mask</STRONG> (Thumb, 1060 bytes, Stack size 16 bytes, am_hal_dcu.o(.text.get_raw_dcu_mask))
<BR><BR>[Stack]<UL><LI>Max Depth = 16<LI>Call Chain = get_raw_dcu_mask
</UL>
<BR>[Called By]<UL><LI><a href="#[79]">&gt;&gt;</a>&nbsp;&nbsp;&nbsp;am_hal_dcu_update
</UL>
<P>
<H3>
Undefined Global Symbols
</H3><HR></body></html>
