Component: Arm Compiler for Embedded 6.24 Tool: armlink [5f371500]

==============================================================================

Section Cross References

    am_resources.o(.rodata.sGlobalAccess) refers to am_resources.o(.rodata.ui32SharedAccess) for ui32SharedAccess
    am_resources.o(.rodata.sGlobalAccess) refers to am_resources.o(.rodata.ui32MCUAllowed) for ui32MCUAllowed
    am_resources.o(.rodata.sGlobalAccess) refers to am_resources.o(.rodata.ui32DSP0Allowed) for ui32DSP0Allowed
    am_resources.o(.rodata.sGlobalAccess) refers to am_resources.o(.rodata.ui32DSP1Allowed) for ui32DSP1Allowed
    am_resources.o(.rodata.sGlobalAccess) refers to am_resources.o(SHARED_RW) for ui32MCUClaimed
    am_resources.o(.rodata.sGlobalAccess) refers to am_resources.o(SHARED_RW) for ui32DSP0Claimed
    am_resources.o(.rodata.sGlobalAccess) refers to am_resources.o(SHARED_RW) for ui32DSP1Claimed
    am_resources.o(RESOURCE_TABLE) refers to am_resources.o(.rodata.sGlobalAccess) for sGlobalAccess
    hello_world_uart.o(.text.error_handler) refers to hello_world_uart.o(.bss.ui32LastError) for ui32LastError
    hello_world_uart.o(.ARM.exidx.text.error_handler) refers to hello_world_uart.o(.text.error_handler) for [Anonymous Symbol]
    hello_world_uart.o(.text.am_uart2_isr) refers to hello_world_uart.o(.bss.phUART) for phUART
    hello_world_uart.o(.text.am_uart2_isr) refers to am_hal_uart.o(.text.am_hal_uart_interrupt_status_get) for am_hal_uart_interrupt_status_get
    hello_world_uart.o(.text.am_uart2_isr) refers to am_hal_uart.o(.text.am_hal_uart_interrupt_clear) for am_hal_uart_interrupt_clear
    hello_world_uart.o(.text.am_uart2_isr) refers to am_hal_uart.o(.text.am_hal_uart_interrupt_service) for am_hal_uart_interrupt_service
    hello_world_uart.o(.ARM.exidx.text.am_uart2_isr) refers to hello_world_uart.o(.text.am_uart2_isr) for [Anonymous Symbol]
    hello_world_uart.o(.text.uart_print) refers to hello_world_uart.o(.bss.phUART) for phUART
    hello_world_uart.o(.text.uart_print) refers to am_hal_uart.o(.text.am_hal_uart_transfer) for am_hal_uart_transfer
    hello_world_uart.o(.text.uart_print) refers to hello_world_uart.o(.text.error_handler) for error_handler
    hello_world_uart.o(.ARM.exidx.text.uart_print) refers to hello_world_uart.o(.text.uart_print) for [Anonymous Symbol]
    hello_world_uart.o(.text.main) refers to am_hal_cachectrl.o(.rodata.am_hal_cachectrl_defaults) for am_hal_cachectrl_defaults
    hello_world_uart.o(.text.main) refers to am_hal_cachectrl.o(.text.am_hal_cachectrl_config) for am_hal_cachectrl_config
    hello_world_uart.o(.text.main) refers to am_hal_cachectrl.o(.text.am_hal_cachectrl_enable) for am_hal_cachectrl_enable
    hello_world_uart.o(.text.main) refers to am_bsp.o(.text.am_bsp_low_power_init) for am_bsp_low_power_init
    hello_world_uart.o(.text.main) refers to hello_world_uart.o(.bss.phUART) for phUART
    hello_world_uart.o(.text.main) refers to am_hal_uart.o(.text.am_hal_uart_initialize) for am_hal_uart_initialize
    hello_world_uart.o(.text.main) refers to hello_world_uart.o(.text.error_handler) for error_handler
    hello_world_uart.o(.text.main) refers to am_hal_uart.o(.text.am_hal_uart_power_control) for am_hal_uart_power_control
    hello_world_uart.o(.text.main) refers to hello_world_uart.o(.rodata.g_sUartConfig) for g_sUartConfig
    hello_world_uart.o(.text.main) refers to am_hal_uart.o(.text.am_hal_uart_configure) for am_hal_uart_configure
    hello_world_uart.o(.text.main) refers to am_bsp_pins.o(.data.g_AM_BSP_GPIO_COM_UART_TX) for g_AM_BSP_GPIO_COM_UART_TX
    hello_world_uart.o(.text.main) refers to am_hal_gpio.o(.text.am_hal_gpio_pinconfig) for am_hal_gpio_pinconfig
    hello_world_uart.o(.text.main) refers to am_bsp_pins.o(.data.g_AM_BSP_GPIO_COM_UART_RX) for g_AM_BSP_GPIO_COM_UART_RX
    hello_world_uart.o(.text.main) refers to hello_world_uart.o(.text.__NVIC_SetPriority) for __NVIC_SetPriority
    hello_world_uart.o(.text.main) refers to hello_world_uart.o(.text.__NVIC_EnableIRQ) for __NVIC_EnableIRQ
    hello_world_uart.o(.text.main) refers to am_hal_interrupt.o(.text.am_hal_interrupt_master_enable) for am_hal_interrupt_master_enable
    hello_world_uart.o(.text.main) refers to hello_world_uart.o(.text.uart_print) for uart_print
    hello_world_uart.o(.text.main) refers to am_util_stdio.o(.text.am_util_stdio_printf_init) for am_util_stdio_printf_init
    hello_world_uart.o(.text.main) refers to am_util_stdio.o(.text.am_util_stdio_terminal_clear) for am_util_stdio_terminal_clear
    hello_world_uart.o(.text.main) refers to hello_world_uart.o(.rodata.str1.1) for .L.str
    hello_world_uart.o(.text.main) refers to am_util_stdio.o(.text.am_util_stdio_printf) for am_util_stdio_printf
    hello_world_uart.o(.text.main) refers to am_util_id.o(.text.am_util_id_device) for am_util_id_device
    hello_world_uart.o(.text.main) refers to am_hal_mram.o(.text.am_hal_mram_info_read) for am_hal_mram_info_read
[...]
    am_hal_global.c                          0x00000000   Number         0  am_hal_global.o ABSOLUTE
    am_hal_gpio.c                            0x00000000   Number         0  am_hal_gpio.o ABSOLUTE
    am_hal_interrupt.c                       0x00000000   Number         0  am_hal_interrupt.o ABSOLUTE
    am_hal_itm.c                             0x00000000   Number         0  am_hal_itm.o ABSOLUTE
    am_hal_mcuctrl.c                         0x00000000   Number         0  am_hal_mcuctrl.o ABSOLUTE
    am_hal_mram.c                            0x00000000   Number         0  am_hal_mram.o ABSOLUTE
    am_hal_pin.c                             0x00000000   Number         0  am_hal_pin.o ABSOLUTE
    am_hal_pwrctrl.c                         0x00000000   Number         0  am_hal_pwrctrl.o ABSOLUTE
    am_hal_queue.c                           0x00000000   Number         0  am_hal_queue.o ABSOLUTE
    am_hal_reset.c                           0x00000000   Number         0  am_hal_reset.o ABSOLUTE
    am_hal_rtc.c                             0x00000000   Number         0  am_hal_rtc.o ABSOLUTE
    am_hal_security.c                        0x00000000   Number         0  am_hal_security.o ABSOLUTE
    am_hal_sysctrl.c                         0x00000000   Number         0  am_hal_sysctrl.o ABSOLUTE
    am_hal_tpiu.c                            0x00000000   Number         0  am_hal_tpiu.o ABSOLUTE
    am_hal_uart.c                            0x00000000   Number         0  am_hal_uart.o ABSOLUTE
    am_hal_utils.c                           0x00000000   Number         0  am_hal_utils.o ABSOLUTE
    am_resources.c                           0x00000000   Number         0  am_resources.o ABSOLUTE
    am_util_delay.c                          0x00000000   Number         0  am_util_delay.o ABSOLUTE
    am_util_faultisr.c                       0x00000000   Number         0  am_util_faultisr.o ABSOLUTE
    am_util_id.c                             0x00000000   Number         0  am_util_id.o ABSOLUTE
    am_util_stdio.c                          0x00000000   Number         0  am_util_stdio.o ABSOLUTE
    am_util_string.c                         0x00000000   Number         0  am_util_string.o ABSOLUTE
    dc.s                                     0x00000000   Number         0  dc.o ABSOLUTE
    hello_world_uart.c                       0x00000000   Number         0  hello_world_uart.o ABSOLUTE
    RESET                                    0x00018000   Section      564  startup_keil6.o(RESET)
    $v0                                      0x00018200   Number         0  startup_keil6.o(RESET)
    am_cryptosec_isr                         0x0001822f   Thumb Code     0  startup_keil6.o(RESET)
    am_default_isr                           0x0001822f   Thumb Code     2  startup_keil6.o(RESET)
    !!!main                                  0x00018234   Section        8  __main.o(!!!main)
    !!!scatter                               0x0001823c   Section       92  __scatter.o(!!!scatter)
    !!handler_copy                           0x00018298   Section       26  __scatter_copy.o(!!handler_copy)
    !!handler_null                           0x000182b4   Section        2  __scatter.o(!!handler_null)
    !!handler_zi                             0x000182b8   Section       28  __scatter_zi.o(!!handler_zi)
    .ARM.Collect$$libinit$$00000000          0x000182d4   Section        2  libinit.o(.ARM.Collect$$libinit$$00000000)
    .ARM.Collect$$libinit$$00000001          0x000182d6   Section        4  libinit2.o(.ARM.Collect$$libinit$$00000001)
    .ARM.Collect$$libinit$$00000004          0x000182da   Section        0  libinit2.o(.ARM.Collect$$libinit$$00000004)
    .ARM.Collect$$libinit$$00000006          0x000182da   Section        0  libinit2.o(.ARM.Collect$$libinit$$00000006)
    .ARM.Collect$$libinit$$0000000C          0x000182da   Section        0  libinit2.o(.ARM.Collect$$libinit$$0000000C)
    .ARM.Collect$$libinit$$0000000E          0x000182da   Section        0  libinit2.o(.ARM.Collect$$libinit$$0000000E)
    .ARM.Collect$$libinit$$00000010          0x000182da   Section        0  libinit2.o(.ARM.Collect$$libinit$$00000010)
    .ARM.Collect$$libinit$$00000013          0x000182da   Section        0  libinit2.o(.ARM.Collect$$libinit$$00000013)
    .ARM.Collect$$libinit$$00000015          0x000182da   Section        0  libinit2.o(.ARM.Collect$$libinit$$00000015)
    .ARM.Collect$$libinit$$00000017          0x000182da   Section        0  libinit2.o(.ARM.Collect$$libinit$$00000017)
    .ARM.Collect$$libinit$$00000019          0x000182da   Section        0  libinit2.o(.ARM.Collect$$libinit$$00000019)
    .ARM.Collect$$libinit$$0000001B          0x000182da   Section        0  libinit2.o(.ARM.Collect$$libinit$$0000001B)
    .ARM.Collect$$libinit$$0000001D          0x000182da   Section        0  libinit2.o(.ARM.Collect$$libinit$$0000001D)
    .ARM.Collect$$libinit$$0000001F          0x000182da   Section        0  libinit2.o(.ARM.Collect$$libinit$$0000001F)
    .ARM.Collect$$libinit$$00000021          0x000182da   Section        0  libinit2.o(.ARM.Collect$$libinit$$00000021)
    .ARM.Collect$$libinit$$00000023          0x000182da   Section        0  libinit2.o(.ARM.Collect$$libinit$$00000023)
    .ARM.Collect$$libinit$$00000025          0x000182da   Section        0  libinit2.o(.ARM.Collect$$libinit$$00000025)
    .ARM.Collect$$libinit$$00000027          0x000182da   Section        0  libinit2.o(.ARM.Collect$$libinit$$00000027)
    .ARM.Collect$$libinit$$0000002E          0x000182da   Section        0  libinit2.o(.ARM.Collect$$libinit$$0000002E)
    .ARM.Collect$$libinit$$00000030          0x000182da   Section        0  libinit2.o(.ARM.Collect$$libinit$$00000030)
    .ARM.Collect$$libinit$$00000032          0x000182da   Section        0  libinit2.o(.ARM.Collect$$libinit$$00000032)
    .ARM.Collect$$libinit$$00000034          0x000182da   Section        0  libinit2.o(.ARM.Collect$$libinit$$00000034)
    .ARM.Collect$$libinit$$00000035          0x000182da   Section        2  libinit2.o(.ARM.Collect$$libinit$$00000035)
    .ARM.Collect$$libshutdown$$00000000      0x000182dc   Section        2  libshutdown.o(.ARM.Collect$$libshutdown$$00000000)
    .ARM.Collect$$libshutdown$$00000002      0x000182de   Section        0  libshutdown2.o(.ARM.Collect$$libshutdown$$00000002)
    .ARM.Collect$$libshutdown$$00000004      0x000182de   Section        0  libshutdown2.o(.ARM.Collect$$libshutdown$$00000004)
    .ARM.Collect$$libshutdown$$00000007      0x000182de   Section        0  libshutdown2.o(.ARM.Collect$$libshutdown$$00000007)
    .ARM.Collect$$libshutdown$$0000000A      0x000182de   Section        0  libshutdown2.o(.ARM.Collect$$libshutdown$$0000000A)
    .ARM.Collect$$libshutdown$$0000000C      0x000182de   Section        0  libshutdown2.o(.ARM.Collect$$libshutdown$$0000000C)
    .ARM.Collect$$libshutdown$$0000000F      0x000182de   Section        0  libshutdown2.o(.ARM.Collect$$libshutdown$$0000000F)
    .ARM.Collect$$libshutdown$$00000010      0x000182de   Section        2  libshutdown2.o(.ARM.Collect$$libshutdown$$00000010)
    .ARM.Collect$$rtentry$$00000000          0x000182e0   Section        0  __rtentry.o(.ARM.Collect$$rtentry$$00000000)
    .ARM.Collect$$rtentry$$00000002          0x000182e0   Section        0  __rtentry2.o(.ARM.Collect$$rtentry$$00000002)
    .ARM.Collect$$rtentry$$00000004          0x000182e0   Section        6  __rtentry4.o(.ARM.Collect$$rtentry$$00000004)
    .ARM.Collect$$rtentry$$00000009          0x000182e6   Section        0  __rtentry2.o(.ARM.Collect$$rtentry$$00000009)
    .ARM.Collect$$rtentry$$0000000A          0x000182e6   Section        4  __rtentry2.o(.ARM.Collect$$rtentry$$0000000A)
    .ARM.Collect$$rtentry$$0000000C          0x000182ea   Section        0  __rtentry2.o(.ARM.Collect$$rtentry$$0000000C)
    .ARM.Collect$$rtentry$$0000000D          0x000182ea   Section        8  __rtentry2.o(.ARM.Collect$$rtentry$$0000000D)
    .ARM.Collect$$rtexit$$00000000           0x000182f2   Section        2  rtexit.o(.ARM.Collect$$rtexit$$00000000)
    .ARM.Collect$$rtexit$$00000002           0x000182f4   Section        0  rtexit2.o(.ARM.Collect$$rtexit$$00000002)
    .ARM.Collect$$rtexit$$00000003           0x000182f4   Section        4  rtexit2.o(.ARM.Collect$$rtexit$$00000003)
    .ARM.Collect$$rtexit$$00000004           0x000182f8   Section        6  rtexit2.o(.ARM.Collect$$rtexit$$00000004)
    $v0                                      0x00018300   Number         0  startup_keil6.o(.text)
    .text                                    0x00018300   Section       24  startup_keil6.o(.text)
    .text                                    0x00018318   Section        0  heapauxi.o(.text)
    .text                                    0x0001831e   Section       74  sys_stackheap_outer.o(.text)
    .text                                    0x00018368   Section        0  exit.o(.text)
    .text                                    0x0001837c   Section        8  libspace.o(.text)
    .text                                    0x00018384   Section        0  sys_exit.o(.text)
    .text                                    0x00018390   Section        2  use_no_semi.o(.text)
    .text                                    0x00018392   Section        0  indicate_semi.o(.text)
    [Anonymous Symbol]                       0x00018394   Section        0  am_util_faultisr.o(.text.HardFault_Handler)
    __NVIC_EnableIRQ                         0x000183b9   Thumb Code    48  hello_world_uart.o(.text.__NVIC_EnableIRQ)
    [Anonymous Symbol]                       0x000183b8   Section        0  hello_world_uart.o(.text.__NVIC_EnableIRQ)
    __NVIC_SetPriority                       0x000183e9   Thumb Code    66  hello_world_uart.o(.text.__NVIC_SetPriority)
    [Anonymous Symbol]                       0x000183e8   Section        0  hello_world_uart.o(.text.__NVIC_SetPriority)
    [Anonymous Symbol]                       0x0001842c   Section        0  am_bsp.o(.text.am_bsp_low_power_init)
    [Anonymous Symbol]                       0x0001845c   Section        0  am_util_faultisr.o(.text.am_getStackedReg)
    [Anonymous Symbol]                       0x00018470   Section        0  am_hal_cachectrl.o(.text.am_hal_cachectrl_config)
    [Anonymous Symbol]                       0x000184b4   Section        0  am_hal_cachectrl.o(.text.am_hal_cachectrl_enable)
    [Anonymous Symbol]                       0x000184d4   Section        0  am_hal_cachectrl.o(.text.am_hal_daxi_config)
    [Anonymous Symbol]                       0x00018580   Section        0  am_hal_cachectrl.o(.text.am_hal_daxi_control)
    [Anonymous Symbol]                       0x00018698   Section        0  am_hal_dcu.o(.text.am_hal_dcu_get)
    [Anonymous Symbol]                       0x000186d8   Section        0  am_hal_dcu.o(.text.am_hal_dcu_lock_status_get)
    [Anonymous Symbol]                       0x00018718   Section        0  am_hal_dcu.o(.text.am_hal_dcu_update)
    [Anonymous Symbol]                       0x000187bc   Section        0  am_hal_utils.o(.text.am_hal_delay_us)
    [Anonymous Symbol]                       0x000187f4   Section        0  am_hal_utils.o(.text.am_hal_delay_us_status_change)
    [Anonymous Symbol]                       0x0001884c   Section        0  am_hal_utils.o(.text.am_hal_delay_us_status_check)
    [Anonymous Symbol]                       0x000188e4   Section        0  am_hal_fault.o(.text.am_hal_fault_status_get)
    [Anonymous Symbol]                       0x00018920   Section        0  am_hal_gpio.o(.text.am_hal_gpio_pinconfig)
    [Anonymous Symbol]                       0x000189b8   Section        0  am_hal_gpio.o(.text.am_hal_gpio_state_write)
    [Anonymous Symbol]                       0x00018ac4   Section        0  am_hal_interrupt.o(.text.am_hal_interrupt_master_disable)
    [Anonymous Symbol]                       0x00018acc   Section        0  am_hal_interrupt.o(.text.am_hal_interrupt_master_enable)
    [Anonymous Symbol]                       0x00018ad4   Section        0  am_hal_interrupt.o(.text.am_hal_interrupt_master_set)
    [Anonymous Symbol]                       0x00018adc   Section        0  am_hal_mcuctrl.o(.text.am_hal_mcuctrl_info_get)
    g_am_hal_mcuctrl_sku_mram_size           0x00018c24   Number         0  am_hal_mcuctrl.o(.text.am_hal_mcuctrl_info_get)
    [Anonymous Symbol]                       0x00018c2c   Section        0  am_hal_mram.o(.text.am_hal_mram_info_read)
    [Anonymous Symbol]                       0x00018cdc   Section        0  am_hal_pwrctrl.o(.text.am_hal_pwrctrl_control)
    [Anonymous Symbol]                       0x00018e88   Section        0  am_hal_pwrctrl.o(.text.am_hal_pwrctrl_low_power_init)
    [Anonymous Symbol]                       0x00018f9c   Section        0  am_hal_pwrctrl.o(.text.am_hal_pwrctrl_mcu_memory_config)
    [Anonymous Symbol]                       0x000190ac   Section        0  am_hal_pwrctrl.o(.text.am_hal_pwrctrl_mcu_mode_select)
    [Anonymous Symbol]                       0x0001914c   Section        0  am_hal_pwrctrl.o(.text.am_hal_pwrctrl_mcu_mode_status)
    [Anonymous Symbol]                       0x00019164   Section        0  am_hal_pwrctrl.o(.text.am_hal_pwrctrl_periph_disable)
    [Anonymous Symbol]                       0x00019298   Section        0  am_hal_pwrctrl.o(.text.am_hal_pwrctrl_periph_enable)
    [Anonymous Symbol]                       0x00019440   Section        0  am_hal_pwrctrl.o(.text.am_hal_pwrctrl_sram_config)
    [Anonymous Symbol]                       0x00019508   Section        0  am_hal_queue.o(.text.am_hal_queue_item_add)
    [Anonymous Symbol]                       0x000196d4   Section        0  am_hal_queue.o(.text.am_hal_queue_item_get)
    [Anonymous Symbol]                       0x000198b0   Section        0  am_hal_reset.o(.text.am_hal_reset_status_get)
    [Anonymous Symbol]                       0x00019928   Section        0  am_hal_rtc.o(.text.am_hal_rtc_osc_disable)
    [Anonymous Symbol]                       0x0001993c   Section        0  am_hal_security.o(.text.am_hal_security_get_info)
    [Anonymous Symbol]                       0x000199f4   Section        0  am_hal_security.o(.text.am_hal_security_get_socid)
    [Anonymous Symbol]                       0x00019a04   Section        0  am_hal_sysctrl.o(.text.am_hal_sysctrl_sleep)
    [Anonymous Symbol]                       0x00019b58   Section        0  am_hal_uart.o(.text.am_hal_uart_configure)
    [Anonymous Symbol]                       0x00019ce4   Section        0  am_hal_uart.o(.text.am_hal_uart_initialize)
    [Anonymous Symbol]                       0x00019d54   Section        0  am_hal_uart.o(.text.am_hal_uart_interrupt_clear)
    [Anonymous Symbol]                       0x00019d7c   Section        0  am_hal_uart.o(.text.am_hal_uart_interrupt_service)
    [Anonymous Symbol]                       0x00019e50   Section        0  am_hal_uart.o(.text.am_hal_uart_interrupt_status_get)
    [Anonymous Symbol]                       0x00019e84   Section        0  am_hal_uart.o(.text.am_hal_uart_power_control)
    [Anonymous Symbol]                       0x00019f44   Section        0  am_hal_uart.o(.text.am_hal_uart_transfer)
    [Anonymous Symbol]                       0x0001a004   Section        0  am_hal_uart.o(.text.am_hal_uart_tx_flush)
    [Anonymous Symbol]                       0x0001a0b8   Section        0  hello_world_uart.o(.text.am_uart2_isr)
    [Anonymous Symbol]                       0x0001a0e8   Section        0  am_util_faultisr.o(.text.am_util_faultisr_collect_data)
    [Anonymous Symbol]                       0x0001a1c0   Section        0  am_util_id.o(.text.am_util_id_device)
    [Anonymous Symbol]                       0x0001a2a0   Section        0  am_util_stdio.o(.text.am_util_stdio_printf)
    [Anonymous Symbol]                       0x0001a2fc   Section        0  am_util_stdio.o(.text.am_util_stdio_printf_init)
    [Anonymous Symbol]                       0x0001a310   Section        0  am_util_stdio.o(.text.am_util_stdio_sprintf)
    [Anonymous Symbol]                       0x0001a33c   Section        0  am_util_stdio.o(.text.am_util_stdio_terminal_clear)
    [Anonymous Symbol]                       0x0001a34c   Section        0  am_util_stdio.o(.text.am_util_stdio_vsprintf)
    [Anonymous Symbol]                       0x0001a9a0   Section        0  am_util_faultisr.o(.text.am_valid_sp)
    [Anonymous Symbol]                       0x0001a9d8   Section        0  am_hal_pwrctrl.o(.text.buck_ldo_override_init)
    [Anonymous Symbol]                       0x0001aa84   Section        0  am_hal_pwrctrl.o(.text.buck_ldo_update_override)
    chiprev_set                              0x0001aab1   Thumb Code    52  am_util_id.o(.text.chiprev_set)
    [Anonymous Symbol]                       0x0001aab0   Section        0  am_util_id.o(.text.chiprev_set)
    [Anonymous Symbol]                       0x0001aae4   Section        0  am_hal_pwrctrl.o(.text.crypto_boost_trims)
    decstr_to_int                            0x0001abad   Thumb Code   166  am_util_stdio.o(.text.decstr_to_int)
    [Anonymous Symbol]                       0x0001abac   Section        0  am_util_stdio.o(.text.decstr_to_int)
    divu64_10                                0x0001ac55   Thumb Code   280  am_util_stdio.o(.text.divu64_10)
    [Anonymous Symbol]                       0x0001ac54   Section        0  am_util_stdio.o(.text.divu64_10)
    [Anonymous Symbol]                       0x0001ad6c   Section        0  hello_world_uart.o(.text.error_handler)
    ftoa                                     0x0001ad81   Thumb Code   560  am_util_stdio.o(.text.ftoa)
    [Anonymous Symbol]                       0x0001ad80   Section        0  am_util_stdio.o(.text.ftoa)
    get_raw_dcu_mask                         0x0001afb1   Thumb Code  1060  am_hal_dcu.o(.text.get_raw_dcu_mask)
    [Anonymous Symbol]                       0x0001afb0   Section        0  am_hal_dcu.o(.text.get_raw_dcu_mask)
    get_ui32_dcu_mask                        0x0001b3d5   Thumb Code   292  am_hal_dcu.o(.text.get_ui32_dcu_mask)
    [Anonymous Symbol]                       0x0001b3d4   Section        0  am_hal_dcu.o(.text.get_ui32_dcu_mask)
    [Anonymous Symbol]                       0x0001b4f8   Section        0  hello_world_uart.o(.text.main)
    ndigits_in_hex                           0x0001baad   Thumb Code    62  am_util_stdio.o(.text.ndigits_in_hex)
    [Anonymous Symbol]                       0x0001baac   Section        0  am_util_stdio.o(.text.ndigits_in_hex)
    ndigits_in_i64                           0x0001baed   Thumb Code    48  am_util_stdio.o(.text.ndigits_in_i64)
    [Anonymous Symbol]                       0x0001baec   Section        0  am_util_stdio.o(.text.ndigits_in_i64)
    ndigits_in_u64                           0x0001bb1d   Thumb Code    60  am_util_stdio.o(.text.ndigits_in_u64)
    [Anonymous Symbol]                       0x0001bb1c   Section        0  am_util_stdio.o(.text.ndigits_in_u64)
    nonblocking_read                         0x0001bb59   Thumb Code   138  am_hal_uart.o(.text.nonblocking_read)
    [Anonymous Symbol]                       0x0001bb58   Section        0  am_hal_uart.o(.text.nonblocking_read)
    nonblocking_read_sm                      0x0001bbe5   Thumb Code   256  am_hal_uart.o(.text.nonblocking_read_sm)
    [Anonymous Symbol]                       0x0001bbe4   Section        0  am_hal_uart.o(.text.nonblocking_read_sm)
    nonblocking_write                        0x0001bce5   Thumb Code   142  am_hal_uart.o(.text.nonblocking_write)
    [Anonymous Symbol]                       0x0001bce4   Section        0  am_hal_uart.o(.text.nonblocking_write)
    nonblocking_write_sm                     0x0001bd75   Thumb Code   352  am_hal_uart.o(.text.nonblocking_write_sm)
    [Anonymous Symbol]                       0x0001bd74   Section        0  am_hal_uart.o(.text.nonblocking_write_sm)
    padbuffer                                0x0001bed5   Thumb Code    80  am_util_stdio.o(.text.padbuffer)
    [Anonymous Symbol]                       0x0001bed4   Section        0  am_util_stdio.o(.text.padbuffer)
    revmaj_get                               0x0001bf25   Thumb Code    20  am_util_id.o(.text.revmaj_get)
    [Anonymous Symbol]                       0x0001bf24   Section        0  am_util_id.o(.text.revmaj_get)
    simple_strlen                            0x0001bf39   Thumb Code    54  am_util_stdio.o(.text.simple_strlen)
    [Anonymous Symbol]                       0x0001bf38   Section        0  am_util_stdio.o(.text.simple_strlen)
    [Anonymous Symbol]                       0x0001bf70   Section        0  hello_world_uart.o(.text.uart_print)
    uint64_to_hexstr                         0x0001bfe9   Thumb Code   192  am_util_stdio.o(.text.uint64_to_hexstr)
    [Anonymous Symbol]                       0x0001bfe8   Section        0  am_util_stdio.o(.text.uint64_to_hexstr)
    uint64_to_str                            0x0001c0a9   Thumb Code   136  am_util_stdio.o(.text.uint64_to_str)
    [Anonymous Symbol]                       0x0001c0a8   Section        0  am_util_stdio.o(.text.uint64_to_str)
    $v0                                      0x0001c130   Number         0  d2f.o(x$fpl$d2f)
    x$fpl$d2f                                0x0001c130   Section       98  d2f.o(x$fpl$d2f)
    $v0                                      0x0001c192   Number         0  dnaninf.o(x$fpl$dnaninf)
    x$fpl$dnaninf                            0x0001c192   Section      156  dnaninf.o(x$fpl$dnaninf)
    $v0                                      0x0001c22e   Number         0  fpinit.o(x$fpl$fpinit)
    x$fpl$fpinit                             0x0001c22e   Section       26  fpinit.o(x$fpl$fpinit)
    $v0                                      0x0001c248   Number         0  fretinf.o(x$fpl$fretinf)
    x$fpl$fretinf                            0x0001c248   Section       10  fretinf.o(x$fpl$fretinf)
    x$fpl$usenofp                            0x0001c252   Section        0  usenofp.o(x$fpl$usenofp)
    g_am_hal_mcuctrl_sku_ssram_size          0x0001c3f0   Data          16  am_hal_mcuctrl.o(.rodata.cst16)
    g_ui32RMpintbl                           0x0001c400   Data          16  am_hal_gpio.o(.rodata.cst16)
    g_DeviceNameApollo4l                     0x0001c41c   Data          13  am_util_id.o(.rodata.g_DeviceNameApollo4l)
    [Anonymous Symbol]                       0x0001c41c   Section        0  am_util_id.o(.rodata.g_DeviceNameApollo4l)
    g_TempRange                              0x0001c429   Data          44  am_util_id.o(.rodata.g_TempRange)
    [Anonymous Symbol]                       0x0001c429   Section        0  am_util_id.o(.rodata.g_TempRange)
    g_ui8DeviceNameUnknown                   0x0001c490   Data          15  am_util_id.o(.rodata.g_ui8DeviceNameUnknown)
    [Anonymous Symbol]                       0x0001c490   Section        0  am_util_id.o(.rodata.g_ui8DeviceNameUnknown)
    g_ui8VendorNameAmbq                      0x0001c4ad   Data           5  am_util_id.o(.rodata.g_ui8VendorNameAmbq)
    [Anonymous Symbol]                       0x0001c4ad   Section        0  am_util_id.o(.rodata.g_ui8VendorNameAmbq)
    g_ui8VendorNameUnknown                   0x0001c4b2   Data           5  am_util_id.o(.rodata.g_ui8VendorNameUnknown)
    [Anonymous Symbol]                       0x0001c4b2   Section        0  am_util_id.o(.rodata.g_ui8VendorNameUnknown)
    __tagsym$$used.7                         0x0001c4b8   Number         0  am_resources.o(.rodata.sGlobalAccess)
    .L.str                                   0x0001c4d4   Data          15  hello_world_uart.o(.rodata.str1.1)
    [Anonymous Symbol]                       0x0001c4d4   Section        0  hello_world_uart.o(.rodata.str1.1)
    .L.str.5                                 0x0001c4e3   Data         112  hello_world_uart.o(.rodata.str1.1)
    .L.str.6                                 0x0001c553   Data          30  hello_world_uart.o(.rodata.str1.1)
    .L.str.7                                 0x0001c571   Data          30  hello_world_uart.o(.rodata.str1.1)
    .L.str.8                                 0x0001c58f   Data          30  hello_world_uart.o(.rodata.str1.1)
    .L.str.20                                0x0001c5ad   Data          15  hello_world_uart.o(.rodata.str1.1)
    .L.str.38                                0x0001c5b0   Data          12  hello_world_uart.o(.rodata.str1.1)
    .L.str.37                                0x0001c5bc   Data          12  hello_world_uart.o(.rodata.str1.1)
    .L.str.19                                0x0001c5c8   Data          15  hello_world_uart.o(.rodata.str1.1)
    .L.str.21                                0x0001c5d7   Data          23  hello_world_uart.o(.rodata.str1.1)
    .L.str.33                                0x0001c5ee   Data          38  hello_world_uart.o(.rodata.str1.1)
    .L.str.34                                0x0001c614   Data          80  hello_world_uart.o(.rodata.str1.1)
    .L.str.45                                0x0001c664   Data          52  hello_world_uart.o(.rodata.str1.1)
    .L.str.44                                0x0001c698   Data          52  hello_world_uart.o(.rodata.str1.1)
    .L.str.35                                0x0001c6cc   Data          43  hello_world_uart.o(.rodata.str1.1)
    .L.str.36                                0x0001c6f7   Data          25  hello_world_uart.o(.rodata.str1.1)
    .L.str.14                                0x0001c710   Data          27  hello_world_uart.o(.rodata.str1.1)
    .L.str.9                                 0x0001c72b   Data          19  hello_world_uart.o(.rodata.str1.1)
    .L.str.10                                0x0001c73e   Data          19  hello_world_uart.o(.rodata.str1.1)
    .L.str.39                                0x0001c751   Data          27  hello_world_uart.o(.rodata.str1.1)
    .L.str.40                                0x0001c76c   Data          28  hello_world_uart.o(.rodata.str1.1)
    .L.str.4                                 0x0001c788   Data          20  hello_world_uart.o(.rodata.str1.1)
    .L.str.1                                 0x0001c79c   Data          20  hello_world_uart.o(.rodata.str1.1)
    .L.str.2                                 0x0001c7b0   Data          20  hello_world_uart.o(.rodata.str1.1)
    .L.str.13                                0x0001c7c4   Data          21  hello_world_uart.o(.rodata.str1.1)
    .L.str.11                                0x0001c7d9   Data          21  hello_world_uart.o(.rodata.str1.1)
    .L.str.3                                 0x0001c7ee   Data          20  hello_world_uart.o(.rodata.str1.1)
    .L.str.24                                0x0001c802   Data          34  hello_world_uart.o(.rodata.str1.1)
    .L.str.26                                0x0001c824   Data          16  hello_world_uart.o(.rodata.str1.1)
    .L.str.15                                0x0001c834   Data          38  hello_world_uart.o(.rodata.str1.1)
    .L.str.43                                0x0001c85a   Data          35  hello_world_uart.o(.rodata.str1.1)
    .L.str.32                                0x0001c87d   Data          28  hello_world_uart.o(.rodata.str1.1)
    .L.str.25                                0x0001c899   Data          23  hello_world_uart.o(.rodata.str1.1)
    .L.str.41                                0x0001c8b0   Data          35  hello_world_uart.o(.rodata.str1.1)
    .L.str.42                                0x0001c8d3   Data          32  hello_world_uart.o(.rodata.str1.1)
    .L.str.18                                0x0001c8f1   Data           2  hello_world_uart.o(.rodata.str1.1)
    .L.str.12                                0x0001c8f3   Data          14  hello_world_uart.o(.rodata.str1.1)
    .L.str.30                                0x0001c901   Data           4  hello_world_uart.o(.rodata.str1.1)
    .L.str.16                                0x0001c905   Data           7  hello_world_uart.o(.rodata.str1.1)
    .L.str.27                                0x0001c90c   Data           3  hello_world_uart.o(.rodata.str1.1)
    .L.str.28                                0x0001c90f   Data           3  hello_world_uart.o(.rodata.str1.1)
    .L.str.17                                0x0001c912   Data           6  hello_world_uart.o(.rodata.str1.1)
    .L.str.22                                0x0001c918   Data          22  hello_world_uart.o(.rodata.str1.1)
    .L.str.31                                0x0001c92e   Data          10  hello_world_uart.o(.rodata.str1.1)
    .L.str.23                                0x0001c938   Data          14  hello_world_uart.o(.rodata.str1.1)
    .L.str.29                                0x0001c946   Data           7  hello_world_uart.o(.rodata.str1.1)
    .L.str                                   0x0001c94d   Data          19  am_util_stdio.o(.rodata.str1.1)
    [Anonymous Symbol]                       0x0001c94d   Section        0  am_util_stdio.o(.rodata.str1.1)
    g_ui32DSpintbl                           0x0001c960   Data          16  am_hal_gpio.o(.rodata.str4.4)
    [Anonymous Symbol]                       0x0001c960   Section        0  am_hal_gpio.o(.rodata.str4.4)
    __tagsym$$used.1                         0x0001c970   Number         0  am_resources.o(.rodata.ui32DSP0Allowed)
    __tagsym$$used.2                         0x0001c984   Number         0  am_resources.o(.rodata.ui32DSP1Allowed)
    __tagsym$$used.0                         0x0001c998   Number         0  am_resources.o(.rodata.ui32MCUAllowed)
    __tagsym$$used.3                         0x0001c9ac   Number         0  am_resources.o(.rodata.ui32SharedAccess)
    .L_MergedGlobals                         0x10000000   Data          24  am_hal_dcu.o(.data..L_MergedGlobals)
    .L_MergedGlobals                         0x10000018   Data           8  am_hal_pwrctrl.o(.data..L_MergedGlobals)
    .bss                                     0x10000038   Section       96  libspace.o(.bss)
    .L_MergedGlobals.1                       0x10000098   Data          36  am_hal_pwrctrl.o(.bss..L_MergedGlobals.1)
    g_bBoostForCryptoApplied                 0x10000098   Data           1  am_hal_pwrctrl.o(.bss..L_MergedGlobals.1)
    g_bOrigTrimsStored                       0x10000099   Data           1  am_hal_pwrctrl.o(.bss..L_MergedGlobals.1)
    g_i32LatestVddfActTrim                   0x1000009c   Data           4  am_hal_pwrctrl.o(.bss..L_MergedGlobals.1)
    g_i32LatestLDOActTrim                    0x100000a0   Data           4  am_hal_pwrctrl.o(.bss..L_MergedGlobals.1)
    g_ui32VDDFAdjustCodes                    0x100000a4   Data           4  am_hal_pwrctrl.o(.bss..L_MergedGlobals.1)
    g_orig_ACTTRIMVDDF                       0x100000a8   Data           4  am_hal_pwrctrl.o(.bss..L_MergedGlobals.1)
    g_orig_MEMLDOACTIVETRIM                  0x100000ac   Data           4  am_hal_pwrctrl.o(.bss..L_MergedGlobals.1)
    g_orig_LPTRIMVDDF                        0x100000b0   Data           4  am_hal_pwrctrl.o(.bss..L_MergedGlobals.1)
    g_orig_MEMLPLDOTRIM                      0x100000b4   Data           4  am_hal_pwrctrl.o(.bss..L_MergedGlobals.1)
    g_orig_TVRGVREFTRIM                      0x100000b8   Data           4  am_hal_pwrctrl.o(.bss..L_MergedGlobals.1)
    g_bTxtXlate                              0x100005a4   Data           1  am_util_stdio.o(.bss.g_bTxtXlate)
    [Anonymous Symbol]                       0x100005a4   Section        0  am_util_stdio.o(.bss.g_bTxtXlate)
    g_prfbuf                                 0x100005ac   Data        1024  am_util_stdio.o(.bss.g_prfbuf)
    [Anonymous Symbol]                       0x100005ac   Section        0  am_util_stdio.o(.bss.g_prfbuf)
    HeapMem                                  0x100009b8   Data           0  startup_keil6.o(HEAP)
    StackMem                                 0x100009b8   Data           0  startup_keil6.o(STACK)
    HEAP                                     0x100009b8   Section        0  startup_keil6.o(HEAP)
    STACK                                    0x100009b8   Section     4096  startup_keil6.o(STACK)
    __tagsym$$used.8                         0x10060000   Number         0  am_resources.o(RESOURCE_TABLE)
    __tagsym$$used.4                         0x10060004   Number         0  am_resources.o(SHARED_RW)
    __tagsym$$used.5                         0x10060018   Number         0  am_resources.o(SHARED_RW)
    __tagsym$$used.6                         0x1006002c   Number         0  am_resources.o(SHARED_RW)

    Global Symbols

    Symbol Name                              Value     Ov Type        Size  Object(Section)

    BuildAttributes$$THM_ISAv4$E$P$D$K$B$S$7EM$VFPi3$EXTD16$VFPS$VFMA$PE$A:L22UL41UL21$X:L11$S22US41US21$IEEE1$IW$~IW$USESV6$~STKCKD$USESV7$~SHL$OTIME$ROPI$EBA8$UX$STANDARDLIB$REQ8$PRES8$EABIv2 0x00000000   Number         0  anon$$obj.o ABSOLUTE
    __ARM_exceptions_init                     - Undefined Weak Reference
    __alloca_initialize                       - Undefined Weak Reference
    __arm_preinit_                            - Undefined Weak Reference
    __arm_relocate_pie_                       - Undefined Weak Reference
    __cpp_initialize__aeabi_                  - Undefined Weak Reference
    __cxa_finalize                            - Undefined Weak Reference
    __rt_locale                               - Undefined Weak Reference
    __sigvec_lookup                           - Undefined Weak Reference
    _atexit_init                              - Undefined Weak Reference
    _call_atexit_fns                          - Undefined Weak Reference
    _clock_init                               - Undefined Weak Reference
    _fp_trap_init                             - Undefined Weak Reference
    _fp_trap_shutdown                         - Undefined Weak Reference
    _get_lc_collate                           - Undefined Weak Reference
    _get_lc_ctype                             - Undefined Weak Reference
    _get_lc_monetary                          - Undefined Weak Reference
    _get_lc_numeric                           - Undefined Weak Reference
    _get_lc_time                              - Undefined Weak Reference
    _getenv_init                              - Undefined Weak Reference
    _handle_redirection                       - Undefined Weak Reference
    _init_alloc                               - Undefined Weak Reference
    _init_user_alloc                          - Undefined Weak Reference
    _initio                                   - Undefined Weak Reference
    _rand_init                                - Undefined Weak Reference
    _signal_finish                            - Undefined Weak Reference
    _signal_init                              - Undefined Weak Reference
    _terminate_alloc                          - Undefined Weak Reference
    _terminate_user_alloc                     - Undefined Weak Reference
    _terminateio                              - Undefined Weak Reference
    __Vectors                                0x00018000   Data           0  startup_keil6.o(RESET)
    __Patchable                              0x00018190   Data           0  startup_keil6.o(RESET)
    Reset_Handler                            0x00018201   Thumb Code    28  startup_keil6.o(RESET)
    NMI_Handler                              0x0001821f   Thumb Code     2  startup_keil6.o(RESET)
    MemManage_Handler                        0x00018221   Thumb Code     2  startup_keil6.o(RESET)
    BusFault_Handler                         0x00018223   Thumb Code     2  startup_keil6.o(RESET)
    UsageFault_Handler                       0x00018225   Thumb Code     2  startup_keil6.o(RESET)
    SVC_Handler                              0x00018227   Thumb Code     2  startup_keil6.o(RESET)
    DebugMon_Handler                         0x00018229   Thumb Code     2  startup_keil6.o(RESET)
    PendSV_Handler                           0x0001822b   Thumb Code     2  startup_keil6.o(RESET)
    SysTick_Handler                          0x0001822d   Thumb Code     2  startup_keil6.o(RESET)
    am_adc_isr                               0x0001822f   Thumb Code     0  startup_keil6.o(RESET)
    am_audadc0_isr                           0x0001822f   Thumb Code     0  startup_keil6.o(RESET)
    am_brownout_isr                          0x0001822f   Thumb Code     0  startup_keil6.o(RESET)
    am_cachecpu_isr                          0x0001822f   Thumb Code     0  startup_keil6.o(RESET)
    am_clkgen_isr                            0x0001822f   Thumb Code     0  startup_keil6.o(RESET)
    am_ctimer_isr                            0x0001822f   Thumb Code     0  startup_keil6.o(RESET)
    am_disp_isr                              0x0001822f   Thumb Code     0  startup_keil6.o(RESET)
    am_dsi_isr                               0x0001822f   Thumb Code     0  startup_keil6.o(RESET)
    am_dspi2s0_isr                           0x0001822f   Thumb Code     0  startup_keil6.o(RESET)
    am_dspi2s1_isr                           0x0001822f   Thumb Code     0  startup_keil6.o(RESET)
    am_dspi2s2_isr                           0x0001822f   Thumb Code     0  startup_keil6.o(RESET)
    am_dspi2s3_isr                           0x0001822f   Thumb Code     0  startup_keil6.o(RESET)
    am_gpio0_001f_isr                        0x0001822f   Thumb Code     0  startup_keil6.o(RESET)
    am_gpio0_203f_isr                        0x0001822f   Thumb Code     0  startup_keil6.o(RESET)
    am_gpio0_405f_isr                        0x0001822f   Thumb Code     0  startup_keil6.o(RESET)
    am_gpio0_607f_isr                        0x0001822f   Thumb Code     0  startup_keil6.o(RESET)
    am_gpio1_001f_isr                        0x0001822f   Thumb Code     0  startup_keil6.o(RESET)
    am_gpio1_203f_isr                        0x0001822f   Thumb Code     0  startup_keil6.o(RESET)
    am_gpio1_405f_isr                        0x0001822f   Thumb Code     0  startup_keil6.o(RESET)
    am_gpio1_607f_isr                        0x0001822f   Thumb Code     0  startup_keil6.o(RESET)
    am_gpu_isr                               0x0001822f   Thumb Code     0  startup_keil6.o(RESET)
    am_iomaster0_isr                         0x0001822f   Thumb Code     0  startup_keil6.o(RESET)
    am_iomaster1_isr                         0x0001822f   Thumb Code     0  startup_keil6.o(RESET)
    am_iomaster2_isr                         0x0001822f   Thumb Code     0  startup_keil6.o(RESET)
    am_iomaster3_isr                         0x0001822f   Thumb Code     0  startup_keil6.o(RESET)
    am_iomaster4_isr                         0x0001822f   Thumb Code     0  startup_keil6.o(RESET)
    am_iomaster5_isr                         0x0001822f   Thumb Code     0  startup_keil6.o(RESET)
    am_iomaster6_isr                         0x0001822f   Thumb Code     0  startup_keil6.o(RESET)
    am_iomaster7_isr                         0x0001822f   Thumb Code     0  startup_keil6.o(RESET)
    am_ioslave_acc_isr                       0x0001822f   Thumb Code     0  startup_keil6.o(RESET)
    am_ioslave_ios_isr                       0x0001822f   Thumb Code     0  startup_keil6.o(RESET)
    am_mspi0_isr                             0x0001822f   Thumb Code     0  startup_keil6.o(RESET)
    am_mspi1_isr                             0x0001822f   Thumb Code     0  startup_keil6.o(RESET)
    am_mspi2_isr                             0x0001822f   Thumb Code     0  startup_keil6.o(RESET)
    am_pdm0_isr                              0x0001822f   Thumb Code     0  startup_keil6.o(RESET)
    am_pdm1_isr                              0x0001822f   Thumb Code     0  startup_keil6.o(RESET)
    am_pdm2_isr                              0x0001822f   Thumb Code     0  startup_keil6.o(RESET)
    am_pdm3_isr                              0x0001822f   Thumb Code     0  startup_keil6.o(RESET)
    am_rtc_isr                               0x0001822f   Thumb Code     0  startup_keil6.o(RESET)
    am_sdio_isr                              0x0001822f   Thumb Code     0  startup_keil6.o(RESET)
    am_stimer_cmpr0_isr                      0x0001822f   Thumb Code     0  startup_keil6.o(RESET)
    am_stimer_cmpr1_isr                      0x0001822f   Thumb Code     0  startup_keil6.o(RESET)
    am_stimer_cmpr2_isr                      0x0001822f   Thumb Code     0  startup_keil6.o(RESET)
    am_stimer_cmpr3_isr                      0x0001822f   Thumb Code     0  startup_keil6.o(RESET)
    am_stimer_cmpr4_isr                      0x0001822f   Thumb Code     0  startup_keil6.o(RESET)
    am_stimer_cmpr5_isr                      0x0001822f   Thumb Code     0  startup_keil6.o(RESET)
    am_stimer_cmpr6_isr                      0x0001822f   Thumb Code     0  startup_keil6.o(RESET)
    am_stimer_cmpr7_isr                      0x0001822f   Thumb Code     0  startup_keil6.o(RESET)
    am_stimerof_isr                          0x0001822f   Thumb Code     0  startup_keil6.o(RESET)
    am_timer00_isr                           0x0001822f   Thumb Code     0  startup_keil6.o(RESET)
    am_timer01_isr                           0x0001822f   Thumb Code     0  startup_keil6.o(RESET)
    am_timer02_isr                           0x0001822f   Thumb Code     0  startup_keil6.o(RESET)
    am_timer03_isr                           0x0001822f   Thumb Code     0  startup_keil6.o(RESET)
    am_timer04_isr                           0x0001822f   Thumb Code     0  startup_keil6.o(RESET)
    am_timer05_isr                           0x0001822f   Thumb Code     0  startup_keil6.o(RESET)
    am_timer06_isr                           0x0001822f   Thumb Code     0  startup_keil6.o(RESET)
    am_timer07_isr                           0x0001822f   Thumb Code     0  startup_keil6.o(RESET)
    am_timer08_isr                           0x0001822f   Thumb Code     0  startup_keil6.o(RESET)
    am_timer09_isr                           0x0001822f   Thumb Code     0  startup_keil6.o(RESET)
    am_timer10_isr                           0x0001822f   Thumb Code     0  startup_keil6.o(RESET)
    am_timer11_isr                           0x0001822f   Thumb Code     0  startup_keil6.o(RESET)
    am_timer12_isr                           0x0001822f   Thumb Code     0  startup_keil6.o(RESET)
    am_timer13_isr                           0x0001822f   Thumb Code     0  startup_keil6.o(RESET)
    am_timer14_isr                           0x0001822f   Thumb Code     0  startup_keil6.o(RESET)
    am_timer15_isr                           0x0001822f   Thumb Code     0  startup_keil6.o(RESET)
    am_uart1_isr                             0x0001822f   Thumb Code     0  startup_keil6.o(RESET)
    am_uart3_isr                             0x0001822f   Thumb Code     0  startup_keil6.o(RESET)
    am_uart_isr                              0x0001822f   Thumb Code     0  startup_keil6.o(RESET)
    am_usb_isr                               0x0001822f   Thumb Code     0  startup_keil6.o(RESET)
    am_vcomp_isr                             0x0001822f   Thumb Code     0  startup_keil6.o(RESET)
    am_watchdog_isr                          0x0001822f   Thumb Code     0  startup_keil6.o(RESET)
    __main                                   0x00018235   Thumb Code     8  __main.o(!!!main)
    __scatterload                            0x0001823d   Thumb Code     0  __scatter.o(!!!scatter)
    __scatterload_rt2                        0x0001823d   Thumb Code    84  __scatter.o(!!!scatter)
    __scatterload_rt2_thumb_only             0x0001823d   Thumb Code     0  __scatter.o(!!!scatter)
    __scatterload_loop                       0x00018247   Thumb Code     0  __scatter.o(!!!scatter)
    __scatterload_copy                       0x00018299   Thumb Code    26  __scatter_copy.o(!!handler_copy)
    __scatterload_null                       0x000182b5   Thumb Code     2  __scatter.o(!!handler_null)
    __scatterload_zeroinit                   0x000182b9   Thumb Code    28  __scatter_zi.o(!!handler_zi)
    __rt_lib_init                            0x000182d5   Thumb Code     0  libinit.o(.ARM.Collect$$libinit$$00000000)
    __rt_lib_init_fp_1                       0x000182d7   Thumb Code     0  libinit2.o(.ARM.Collect$$libinit$$00000001)
    __rt_lib_init_alloca_1                   0x000182db   Thumb Code     0  libinit2.o(.ARM.Collect$$libinit$$00000030)
    __rt_lib_init_argv_1                     0x000182db   Thumb Code     0  libinit2.o(.ARM.Collect$$libinit$$0000002E)
    __rt_lib_init_atexit_1                   0x000182db   Thumb Code     0  libinit2.o(.ARM.Collect$$libinit$$0000001D)
    __rt_lib_init_clock_1                    0x000182db   Thumb Code     0  libinit2.o(.ARM.Collect$$libinit$$00000023)
    __rt_lib_init_cpp_1                      0x000182db   Thumb Code     0  libinit2.o(.ARM.Collect$$libinit$$00000034)
    __rt_lib_init_exceptions_1               0x000182db   Thumb Code     0  libinit2.o(.ARM.Collect$$libinit$$00000032)
    __rt_lib_init_fp_trap_1                  0x000182db   Thumb Code     0  libinit2.o(.ARM.Collect$$libinit$$00000021)
    __rt_lib_init_getenv_1                   0x000182db   Thumb Code     0  libinit2.o(.ARM.Collect$$libinit$$00000025)
    __rt_lib_init_heap_1                     0x000182db   Thumb Code     0  libinit2.o(.ARM.Collect$$libinit$$0000000C)
    __rt_lib_init_lc_collate_1               0x000182db   Thumb Code     0  libinit2.o(.ARM.Collect$$libinit$$00000013)
    __rt_lib_init_lc_ctype_1                 0x000182db   Thumb Code     0  libinit2.o(.ARM.Collect$$libinit$$00000015)
    __rt_lib_init_lc_monetary_1              0x000182db   Thumb Code     0  libinit2.o(.ARM.Collect$$libinit$$00000017)
    __rt_lib_init_lc_numeric_1               0x000182db   Thumb Code     0  libinit2.o(.ARM.Collect$$libinit$$00000019)
    __rt_lib_init_lc_time_1                  0x000182db   Thumb Code     0  libinit2.o(.ARM.Collect$$libinit$$0000001B)
    __rt_lib_init_preinit_1                  0x000182db   Thumb Code     0  libinit2.o(.ARM.Collect$$libinit$$00000006)
    __rt_lib_init_rand_1                     0x000182db   Thumb Code     0  libinit2.o(.ARM.Collect$$libinit$$00000010)
    __rt_lib_init_relocate_pie_1             0x000182db   Thumb Code     0  libinit2.o(.ARM.Collect$$libinit$$00000004)
    __rt_lib_init_return                     0x000182db   Thumb Code     0  libinit2.o(.ARM.Collect$$libinit$$00000035)
    __rt_lib_init_signal_1                   0x000182db   Thumb Code     0  libinit2.o(.ARM.Collect$$libinit$$0000001F)
    __rt_lib_init_stdio_1                    0x000182db   Thumb Code     0  libinit2.o(.ARM.Collect$$libinit$$00000027)
    __rt_lib_init_user_alloc_1               0x000182db   Thumb Code     0  libinit2.o(.ARM.Collect$$libinit$$0000000E)
    __rt_lib_shutdown                        0x000182dd   Thumb Code     0  libshutdown.o(.ARM.Collect$$libshutdown$$00000000)
    __rt_lib_shutdown_cpp_1                  0x000182df   Thumb Code     0  libshutdown2.o(.ARM.Collect$$libshutdown$$00000002)
    __rt_lib_shutdown_fp_trap_1              0x000182df   Thumb Code     0  libshutdown2.o(.ARM.Collect$$libshutdown$$00000007)
    __rt_lib_shutdown_heap_1                 0x000182df   Thumb Code     0  libshutdown2.o(.ARM.Collect$$libshutdown$$0000000F)
    __rt_lib_shutdown_return                 0x000182df   Thumb Code     0  libshutdown2.o(.ARM.Collect$$libshutdown$$00000010)
    __rt_lib_shutdown_signal_1               0x000182df   Thumb Code     0  libshutdown2.o(.ARM.Collect$$libshutdown$$0000000A)
    __rt_lib_shutdown_stdio_1                0x000182df   Thumb Code     0  libshutdown2.o(.ARM.Collect$$libshutdown$$00000004)
    __rt_lib_shutdown_user_alloc_1           0x000182df   Thumb Code     0  libshutdown2.o(.ARM.Collect$$libshutdown$$0000000C)
    __rt_entry                               0x000182e1   Thumb Code     0  __rtentry.o(.ARM.Collect$$rtentry$$00000000)
    __rt_entry_presh_1                       0x000182e1   Thumb Code     0  __rtentry2.o(.ARM.Collect$$rtentry$$00000002)
    __rt_entry_sh                            0x000182e1   Thumb Code     0  __rtentry4.o(.ARM.Collect$$rtentry$$00000004)
    __rt_entry_li                            0x000182e7   Thumb Code     0  __rtentry2.o(.ARM.Collect$$rtentry$$0000000A)
    __rt_entry_postsh_1                      0x000182e7   Thumb Code     0  __rtentry2.o(.ARM.Collect$$rtentry$$00000009)
    __rt_entry_main                          0x000182eb   Thumb Code     0  __rtentry2.o(.ARM.Collect$$rtentry$$0000000D)
    __rt_entry_postli_1                      0x000182eb   Thumb Code     0  __rtentry2.o(.ARM.Collect$$rtentry$$0000000C)
    __rt_exit                                0x000182f3   Thumb Code     0  rtexit.o(.ARM.Collect$$rtexit$$00000000)
    __rt_exit_ls                             0x000182f5   Thumb Code     0  rtexit2.o(.ARM.Collect$$rtexit$$00000003)
    __rt_exit_prels_1                        0x000182f5   Thumb Code     0  rtexit2.o(.ARM.Collect$$rtexit$$00000002)
    __rt_exit_exit                           0x000182f9   Thumb Code     0  rtexit2.o(.ARM.Collect$$rtexit$$00000004)
    __user_initial_stackheap                 0x00018301   Thumb Code    10  startup_keil6.o(.text)
    __use_two_region_memory                  0x00018319   Thumb Code     2  heapauxi.o(.text)
    __rt_heap_escrow$2region                 0x0001831b   Thumb Code     2  heapauxi.o(.text)
    __rt_heap_expand$2region                 0x0001831d   Thumb Code     2  heapauxi.o(.text)
    __user_setup_stackheap                   0x0001831f   Thumb Code    74  sys_stackheap_outer.o(.text)
    exit                                     0x00018369   Thumb Code    18  exit.o(.text)
    __user_libspace                          0x0001837d   Thumb Code     8  libspace.o(.text)
    __user_perproc_libspace                  0x0001837d   Thumb Code     0  libspace.o(.text)
    __user_perthread_libspace                0x0001837d   Thumb Code     0  libspace.o(.text)
    _sys_exit                                0x00018385   Thumb Code     8  sys_exit.o(.text)
    __I$use$semihosting                      0x00018391   Thumb Code     0  use_no_semi.o(.text)
    __use_no_semihosting_swi                 0x00018391   Thumb Code     2  use_no_semi.o(.text)
    __semihosting_library_function           0x00018393   Thumb Code     0  indicate_semi.o(.text)
    HardFault_Handler                        0x00018395   Thumb Code    30  am_util_faultisr.o(.text.HardFault_Handler)
    am_bsp_low_power_init                    0x0001842d   Thumb Code    46  am_bsp.o(.text.am_bsp_low_power_init)
    am_getStackedReg                         0x0001845d   Thumb Code    18  am_util_faultisr.o(.text.am_getStackedReg)
    am_hal_cachectrl_config                  0x00018471   Thumb Code    68  am_hal_cachectrl.o(.text.am_hal_cachectrl_config)
    am_hal_cachectrl_enable                  0x000184b5   Thumb Code    30  am_hal_cachectrl.o(.text.am_hal_cachectrl_enable)
    am_hal_daxi_config                       0x000184d5   Thumb Code   172  am_hal_cachectrl.o(.text.am_hal_daxi_config)
    am_hal_daxi_control                      0x00018581   Thumb Code   278  am_hal_cachectrl.o(.text.am_hal_daxi_control)
    am_hal_dcu_get                           0x00018699   Thumb Code    62  am_hal_dcu.o(.text.am_hal_dcu_get)
    am_hal_dcu_lock_status_get               0x000186d9   Thumb Code    62  am_hal_dcu.o(.text.am_hal_dcu_lock_status_get)
    am_hal_dcu_update                        0x00018719   Thumb Code   162  am_hal_dcu.o(.text.am_hal_dcu_update)
    am_hal_delay_us                          0x000187bd   Thumb Code    54  am_hal_utils.o(.text.am_hal_delay_us)
    am_hal_delay_us_status_change            0x000187f5   Thumb Code    88  am_hal_utils.o(.text.am_hal_delay_us_status_change)
    am_hal_delay_us_status_check             0x0001884d   Thumb Code   152  am_hal_utils.o(.text.am_hal_delay_us_status_check)
    am_hal_fault_status_get                  0x000188e5   Thumb Code    58  am_hal_fault.o(.text.am_hal_fault_status_get)
    am_hal_gpio_pinconfig                    0x00018921   Thumb Code   152  am_hal_gpio.o(.text.am_hal_gpio_pinconfig)
    am_hal_gpio_state_write                  0x000189b9   Thumb Code   266  am_hal_gpio.o(.text.am_hal_gpio_state_write)
    am_hal_interrupt_master_disable          0x00018ac5   Thumb Code     8  am_hal_interrupt.o(.text.am_hal_interrupt_master_disable)
    am_hal_interrupt_master_enable           0x00018acd   Thumb Code     8  am_hal_interrupt.o(.text.am_hal_interrupt_master_enable)
    am_hal_interrupt_master_set              0x00018ad5   Thumb Code     6  am_hal_interrupt.o(.text.am_hal_interrupt_master_set)
    am_hal_mcuctrl_info_get                  0x00018add   Thumb Code   328  am_hal_mcuctrl.o(.text.am_hal_mcuctrl_info_get)
    am_hal_mram_info_read                    0x00018c2d   Thumb Code   176  am_hal_mram.o(.text.am_hal_mram_info_read)
    am_hal_pwrctrl_control                   0x00018cdd   Thumb Code   426  am_hal_pwrctrl.o(.text.am_hal_pwrctrl_control)
    am_hal_pwrctrl_low_power_init            0x00018e89   Thumb Code   274  am_hal_pwrctrl.o(.text.am_hal_pwrctrl_low_power_init)
    am_hal_pwrctrl_mcu_memory_config         0x00018f9d   Thumb Code   270  am_hal_pwrctrl.o(.text.am_hal_pwrctrl_mcu_memory_config)
    am_hal_pwrctrl_mcu_mode_select           0x000190ad   Thumb Code   158  am_hal_pwrctrl.o(.text.am_hal_pwrctrl_mcu_mode_select)
    am_hal_pwrctrl_mcu_mode_status           0x0001914d   Thumb Code    24  am_hal_pwrctrl.o(.text.am_hal_pwrctrl_mcu_mode_status)
    am_hal_pwrctrl_periph_disable            0x00019165   Thumb Code   308  am_hal_pwrctrl.o(.text.am_hal_pwrctrl_periph_disable)
    am_hal_pwrctrl_periph_enable             0x00019299   Thumb Code   424  am_hal_pwrctrl.o(.text.am_hal_pwrctrl_periph_enable)
    am_hal_pwrctrl_sram_config               0x00019441   Thumb Code   198  am_hal_pwrctrl.o(.text.am_hal_pwrctrl_sram_config)
    am_hal_queue_item_add                    0x00019509   Thumb Code   458  am_hal_queue.o(.text.am_hal_queue_item_add)
    am_hal_queue_item_get                    0x000196d5   Thumb Code   476  am_hal_queue.o(.text.am_hal_queue_item_get)
    am_hal_reset_status_get                  0x000198b1   Thumb Code   120  am_hal_reset.o(.text.am_hal_reset_status_get)
    am_hal_rtc_osc_disable                   0x00019929   Thumb Code    20  am_hal_rtc.o(.text.am_hal_rtc_osc_disable)
    am_hal_security_get_info                 0x0001993d   Thumb Code   184  am_hal_security.o(.text.am_hal_security_get_info)
    am_hal_security_get_socid                0x000199f5   Thumb Code    14  am_hal_security.o(.text.am_hal_security_get_socid)
    am_hal_sysctrl_sleep                     0x00019a05   Thumb Code   338  am_hal_sysctrl.o(.text.am_hal_sysctrl_sleep)
    am_hal_uart_configure                    0x00019b59   Thumb Code   376  am_hal_uart.o(.text.am_hal_uart_configure)
    am_hal_uart_initialize                   0x00019ce5   Thumb Code   112  am_hal_uart.o(.text.am_hal_uart_initialize)
    am_hal_uart_interrupt_clear              0x00019d55   Thumb Code    40  am_hal_uart.o(.text.am_hal_uart_interrupt_clear)
    am_hal_uart_interrupt_service            0x00019d7d   Thumb Code   210  am_hal_uart.o(.text.am_hal_uart_interrupt_service)
    am_hal_uart_interrupt_status_get         0x00019e51   Thumb Code    52  am_hal_uart.o(.text.am_hal_uart_interrupt_status_get)
    am_hal_uart_power_control                0x00019e85   Thumb Code   192  am_hal_uart.o(.text.am_hal_uart_power_control)
    am_hal_uart_transfer                     0x00019f45   Thumb Code   192  am_hal_uart.o(.text.am_hal_uart_transfer)
    am_hal_uart_tx_flush                     0x0001a005   Thumb Code   180  am_hal_uart.o(.text.am_hal_uart_tx_flush)
    am_uart2_isr                             0x0001a0b9   Thumb Code    48  hello_world_uart.o(.text.am_uart2_isr)
    am_util_faultisr_collect_data            0x0001a0e9   Thumb Code   214  am_util_faultisr.o(.text.am_util_faultisr_collect_data)
    am_util_id_device                        0x0001a1c1   Thumb Code   222  am_util_id.o(.text.am_util_id_device)
    am_util_stdio_printf                     0x0001a2a1   Thumb Code    92  am_util_stdio.o(.text.am_util_stdio_printf)
    am_util_stdio_printf_init                0x0001a2fd   Thumb Code    20  am_util_stdio.o(.text.am_util_stdio_printf_init)
    am_util_stdio_sprintf                    0x0001a311   Thumb Code    42  am_util_stdio.o(.text.am_util_stdio_sprintf)
    am_util_stdio_terminal_clear             0x0001a33d   Thumb Code    16  am_util_stdio.o(.text.am_util_stdio_terminal_clear)
    am_util_stdio_vsprintf                   0x0001a34d   Thumb Code  1620  am_util_stdio.o(.text.am_util_stdio_vsprintf)
    am_valid_sp                              0x0001a9a1   Thumb Code    54  am_util_faultisr.o(.text.am_valid_sp)
    buck_ldo_override_init                   0x0001a9d9   Thumb Code   172  am_hal_pwrctrl.o(.text.buck_ldo_override_init)
    buck_ldo_update_override                 0x0001aa85   Thumb Code    42  am_hal_pwrctrl.o(.text.buck_ldo_update_override)
    crypto_boost_trims                       0x0001aae5   Thumb Code   200  am_hal_pwrctrl.o(.text.crypto_boost_trims)
    error_handler                            0x0001ad6d   Thumb Code    20  hello_world_uart.o(.text.error_handler)
    main                                     0x0001b4f9   Thumb Code  1458  hello_world_uart.o(.text.main)
    uart_print                               0x0001bf71   Thumb Code   120  hello_world_uart.o(.text.uart_print)
    __aeabi_d2f                              0x0001c131   Thumb Code     0  d2f.o(x$fpl$d2f)
    _d2f                                     0x0001c131   Thumb Code    98  d2f.o(x$fpl$d2f)
    __fpl_dnaninf                            0x0001c193   Thumb Code   156  dnaninf.o(x$fpl$dnaninf)
    _fp_init                                 0x0001c22f   Thumb Code    26  fpinit.o(x$fpl$fpinit)
    __fplib_config_fpu_vfp                   0x0001c247   Thumb Code     0  fpinit.o(x$fpl$fpinit)
    __fplib_config_pureend_doubles           0x0001c247   Thumb Code     0  fpinit.o(x$fpl$fpinit)
    __fpl_fretinf                            0x0001c249   Thumb Code    10  fretinf.o(x$fpl$fretinf)
    __I$use$fp                               0x0001c252   Number         0  usenofp.o(x$fpl$usenofp)
    am_hal_cachectrl_defaults                0x0001c252   Data           3  am_hal_cachectrl.o(.rodata.am_hal_cachectrl_defaults)
    am_hal_daxi_defaults                     0x0001c255   Data           5  am_hal_cachectrl.o(.rodata.am_hal_daxi_defaults)
    am_hal_gpio_pincfg_output                0x0001c25c   Data           4  am_hal_gpio.o(.rodata.am_hal_gpio_pincfg_output)
    am_hal_pwrctrl_peripheral_control        0x0001c260   Data         400  am_hal_pwrctrl.o(.rodata.am_hal_pwrctrl_peripheral_control)
    g_DefaultMcuMemCfg                       0x0001c410   Data           6  am_hal_pwrctrl.o(.rodata.g_DefaultMcuMemCfg)
    g_DefaultSRAMCfg                         0x0001c416   Data           6  am_hal_pwrctrl.o(.rodata.g_DefaultSRAMCfg)
    g_am_hal_bootrom_helper                  0x0001c458   Data          40  am_hal_bootrom_helper.o(.rodata.g_am_hal_bootrom_helper)
    g_sUartConfig                            0x0001c480   Data          12  hello_world_uart.o(.rodata.g_sUartConfig)
    g_ui32HALversion                         0x0001c48c   Data           4  am_hal_global.o(.rodata.g_ui32HALversion)
    g_ui8HALcompiler                         0x0001c49f   Data          14  am_hal_global.o(.rodata.g_ui8HALcompiler)
    sGlobalAccess                            0x0001c4b8   Data          28  am_resources.o(.rodata.sGlobalAccess)
    ui32DSP0Allowed                          0x0001c970   Data          20  am_resources.o(.rodata.ui32DSP0Allowed)
    ui32DSP1Allowed                          0x0001c984   Data          20  am_resources.o(.rodata.ui32DSP1Allowed)
    ui32MCUAllowed                           0x0001c998   Data          20  am_resources.o(.rodata.ui32MCUAllowed)
    ui32SharedAccess                         0x0001c9ac   Data          20  am_resources.o(.rodata.ui32SharedAccess)
    Region$$Table$$Base                      0x0001c9c0   Number         0  anon$$obj.o(Region$$Table)
    Region$$Table$$Limit                     0x0001c9f0   Number         0  anon$$obj.o(Region$$Table)
    gpDcuEnable                              0x10000000   Data           4  am_hal_dcu.o(.data..L_MergedGlobals)
    gpDcuLock                                0x10000004   Data           4  am_hal_dcu.o(.data..L_MergedGlobals)
    gDcuEnable                               0x10000008   Data           8  am_hal_dcu.o(.data..L_MergedGlobals)
    gDcuDisable                              0x10000010   Data           8  am_hal_dcu.o(.data..L_MergedGlobals)
    g_ui32TrimVer                            0x10000018   Data           4  am_hal_pwrctrl.o(.data..L_MergedGlobals)
    g_ui32origSimobuckVDDStrim               0x1000001c   Data           4  am_hal_pwrctrl.o(.data..L_MergedGlobals)
    gDaxiConfig                              0x10000020   Data           5  am_hal_cachectrl.o(.data.gDaxiConfig)
    g_AM_BSP_GPIO_COM_UART_RX                0x10000028   Data           4  am_bsp_pins.o(.data.g_AM_BSP_GPIO_COM_UART_RX)
    g_AM_BSP_GPIO_COM_UART_TX                0x1000002c   Data           4  am_bsp_pins.o(.data.g_AM_BSP_GPIO_COM_UART_TX)
    g_eCurrPwrMode                           0x10000030   Data           1  am_hal_pwrctrl.o(.data.g_eCurrPwrMode)
    __libspace_start                         0x10000038   Data          96  libspace.o(.bss)
    __temporary_stack_top$libspace           0x10000098   Data           0  libspace.o(.bss)
    gAmHalResetStatus                        0x100000bc   Data           4  am_hal_reset.o(.bss.gAmHalResetStatus)
    gFaultStack                              0x100000c0   Data         512  am_util_faultisr.o(.bss.gFaultStack)
    gStartOff                                0x100002c0   Data           4  am_hal_dcu.o(.bss.gStartOff)
    g_am_hal_uart_states                     0x100002c4   Data         736  am_hal_uart.o(.bss.g_am_hal_uart_states)
    g_pfnCharPrint                           0x100005a8   Data           4  am_util_stdio.o(.bss.g_pfnCharPrint)
    phUART                                   0x100009ac   Data           4  hello_world_uart.o(.bss.phUART)
    ui32LastError                            0x100009b0   Data           4  hello_world_uart.o(.bss.ui32LastError)
    psGlobalAccessPtr                        0x10060000   Data           4  am_resources.o(RESOURCE_TABLE)
    ui32MCUClaimed                           0x10060004   Data          20  am_resources.o(SHARED_RW)
    ui32DSP0Claimed                          0x10060018   Data          20  am_resources.o(SHARED_RW)
    ui32DSP1Claimed                          0x1006002c   Data          20  am_resources.o(SHARED_RW)



==============================================================================

Memory Map of the image

  Image Entry point : 0x00018235

  Load Region LR_1 (Base: 0x00018000, Size: 0x00004a68, Max: 0xffffffff, ABSOLUTE)

    Execution Region MCU_MRAM (Exec base: 0x00018000, Load base: 0x00018000, Size: 0x000049f0, Max: 0x001e8000, ABSOLUTE)

    Exec Addr    Load Addr    Size         Type   Attr      Idx    E Section Name        Object

    0x00018000   0x00018000   0x00000234   Code   RO          166    RESET               startup_keil6.o
    0x00018234   0x00018234   0x00000008   Code   RO          768  * !!!main             c_w.l(__main.o)
    0x0001823c   0x0001823c   0x0000005c   Code   RO          942    !!!scatter          c_w.l(__scatter.o)
    0x00018298   0x00018298   0x0000001a   Code   RO          770    !!handler_copy      c_w.l(__scatter_copy.o)
    0x000182b2   0x000182b2   0x00000002   PAD
    0x000182b4   0x000182b4   0x00000002   Code   RO          943    !!handler_null      c_w.l(__scatter.o)
    0x000182b6   0x000182b6   0x00000002   PAD
    0x000182b8   0x000182b8   0x0000001c   Code   RO          946    !!handler_zi        c_w.l(__scatter_zi.o)
    0x000182d4   0x000182d4   0x00000002   Code   RO          804    .ARM.Collect$$libinit$$00000000  c_w.l(libinit.o)
    0x000182d6   0x000182d6   0x00000004   Code   RO          810    .ARM.Collect$$libinit$$00000001  c_w.l(libinit2.o)
    0x000182da   0x000182da   0x00000000   Code   RO          813    .ARM.Collect$$libinit$$00000004  c_w.l(libinit2.o)
    0x000182da   0x000182da   0x00000000   Code   RO          815    .ARM.Collect$$libinit$$00000006  c_w.l(libinit2.o)
    0x000182da   0x000182da   0x00000000   Code   RO          818    .ARM.Collect$$libinit$$0000000C  c_w.l(libinit2.o)
    0x000182da   0x000182da   0x00000000   Code   RO          820    .ARM.Collect$$libinit$$0000000E  c_w.l(libinit2.o)
    0x000182da   0x000182da   0x00000000   Code   RO          822    .ARM.Collect$$libinit$$00000010  c_w.l(libinit2.o)
    0x000182da   0x000182da   0x00000000   Code   RO          825    .ARM.Collect$$libinit$$00000013  c_w.l(libinit2.o)
    0x000182da   0x000182da   0x00000000   Code   RO          827    .ARM.Collect$$libinit$$00000015  c_w.l(libinit2.o)
    0x000182da   0x000182da   0x00000000   Code   RO          829    .ARM.Collect$$libinit$$00000017  c_w.l(libinit2.o)
    0x000182da   0x000182da   0x00000000   Code   RO          831    .ARM.Collect$$libinit$$00000019  c_w.l(libinit2.o)
    0x000182da   0x000182da   0x00000000   Code   RO          833    .ARM.Collect$$libinit$$0000001B  c_w.l(libinit2.o)
    0x000182da   0x000182da   0x00000000   Code   RO          835    .ARM.Collect$$libinit$$0000001D  c_w.l(libinit2.o)
    0x000182da   0x000182da   0x00000000   Code   RO          837    .ARM.Collect$$libinit$$0000001F  c_w.l(libinit2.o)
    0x000182da   0x000182da   0x00000000   Code   RO          839    .ARM.Collect$$libinit$$00000021  c_w.l(libinit2.o)
    0x000182da   0x000182da   0x00000000   Code   RO          841    .ARM.Collect$$libinit$$00000023  c_w.l(libinit2.o)
    0x000182da   0x000182da   0x00000000   Code   RO          843    .ARM.Collect$$libinit$$00000025  c_w.l(libinit2.o)
    0x000182da   0x000182da   0x00000000   Code   RO          845    .ARM.Collect$$libinit$$00000027  c_w.l(libinit2.o)
    0x000182da   0x000182da   0x00000000   Code   RO          849    .ARM.Collect$$libinit$$0000002E  c_w.l(libinit2.o)
    0x000182da   0x000182da   0x00000000   Code   RO          851    .ARM.Collect$$libinit$$00000030  c_w.l(libinit2.o)
    0x000182da   0x000182da   0x00000000   Code   RO          853    .ARM.Collect$$libinit$$00000032  c_w.l(libinit2.o)
    0x000182da   0x000182da   0x00000000   Code   RO          855    .ARM.Collect$$libinit$$00000034  c_w.l(libinit2.o)
    0x000182da   0x000182da   0x00000002   Code   RO          856    .ARM.Collect$$libinit$$00000035  c_w.l(libinit2.o)
    0x000182dc   0x000182dc   0x00000002   Code   RO          878    .ARM.Collect$$libshutdown$$00000000  c_w.l(libshutdown.o)
    0x000182de   0x000182de   0x00000000   Code   RO          893    .ARM.Collect$$libshutdown$$00000002  c_w.l(libshutdown2.o)
    0x000182de   0x000182de   0x00000000   Code   RO          895    .ARM.Collect$$libshutdown$$00000004  c_w.l(libshutdown2.o)
    0x000182de   0x000182de   0x00000000   Code   RO          898    .ARM.Collect$$libshutdown$$00000007  c_w.l(libshutdown2.o)
    0x000182de   0x000182de   0x00000000   Code   RO          901    .ARM.Collect$$libshutdown$$0000000A  c_w.l(libshutdown2.o)
    0x000182de   0x000182de   0x00000000   Code   RO          903    .ARM.Collect$$libshutdown$$0000000C  c_w.l(libshutdown2.o)
    0x000182de   0x000182de   0x00000000   Code   RO          906    .ARM.Collect$$libshutdown$$0000000F  c_w.l(libshutdown2.o)
    0x000182de   0x000182de   0x00000002   Code   RO          907    .ARM.Collect$$libshutdown$$00000010  c_w.l(libshutdown2.o)
    0x000182e0   0x000182e0   0x00000000   Code   RO          774    .ARM.Collect$$rtentry$$00000000  c_w.l(__rtentry.o)
    0x000182e0   0x000182e0   0x00000000   Code   RO          781    .ARM.Collect$$rtentry$$00000002  c_w.l(__rtentry2.o)
    0x000182e0   0x000182e0   0x00000006   Code   RO          793    .ARM.Collect$$rtentry$$00000004  c_w.l(__rtentry4.o)
    0x000182e6   0x000182e6   0x00000000   Code   RO          783    .ARM.Collect$$rtentry$$00000009  c_w.l(__rtentry2.o)
    0x000182e6   0x000182e6   0x00000004   Code   RO          784    .ARM.Collect$$rtentry$$0000000A  c_w.l(__rtentry2.o)
    0x000182ea   0x000182ea   0x00000000   Code   RO          786    .ARM.Collect$$rtentry$$0000000C  c_w.l(__rtentry2.o)
    0x000182ea   0x000182ea   0x00000008   Code   RO          787    .ARM.Collect$$rtentry$$0000000D  c_w.l(__rtentry2.o)
    0x000182f2   0x000182f2   0x00000002   Code   RO          808    .ARM.Collect$$rtexit$$00000000  c_w.l(rtexit.o)
    0x000182f4   0x000182f4   0x00000000   Code   RO          858    .ARM.Collect$$rtexit$$00000002  c_w.l(rtexit2.o)
    0x000182f4   0x000182f4   0x00000004   Code   RO          859    .ARM.Collect$$rtexit$$00000003  c_w.l(rtexit2.o)
    0x000182f8   0x000182f8   0x00000006   Code   RO          860    .ARM.Collect$$rtexit$$00000004  c_w.l(rtexit2.o)
    0x000182fe   0x000182fe   0x00000002   PAD
    0x00018300   0x00018300   0x00000018   Code   RO          167    .text               startup_keil6.o
    0x00018318   0x00018318   0x00000006   Code   RO          766    .text               c_w.l(heapauxi.o)
    0x0001831e   0x0001831e   0x0000004a   Code   RO          795    .text               c_w.l(sys_stackheap_outer.o)
    0x00018368   0x00018368   0x00000012   Code   RO          797    .text               c_w.l(exit.o)
    0x0001837a   0x0001837a   0x00000002   PAD
    0x0001837c   0x0001837c   0x00000008   Code   RO          805    .text               c_w.l(libspace.o)
    0x00018384   0x00018384   0x0000000c   Code   RO          868    .text               c_w.l(sys_exit.o)
    0x00018390   0x00018390   0x00000002   Code   RO          883    .text               c_w.l(use_no_semi.o)
    0x00018392   0x00018392   0x00000000   Code   RO          885    .text               c_w.l(indicate_semi.o)
    0x00018392   0x00018392   0x00000002   PAD
    0x00018394   0x00018394   0x00000024   Code   RO           56    .text.HardFault_Handler  am_util_faultisr.o
    0x000183b8   0x000183b8   0x00000030   Code   RO           27    .text.__NVIC_EnableIRQ  hello_world_uart.o
    0x000183e8   0x000183e8   0x00000042   Code   RO           25    .text.__NVIC_SetPriority  hello_world_uart.o
    0x0001842a   0x0001842a   0x00000002   PAD
    0x0001842c   0x0001842c   0x0000002e   Code   RO          426    .text.am_bsp_low_power_init  libam_bsp.lib(am_bsp.o)
    0x0001845a   0x0001845a   0x00000002   PAD
    0x0001845c   0x0001845c   0x00000012   Code   RO           58    .text.am_getStackedReg  am_util_faultisr.o
    0x0001846e   0x0001846e   0x00000002   PAD
    0x00018470   0x00018470   0x00000044   Code   RO          177    .text.am_hal_cachectrl_config  libam_hal.lib(am_hal_cachectrl.o)
    0x000184b4   0x000184b4   0x0000001e   Code   RO          179    .text.am_hal_cachectrl_enable  libam_hal.lib(am_hal_cachectrl.o)
    0x000184d2   0x000184d2   0x00000002   PAD
    0x000184d4   0x000184d4   0x000000ac   Code   RO          187    .text.am_hal_daxi_config  libam_hal.lib(am_hal_cachectrl.o)
    0x00018580   0x00018580   0x00000116   Code   RO          189    .text.am_hal_daxi_control  libam_hal.lib(am_hal_cachectrl.o)
    0x00018696   0x00018696   0x00000002   PAD
    0x00018698   0x00018698   0x0000003e   Code   RO          351    .text.am_hal_dcu_get  libam_hal.lib(am_hal_dcu.o)
    0x000186d6   0x000186d6   0x00000002   PAD
    0x000186d8   0x000186d8   0x0000003e   Code   RO          343    .text.am_hal_dcu_lock_status_get  libam_hal.lib(am_hal_dcu.o)
    0x00018716   0x00018716   0x00000002   PAD
    0x00018718   0x00018718   0x000000a2   Code   RO          353    .text.am_hal_dcu_update  libam_hal.lib(am_hal_dcu.o)
    0x000187ba   0x000187ba   0x00000002   PAD
    0x000187bc   0x000187bc   0x00000036   Code   RO          331    .text.am_hal_delay_us  libam_hal.lib(am_hal_utils.o)
    0x000187f2   0x000187f2   0x00000002   PAD
    0x000187f4   0x000187f4   0x00000058   Code   RO          333    .text.am_hal_delay_us_status_change  libam_hal.lib(am_hal_utils.o)
    0x0001884c   0x0001884c   0x00000098   Code   RO          335    .text.am_hal_delay_us_status_check  libam_hal.lib(am_hal_utils.o)
    0x000188e4   0x000188e4   0x0000003a   Code   RO          204    .text.am_hal_fault_status_get  libam_hal.lib(am_hal_fault.o)
    0x0001891e   0x0001891e   0x00000002   PAD
    0x00018920   0x00018920   0x00000098   Code   RO          374    .text.am_hal_gpio_pinconfig  libam_hal.lib(am_hal_gpio.o)
    0x000189b8   0x000189b8   0x0000010a   Code   RO          380    .text.am_hal_gpio_state_write  libam_hal.lib(am_hal_gpio.o)
    0x00018ac2   0x00018ac2   0x00000002   PAD
    0x00018ac4   0x00018ac4   0x00000008   Code   RO          210    .text.am_hal_interrupt_master_disable  libam_hal.lib(am_hal_interrupt.o)
    0x00018acc   0x00018acc   0x00000008   Code   RO          208    .text.am_hal_interrupt_master_enable  libam_hal.lib(am_hal_interrupt.o)
    0x00018ad4   0x00018ad4   0x00000006   Code   RO          212    .text.am_hal_interrupt_master_set  libam_hal.lib(am_hal_interrupt.o)
    0x00018ada   0x00018ada   0x00000002   PAD
    0x00018adc   0x00018adc   0x00000150   Code   RO          222    .text.am_hal_mcuctrl_info_get  libam_hal.lib(am_hal_mcuctrl.o)
    0x00018c2c   0x00018c2c   0x000000b0   Code   RO          239    .text.am_hal_mram_info_read  libam_hal.lib(am_hal_mram.o)
    0x00018cdc   0x00018cdc   0x000001aa   Code   RO          745    .text.am_hal_pwrctrl_control  libam_hal.lib(am_hal_pwrctrl.o)
    0x00018e86   0x00018e86   0x00000002   PAD
    0x00018e88   0x00018e88   0x00000112   Code   RO          739    .text.am_hal_pwrctrl_low_power_init  libam_hal.lib(am_hal_pwrctrl.o)
    0x00018f9a   0x00018f9a   0x00000002   PAD
    0x00018f9c   0x00018f9c   0x0000010e   Code   RO          721    .text.am_hal_pwrctrl_mcu_memory_config  libam_hal.lib(am_hal_pwrctrl.o)
    0x000190aa   0x000190aa   0x00000002   PAD
    0x000190ac   0x000190ac   0x0000009e   Code   RO          719    .text.am_hal_pwrctrl_mcu_mode_select  libam_hal.lib(am_hal_pwrctrl.o)
    0x0001914a   0x0001914a   0x00000002   PAD
    0x0001914c   0x0001914c   0x00000018   Code   RO          717    .text.am_hal_pwrctrl_mcu_mode_status  libam_hal.lib(am_hal_pwrctrl.o)
    0x00019164   0x00019164   0x00000134   Code   RO          733    .text.am_hal_pwrctrl_periph_disable  libam_hal.lib(am_hal_pwrctrl.o)
    0x00019298   0x00019298   0x000001a8   Code   RO          731    .text.am_hal_pwrctrl_periph_enable  libam_hal.lib(am_hal_pwrctrl.o)
    0x00019440   0x00019440   0x000000c6   Code   RO          725    .text.am_hal_pwrctrl_sram_config  libam_hal.lib(am_hal_pwrctrl.o)
    0x00019506   0x00019506   0x00000002   PAD
    0x00019508   0x00019508   0x000001ca   Code   RO          759    .text.am_hal_queue_item_add  libam_hal.lib(am_hal_queue.o)
    0x000196d2   0x000196d2   0x00000002   PAD
    0x000196d4   0x000196d4   0x000001dc   Code   RO          761    .text.am_hal_queue_item_get  libam_hal.lib(am_hal_queue.o)
    0x000198b0   0x000198b0   0x00000078   Code   RO          249    .text.am_hal_reset_status_get  libam_hal.lib(am_hal_reset.o)
    0x00019928   0x00019928   0x00000014   Code   RO          683    .text.am_hal_rtc_osc_disable  libam_hal.lib(am_hal_rtc.o)
    0x0001993c   0x0001993c   0x000000b8   Code   RO          412    .text.am_hal_security_get_info  libam_hal.lib(am_hal_security.o)
    0x000199f4   0x000199f4   0x0000000e   Code   RO          414    .text.am_hal_security_get_socid  libam_hal.lib(am_hal_security.o)
    0x00019a02   0x00019a02   0x00000002   PAD
    0x00019a04   0x00019a04   0x00000152   Code   RO          262    .text.am_hal_sysctrl_sleep  libam_hal.lib(am_hal_sysctrl.o)
    0x00019b56   0x00019b56   0x00000002   PAD
    0x00019b58   0x00019b58   0x0000018c   Code   RO          296    .text.am_hal_uart_configure  libam_hal.lib(am_hal_uart.o)
    0x00019ce4   0x00019ce4   0x00000070   Code   RO          278    .text.am_hal_uart_initialize  libam_hal.lib(am_hal_uart.o)
    0x00019d54   0x00019d54   0x00000028   Code   RO          284    .text.am_hal_uart_interrupt_clear  libam_hal.lib(am_hal_uart.o)
    0x00019d7c   0x00019d7c   0x000000d2   Code   RO          322    .text.am_hal_uart_interrupt_service  libam_hal.lib(am_hal_uart.o)
    0x00019e4e   0x00019e4e   0x00000002   PAD
    0x00019e50   0x00019e50   0x00000034   Code   RO          320    .text.am_hal_uart_interrupt_status_get  libam_hal.lib(am_hal_uart.o)
    0x00019e84   0x00019e84   0x000000c0   Code   RO          282    .text.am_hal_uart_power_control  libam_hal.lib(am_hal_uart.o)
    0x00019f44   0x00019f44   0x000000c0   Code   RO          302    .text.am_hal_uart_transfer  libam_hal.lib(am_hal_uart.o)
    0x0001a004   0x0001a004   0x000000b4   Code   RO          312    .text.am_hal_uart_tx_flush  libam_hal.lib(am_hal_uart.o)
    0x0001a0b8   0x0001a0b8   0x00000030   Code   RO           19    .text.am_uart2_isr  hello_world_uart.o
    0x0001a0e8   0x0001a0e8   0x000000d6   Code   RO           60    .text.am_util_faultisr_collect_data  am_util_faultisr.o
    0x0001a1be   0x0001a1be   0x00000002   PAD
    0x0001a1c0   0x0001a1c0   0x000000de   Code   RO           72    .text.am_util_id_device  am_util_id.o
    0x0001a29e   0x0001a29e   0x00000002   PAD
    0x0001a2a0   0x0001a2a0   0x0000005c   Code   RO          118    .text.am_util_stdio_printf  am_util_stdio.o
    0x0001a2fc   0x0001a2fc   0x00000014   Code   RO           90    .text.am_util_stdio_printf_init  am_util_stdio.o
    0x0001a310   0x0001a310   0x0000002a   Code   RO          116    .text.am_util_stdio_sprintf  am_util_stdio.o
    0x0001a33a   0x0001a33a   0x00000002   PAD
    0x0001a33c   0x0001a33c   0x00000010   Code   RO          126    .text.am_util_stdio_terminal_clear  am_util_stdio.o
    0x0001a34c   0x0001a34c   0x00000654   Code   RO           96    .text.am_util_stdio_vsprintf  am_util_stdio.o
    0x0001a9a0   0x0001a9a0   0x00000036   Code   RO           62    .text.am_valid_sp   am_util_faultisr.o
    0x0001a9d6   0x0001a9d6   0x00000002   PAD
    0x0001a9d8   0x0001a9d8   0x000000ac   Code   RO          741    .text.buck_ldo_override_init  libam_hal.lib(am_hal_pwrctrl.o)
    0x0001aa84   0x0001aa84   0x0000002a   Code   RO          743    .text.buck_ldo_update_override  libam_hal.lib(am_hal_pwrctrl.o)
    0x0001aaae   0x0001aaae   0x00000002   PAD
    0x0001aab0   0x0001aab0   0x00000034   Code   RO           76    .text.chiprev_set   am_util_id.o
    0x0001aae4   0x0001aae4   0x000000c8   Code   RO          729    .text.crypto_boost_trims  libam_hal.lib(am_hal_pwrctrl.o)
    0x0001abac   0x0001abac   0x000000a6   Code   RO           98    .text.decstr_to_int  am_util_stdio.o
    0x0001ac52   0x0001ac52   0x00000002   PAD
    0x0001ac54   0x0001ac54   0x00000118   Code   RO          128    .text.divu64_10     am_util_stdio.o
    0x0001ad6c   0x0001ad6c   0x00000014   Code   RO           17    .text.error_handler  hello_world_uart.o
    0x0001ad80   0x0001ad80   0x00000230   Code   RO          114    .text.ftoa          am_util_stdio.o
    0x0001afb0   0x0001afb0   0x00000424   Code   RO          349    .text.get_raw_dcu_mask  libam_hal.lib(am_hal_dcu.o)
    0x0001b3d4   0x0001b3d4   0x00000124   Code   RO          345    .text.get_ui32_dcu_mask  libam_hal.lib(am_hal_dcu.o)
    0x0001b4f8   0x0001b4f8   0x000005b2   Code   RO           23    .text.main          hello_world_uart.o
    0x0001baaa   0x0001baaa   0x00000002   PAD
    0x0001baac   0x0001baac   0x0000003e   Code   RO          104    .text.ndigits_in_hex  am_util_stdio.o
    0x0001baea   0x0001baea   0x00000002   PAD
    0x0001baec   0x0001baec   0x00000030   Code   RO          112    .text.ndigits_in_i64  am_util_stdio.o
    0x0001bb1c   0x0001bb1c   0x0000003c   Code   RO          108    .text.ndigits_in_u64  am_util_stdio.o
    0x0001bb58   0x0001bb58   0x0000008a   Code   RO          306    .text.nonblocking_read  libam_hal.lib(am_hal_uart.o)
    0x0001bbe2   0x0001bbe2   0x00000002   PAD
    0x0001bbe4   0x0001bbe4   0x00000100   Code   RO          324    .text.nonblocking_read_sm  libam_hal.lib(am_hal_uart.o)
    0x0001bce4   0x0001bce4   0x0000008e   Code   RO          304    .text.nonblocking_write  libam_hal.lib(am_hal_uart.o)
    0x0001bd72   0x0001bd72   0x00000002   PAD
    0x0001bd74   0x0001bd74   0x00000160   Code   RO          326    .text.nonblocking_write_sm  libam_hal.lib(am_hal_uart.o)
    0x0001bed4   0x0001bed4   0x00000050   Code   RO          102    .text.padbuffer     am_util_stdio.o
    0x0001bf24   0x0001bf24   0x00000014   Code   RO           74    .text.revmaj_get    am_util_id.o
    0x0001bf38   0x0001bf38   0x00000036   Code   RO          100    .text.simple_strlen  am_util_stdio.o
    0x0001bf6e   0x0001bf6e   0x00000002   PAD
    0x0001bf70   0x0001bf70   0x00000078   Code   RO           21    .text.uart_print    hello_world_uart.o
    0x0001bfe8   0x0001bfe8   0x000000c0   Code   RO          106    .text.uint64_to_hexstr  am_util_stdio.o
    0x0001c0a8   0x0001c0a8   0x00000088   Code   RO          110    .text.uint64_to_str  am_util_stdio.o
    0x0001c130   0x0001c130   0x00000062   Code   RO          772    x$fpl$d2f           fz_wm.l(d2f.o)
    0x0001c192   0x0001c192   0x0000009c   Code   RO          775    x$fpl$dnaninf       fz_wm.l(dnaninf.o)
    0x0001c22e   0x0001c22e   0x0000001a   Code   RO          866    x$fpl$fpinit        fz_wm.l(fpinit.o)
    0x0001c248   0x0001c248   0x0000000a   Code   RO          777    x$fpl$fretinf       fz_wm.l(fretinf.o)
    0x0001c252   0x0001c252   0x00000000   Code   RO          779    x$fpl$usenofp       fz_wm.l(usenofp.o)
    0x0001c252   0x0001c252   0x00000003   Data   RO          195    .rodata.am_hal_cachectrl_defaults  libam_hal.lib(am_hal_cachectrl.o)
    0x0001c255   0x0001c255   0x00000005   Data   RO          196    .rodata.am_hal_daxi_defaults  libam_hal.lib(am_hal_cachectrl.o)
    0x0001c25a   0x0001c25a   0x00000002   PAD
    0x0001c25c   0x0001c25c   0x00000004   Data   RO          397    .rodata.am_hal_gpio_pincfg_output  libam_hal.lib(am_hal_gpio.o)
    0x0001c260   0x0001c260   0x00000190   Data   RO          750    .rodata.am_hal_pwrctrl_peripheral_control  libam_hal.lib(am_hal_pwrctrl.o)
    0x0001c3f0   0x0001c3f0   0x00000010   Data   RO          227    .rodata.cst16       libam_hal.lib(am_hal_mcuctrl.o)
    0x0001c400   0x0001c400   0x00000010   Data   RO          406    .rodata.cst16       libam_hal.lib(am_hal_gpio.o)
    0x0001c410   0x0001c410   0x00000006   Data   RO          751    .rodata.g_DefaultMcuMemCfg  libam_hal.lib(am_hal_pwrctrl.o)
    0x0001c416   0x0001c416   0x00000006   Data   RO          752    .rodata.g_DefaultSRAMCfg  libam_hal.lib(am_hal_pwrctrl.o)
    0x0001c41c   0x0001c41c   0x0000000d   Data   RO           81    .rodata.g_DeviceNameApollo4l  am_util_id.o
    0x0001c429   0x0001c429   0x0000002c   Data   RO           82    .rodata.g_TempRange  am_util_id.o
    0x0001c455   0x0001c455   0x00000003   PAD
    0x0001c458   0x0001c458   0x00000028   Data   RO          651    .rodata.g_am_hal_bootrom_helper  libam_hal.lib(am_hal_bootrom_helper.o)
    0x0001c480   0x0001c480   0x0000000c   Data   RO           30    .rodata.g_sUartConfig  hello_world_uart.o
    0x0001c48c   0x0001c48c   0x00000004   Data   RO          369    .rodata.g_ui32HALversion  libam_hal.lib(am_hal_global.o)
    0x0001c490   0x0001c490   0x0000000f   Data   RO           78    .rodata.g_ui8DeviceNameUnknown  am_util_id.o
    0x0001c49f   0x0001c49f   0x0000000e   Data   RO          368    .rodata.g_ui8HALcompiler  libam_hal.lib(am_hal_global.o)
    0x0001c4ad   0x0001c4ad   0x00000005   Data   RO           80    .rodata.g_ui8VendorNameAmbq  am_util_id.o
    0x0001c4b2   0x0001c4b2   0x00000005   Data   RO           79    .rodata.g_ui8VendorNameUnknown  am_util_id.o
    0x0001c4b7   0x0001c4b7   0x00000001   PAD
    0x0001c4b8   0x0001c4b8   0x0000001c   Data   RO           10    .rodata.sGlobalAccess  am_resources.o
    0x0001c4d4   0x0001c4d4   0x00000479   Data   RO           32    .rodata.str1.1      hello_world_uart.o
    0x0001c94d   0x0001c94d   0x00000013   Data   RO          133    .rodata.str1.1      am_util_stdio.o
    0x0001c960   0x0001c960   0x00000010   Data   RO          407    .rodata.str4.4      libam_hal.lib(am_hal_gpio.o)
    0x0001c970   0x0001c970   0x00000014   Data   RO            4    .rodata.ui32DSP0Allowed  am_resources.o
    0x0001c984   0x0001c984   0x00000014   Data   RO            5    .rodata.ui32DSP1Allowed  am_resources.o
    0x0001c998   0x0001c998   0x00000014   Data   RO            3    .rodata.ui32MCUAllowed  am_resources.o
    0x0001c9ac   0x0001c9ac   0x00000014   Data   RO            6    .rodata.ui32SharedAccess  am_resources.o
    0x0001c9c0   0x0001c9c0   0x00000030   Data   RO          941    Region$$Table       anon$$obj.o


    Execution Region MCU_TCM (Exec base: 0x10000000, Load base: 0x0001c9f0, Size: 0x000019b8, Max: 0x00060000, ABSOLUTE)

    Exec Addr    Load Addr    Size         Type   Attr      Idx    E Section Name        Object

    0x10000000   0x0001c9f0   0x00000018   Data   RW          359    .data..L_MergedGlobals  libam_hal.lib(am_hal_dcu.o)
    0x10000018   0x0001ca08   0x00000008   Data   RW          753    .data..L_MergedGlobals  libam_hal.lib(am_hal_pwrctrl.o)
    0x10000020   0x0001ca10   0x00000005   Data   RW          197    .data.gDaxiConfig   libam_hal.lib(am_hal_cachectrl.o)
    0x10000025   0x0001ca15   0x00000003   PAD
    0x10000028   0x0001ca18   0x00000004   Data   RW          501    .data.g_AM_BSP_GPIO_COM_UART_RX  libam_bsp.lib(am_bsp_pins.o)
    0x1000002c   0x0001ca1c   0x00000004   Data   RW          500    .data.g_AM_BSP_GPIO_COM_UART_TX  libam_bsp.lib(am_bsp_pins.o)
    0x10000030   0x0001ca20   0x00000001   Data   RW          749    .data.g_eCurrPwrMode  libam_hal.lib(am_hal_pwrctrl.o)
    0x10000031   0x0001ca21   0x00000007   PAD
    0x10000038        -       0x00000060   Zero   RW          806    .bss                c_w.l(libspace.o)
    0x10000098        -       0x00000024   Zero   RW          754    .bss..L_MergedGlobals.1  libam_hal.lib(am_hal_pwrctrl.o)
    0x100000bc        -       0x00000004   Zero   RW          259    .bss.gAmHalResetStatus  libam_hal.lib(am_hal_reset.o)
    0x100000c0        -       0x00000200   Zero   RW           64    .bss.gFaultStack    am_util_faultisr.o
    0x100002c0        -       0x00000004   Zero   RW          357    .bss.gStartOff      libam_hal.lib(am_hal_dcu.o)
    0x100002c4        -       0x000002e0   Zero   RW          328    .bss.g_am_hal_uart_states  libam_hal.lib(am_hal_uart.o)
    0x100005a4        -       0x00000001   Zero   RW          131    .bss.g_bTxtXlate    am_util_stdio.o
    0x100005a5   0x0001ca21   0x00000003   PAD
    0x100005a8        -       0x00000004   Zero   RW          130    .bss.g_pfnCharPrint  am_util_stdio.o
    0x100005ac        -       0x00000400   Zero   RW          132    .bss.g_prfbuf       am_util_stdio.o
    0x100009ac        -       0x00000004   Zero   RW           31    .bss.phUART         hello_world_uart.o
    0x100009b0        -       0x00000004   Zero   RW           29    .bss.ui32LastError  hello_world_uart.o
    0x100009b4   0x0001ca21   0x00000004   PAD
    0x100009b8        -       0x00000000   Zero   RW          165    HEAP                startup_keil6.o
    0x100009b8        -       0x00001000   Zero   RW          164    STACK               startup_keil6.o


    Execution Region SHARED_SRAM (Exec base: 0x10060000, Load base: 0x0001ca28, Size: 0x00000040, Max: 0x00100000, ABSOLUTE)

    Exec Addr    Load Addr    Size         Type   Attr      Idx    E Section Name        Object

    0x10060000   0x0001ca28   0x00000004   Data   RW           11    RESOURCE_TABLE      am_resources.o
    0x10060004   0x0001ca2c   0x00000014   Data   RW            7    SHARED_RW           am_resources.o
    0x10060018   0x0001ca40   0x00000014   Data   RW            8    SHARED_RW           am_resources.o
    0x1006002c   0x0001ca54   0x00000014   Data   RW            9    SHARED_RW           am_resources.o


==============================================================================

Image component sizes


      Code (inc. data)   RO Data    RW Data    ZI Data      Debug   Object Name

         0          0        108         64          0       1204   am_resources.o
       322          4          0          0        512       2279   am_util_faultisr.o
       294          0         82          0          0       3370   am_util_id.o
      3428        102         19          0       1029       8769   am_util_stdio.o
      1760          0       1157          0          8      52609   hello_world_uart.o
       588        530          0          0       4096       1416   startup_keil6.o

    ----------------------------------------------------------------------
      6412        636       1418         64       5652      69647   Object Totals
         0          0         48          0          0          0   (incl. Generated)
        20          0          4          0          7          0   (incl. Padding)

    ----------------------------------------------------------------------

      Code (inc. data)   RO Data    RW Data    ZI Data      Debug   Library Member Name

         8          0          0          0          0         68   __main.o
         0          0          0          0          0          0   __rtentry.o
        12          0          0          0          0          0   __rtentry2.o
         6          0          0          0          0          0   __rtentry4.o
        94          8          0          0          0          0   __scatter.o
        26          0          0          0          0         68   __scatter_copy.o
        28          0          0          0          0          0   __scatter_zi.o
        18          0          0          0          0         80   exit.o
         6          0          0          0          0        152   heapauxi.o
         0          0          0          0          0          0   indicate_semi.o
         2          0          0          0          0          0   libinit.o
         6          0          0          0          0          0   libinit2.o
         2          0          0          0          0          0   libshutdown.o
         2          0          0          0          0          0   libshutdown2.o
         8          4          0          0         96         68   libspace.o
         2          0          0          0          0          0   rtexit.o
        10          0          0          0          0          0   rtexit2.o
        12          4          0          0          0         68   sys_exit.o
        74          0          0          0          0         80   sys_stackheap_outer.o
         2          0          0          0          0         68   use_no_semi.o
        98          4          0          0          0        140   d2f.o
       156          4          0          0          0        140   dnaninf.o
        26          0          0          0          0        116   fpinit.o
        10          0          0          0          0        116   fretinf.o
         0          0          0          0          0          0   usenofp.o
        46          0          0          0          0        720   am_bsp.o
         0          0          0          8          0          0   am_bsp_pins.o
         0          0         40          0          0          0   am_hal_bootrom_helper.o
       548          4          8          5          0        236   am_hal_cachectrl.o
      1638          0          0         24          4        184   am_hal_dcu.o
        58          0          0          0          0         68   am_hal_fault.o
         0          0         18          0          0          0   am_hal_global.o
       418          6         36          0          0        356   am_hal_gpio.o
        22          0          0          0          0         68   am_hal_interrupt.o
       336          8         16          0          0        108   am_hal_mcuctrl.o
       176          0          0          0          0        168   am_hal_mram.o
      2496         20        412          9         36        436   am_hal_pwrctrl.o
       934          0          0          0          0        108   am_hal_queue.o
       120          0          0          0          4        168   am_hal_reset.o
        20          0          0          0          0        276   am_hal_rtc.o
       198          0          0          0          0        124   am_hal_security.o
       338          0          0          0          0        176   am_hal_sysctrl.o
      2262         24          0          0        736        692   am_hal_uart.o
       294          0          0          0          0        140   am_hal_utils.o

    ----------------------------------------------------------------------
     10566         86        532         52        880       5192   Library Totals
        54          0          2          6          4          0   (incl. Padding)

    ----------------------------------------------------------------------

      Code (inc. data)   RO Data    RW Data    ZI Data      Debug   Library Name

       318         16          0          0         96        652   c_w.l
       290          8          0          0          0        512   fz_wm.l
        46          0          0          8          0        720   libam_bsp.lib
      9858         62        530         38        780       3308   libam_hal.lib

    ----------------------------------------------------------------------
     10566         86        532         52        880       5192   Library Totals

    ----------------------------------------------------------------------

==============================================================================


      Code (inc. data)   RO Data    RW Data    ZI Data      Debug   

     16978        722       1950        116       6532      73851   Grand Totals
     16978        722       1950        116       6532      73851   ELF Image Totals
     16978        722       1950        116          0          0   ROM Totals

==============================================================================

    Total RO  Size (Code + RO Data)                18928 (  18.48kB)
    Total RW  Size (RW Data + ZI Data)              6648 (   6.49kB)
    Total ROM Size (Code + RO Data + RW Data)      19044 (  18.60kB)

==============================================================================

